Component: ARM Compiler 5.06 update 6 (build 750) Tool: armlink [4d35ed]

==============================================================================

Section Cross References

    startup_lpc17xx.o(STACK) refers (Special) to heapauxi.o(.text) for __use_two_region_memory
    startup_lpc17xx.o(HEAP) refers (Special) to heapauxi.o(.text) for __use_two_region_memory
    startup_lpc17xx.o(RESET) refers (Special) to heapauxi.o(.text) for __use_two_region_memory
    startup_lpc17xx.o(RESET) refers to startup_lpc17xx.o(STACK) for __initial_sp
    startup_lpc17xx.o(RESET) refers to startup_lpc17xx.o(.text) for Reset_Handler
    startup_lpc17xx.o(RESET) refers to musicien.o(.text) for TIMER0_IRQHandler
    startup_lpc17xx.o(RESET) refers to main.o(.text) for TIMER1_IRQHandler
    startup_lpc17xx.o(.ARM.__at_0x02FC) refers (Special) to heapauxi.o(.text) for __use_two_region_memory
    startup_lpc17xx.o(.text) refers (Special) to heapauxi.o(.text) for __use_two_region_memory
    startup_lpc17xx.o(.text) refers to system_lpc17xx.o(.text) for SystemInit
    startup_lpc17xx.o(.text) refers to __main.o(!!!main) for __main
    startup_lpc17xx.o(.text) refers to startup_lpc17xx.o(HEAP) for Heap_Mem
    startup_lpc17xx.o(.text) refers to startup_lpc17xx.o(STACK) for Stack_Mem
    system_lpc17xx.o(.text) refers to system_lpc17xx.o(.data) for SystemCoreClock
    lpc17xx_clkpwr.o(.text) refers to system_lpc17xx.o(.data) for SystemCoreClock
    lpc17xx_timer.o(.text) refers to lpc17xx_clkpwr.o(.text) for CLKPWR_GetPCLK
    lpc17xx_timer.o(.text) refers to lludivv7m.o(.text) for __aeabi_uldivmod
    lpc17xx_timer.o(.text) refers to main.o(.text) for check_failed
    lpc17xx_ssp.o(.text) refers to main.o(.text) for check_failed
    lpc17xx_ssp.o(.text) refers to lpc17xx_clkpwr.o(.text) for CLKPWR_GetPCLK
    lpc17xx_i2c.o(.text) refers to main.o(.text) for check_failed
    lpc17xx_i2c.o(.text) refers to lpc17xx_clkpwr.o(.text) for CLKPWR_GetPCLK
    lpc17xx_i2c.o(.text) refers to lpc17xx_i2c.o(.bss) for i2cdat
    lpc17xx_i2c.o(.text) refers to lpc17xx_i2c.o(.data) for I2C_MonitorBufferIndex
    main.o(.text) refers to lpc17xx_timer.o(.text) for TIM_Init
    main.o(.text) refers to lpc17xx_gpio.o(.text) for GPIO_ReadValue
    main.o(.text) refers to rt_memcpy_w.o(.text) for __aeabi_memcpy4
    main.o(.text) refers to lpc17xx_pinsel.o(.text) for PINSEL_ConfigPin
    main.o(.text) refers to ili_lcd_general.o(.text) for lcd_Initializtion
    main.o(.text) refers to touch_panel.o(.text) for touch_init
    main.o(.text) refers to memory.o(.text) for init_i2c_eeprom
    main.o(.text) refers to musicien.o(.text) for T0_Init
    main.o(.text) refers to display.o(.text) for initEnemy
    main.o(.text) refers to affichagelcd.o(.text) for dessiner_rect
    main.o(.text) refers to main.o(.data) for flagTouch
    main.o(.text) refers to main.o(.constdata) for .constdata
    main.o(.text) refers to main.o(.bss) for eY
    main.o(.text) refers to ffix.o(x$fpl$ffix) for __aeabi_f2iz
    ili_lcd_general.o(.text) refers to lpc17xx_gpio.o(.text) for FIO_SetDir
    ili_lcd_general.o(.text) refers to ili_lcd_general.o(i.write_cmd) for write_cmd
    ili_lcd_general.o(.text) refers to ili_lcd_general.o(i.lcd_send) for lcd_send
    ili_lcd_general.o(.text) refers to ili_lcd_general.o(i.wait_delay) for wait_delay
    ili_lcd_general.o(.text) refers to ili_lcd_general.o(i.write_reg) for write_reg
    ili_lcd_general.o(.text) refers to ili_lcd_general.o(i.read_data) for read_data
    ili_lcd_general.o(.text) refers to ili_lcd_general.o(.data) for deviceid
    lcd_api.o(.text) refers to ili_lcd_general.o(.text) for lcd_SetCursor
    affichagelcd.o(.text) refers to ili_lcd_general.o(.text) for lcd_SetCursor
    touch_panel.o(.text) refers to _printf_pad.o(.text) for _printf_pre_padding
    touch_panel.o(.text) refers to _printf_percent.o(.ARM.Collect$$_printf_percent$$00000000) for _printf_percent
    touch_panel.o(.text) refers to _printf_d.o(.ARM.Collect$$_printf_percent$$00000009) for _printf_d
    touch_panel.o(.text) refers to _printf_dec.o(.text) for _printf_int_dec
    touch_panel.o(.text) refers to lpc17xx_ssp.o(.text) for SSP_ReadWrite
    touch_panel.o(.text) refers to lpc17xx_pinsel.o(.text) for PINSEL_ConfigPin
    touch_panel.o(.text) refers to lpc17xx_gpio.o(.text) for GPIO_SetDir
    touch_panel.o(.text) refers to noretval__2sprintf.o(.text) for __2sprintf
    touch_panel.o(.text) refers to lcd_api.o(.text) for LCD_write_english_string
    touch_panel.o(.text) refers to touch_panel.o(.bss) for LCDSPI1Data
    touch_panel.o(.text) refers to main.o(.data) for touch_x
    display.o(.text) refers to ili_lcd_general.o(.text) for lcd_SetCursor
    display.o(.text) refers to display.o(.constdata) for a
    display.o(.text) refers to display.o(.data) for pDown
    display.o(.text) refers to memory.o(.text) for check_save
    display.o(.text) refers to noretval__2sprintf.o(.text) for __2sprintf
[...]
    ../clib/angel/rt.s                       0x00000000   Number         0  rt_raise.o ABSOLUTE
    ../clib/angel/rt.s                       0x00000000   Number         0  rt_errno_addr.o ABSOLUTE
    ../clib/angel/scatter.s                  0x00000000   Number         0  __scatter.o ABSOLUTE
    ../clib/angel/startup.s                  0x00000000   Number         0  __main.o ABSOLUTE
    ../clib/angel/sys.s                      0x00000000   Number         0  libspace.o ABSOLUTE
    ../clib/angel/sys.s                      0x00000000   Number         0  sys_stackheap_outer.o ABSOLUTE
    ../clib/angel/sys.s                      0x00000000   Number         0  indicate_semi.o ABSOLUTE
    ../clib/angel/sys.s                      0x00000000   Number         0  use_no_semi.o ABSOLUTE
    ../clib/angel/sysapp.c                   0x00000000   Number         0  sys_command.o ABSOLUTE
    ../clib/angel/sysapp.c                   0x00000000   Number         0  sys_wrch.o ABSOLUTE
    ../clib/angel/sysapp.c                   0x00000000   Number         0  sys_exit.o ABSOLUTE
    ../clib/armsys.c                         0x00000000   Number         0  argv_veneer.o ABSOLUTE
    ../clib/armsys.c                         0x00000000   Number         0  argv_veneer.o ABSOLUTE
    ../clib/armsys.c                         0x00000000   Number         0  _get_argv_nomalloc.o ABSOLUTE
    ../clib/armsys.c                         0x00000000   Number         0  no_argv.o ABSOLUTE
    ../clib/fenv.c                           0x00000000   Number         0  _rserrno.o ABSOLUTE
    ../clib/heapalloc.c                      0x00000000   Number         0  hrguard.o ABSOLUTE
    ../clib/heapaux.c                        0x00000000   Number         0  heapauxi.o ABSOLUTE
    ../clib/libinit.s                        0x00000000   Number         0  libshutdown2.o ABSOLUTE
    ../clib/libinit.s                        0x00000000   Number         0  libshutdown.o ABSOLUTE
    ../clib/libinit.s                        0x00000000   Number         0  libinit.o ABSOLUTE
    ../clib/libinit.s                        0x00000000   Number         0  libinit2.o ABSOLUTE
    ../clib/longlong.s                       0x00000000   Number         0  lludivv7m.o ABSOLUTE
    ../clib/memcpset.s                       0x00000000   Number         0  rt_memcpy_w.o ABSOLUTE
    ../clib/misc.s                           0x00000000   Number         0  printf_stubs.o ABSOLUTE
    ../clib/printf.c                         0x00000000   Number         0  __printf_flags_wp.o ABSOLUTE
    ../clib/printf.c                         0x00000000   Number         0  __printf_nopercent.o ABSOLUTE
    ../clib/printf.c                         0x00000000   Number         0  noretval__2sprintf.o ABSOLUTE
    ../clib/printf.c                         0x00000000   Number         0  __printf.o ABSOLUTE
    ../clib/printf.c                         0x00000000   Number         0  _printf_pad.o ABSOLUTE
    ../clib/printf.c                         0x00000000   Number         0  __2sprintf.o ABSOLUTE
    ../clib/printf.c                         0x00000000   Number         0  _printf_dec.o ABSOLUTE
    ../clib/printf.c                         0x00000000   Number         0  _printf_intcommon.o ABSOLUTE
    ../clib/printf.c                         0x00000000   Number         0  __printf_flags.o ABSOLUTE
    ../clib/printf.c                         0x00000000   Number         0  _printf_char_common.o ABSOLUTE
    ../clib/printf.c                         0x00000000   Number         0  __printf_ss.o ABSOLUTE
    ../clib/printf.c                         0x00000000   Number         0  __printf_ss_wp.o ABSOLUTE
    ../clib/printf.c                         0x00000000   Number         0  __printf_flags_ss.o ABSOLUTE
    ../clib/printf.c                         0x00000000   Number         0  __printf_wp.o ABSOLUTE
    ../clib/printf.c                         0x00000000   Number         0  _sputc.o ABSOLUTE
    ../clib/printf.c                         0x00000000   Number         0  __printf_flags_ss_wp.o ABSOLUTE
    ../clib/printf_percent.s                 0x00000000   Number         0  _printf_percent_end.o ABSOLUTE
    ../clib/printf_percent.s                 0x00000000   Number         0  _printf_d.o ABSOLUTE
    ../clib/printf_percent.s                 0x00000000   Number         0  _printf_percent.o ABSOLUTE
    ../clib/signal.c                         0x00000000   Number         0  defsig_pvfn_inner.o ABSOLUTE
    ../clib/signal.c                         0x00000000   Number         0  defsig_stak_inner.o ABSOLUTE
    ../clib/signal.c                         0x00000000   Number         0  defsig_rtred_inner.o ABSOLUTE
    ../clib/signal.c                         0x00000000   Number         0  defsig_abrt_inner.o ABSOLUTE
    ../clib/signal.c                         0x00000000   Number         0  defsig_rtmem_inner.o ABSOLUTE
    ../clib/signal.c                         0x00000000   Number         0  defsig_exit.o ABSOLUTE
    ../clib/signal.c                         0x00000000   Number         0  defsig_fpe_formal.o ABSOLUTE
    ../clib/signal.c                         0x00000000   Number         0  defsig_fpe_outer.o ABSOLUTE
    ../clib/signal.c                         0x00000000   Number         0  __raise.o ABSOLUTE
    ../clib/signal.c                         0x00000000   Number         0  defsig_fpe_inner.o ABSOLUTE
    ../clib/signal.c                         0x00000000   Number         0  defsig_rtmem_outer.o ABSOLUTE
    ../clib/signal.c                         0x00000000   Number         0  defsig_rtmem_formal.o ABSOLUTE
    ../clib/signal.c                         0x00000000   Number         0  defsig_other.o ABSOLUTE
    ../clib/signal.c                         0x00000000   Number         0  defsig_segv_inner.o ABSOLUTE
    ../clib/signal.c                         0x00000000   Number         0  defsig_cppl_inner.o ABSOLUTE
    ../clib/signal.c                         0x00000000   Number         0  defsig_general.o ABSOLUTE
    ../clib/signal.s                         0x00000000   Number         0  defsig.o ABSOLUTE
    ../clib/stdlib.c                         0x00000000   Number         0  rand.o ABSOLUTE
    ../clib/stdlib.c                         0x00000000   Number         0  rand.o ABSOLUTE
    ../clib/stdlib.c                         0x00000000   Number         0  exit.o ABSOLUTE
    ../fplib/d2f.s                           0x00000000   Number         0  d2f.o ABSOLUTE
    ../fplib/daddsub.s                       0x00000000   Number         0  daddsub_clz.o ABSOLUTE
    ../fplib/dcmpi.s                         0x00000000   Number         0  dcmpi.o ABSOLUTE
    ../fplib/dfixu.s                         0x00000000   Number         0  dfixu.o ABSOLUTE
    ../fplib/dflt.s                          0x00000000   Number         0  dflt_clz.o ABSOLUTE
    ../fplib/dleqf.s                         0x00000000   Number         0  dleqf.o ABSOLUTE
    ../fplib/dmul.s                          0x00000000   Number         0  dmul.o ABSOLUTE
    ../fplib/dnaninf.s                       0x00000000   Number         0  dnaninf.o ABSOLUTE
    ../fplib/dretinf.s                       0x00000000   Number         0  dretinf.o ABSOLUTE
    ../fplib/drleqf.s                        0x00000000   Number         0  drleqf.o ABSOLUTE
    ../fplib/dsqrt.s                         0x00000000   Number         0  dsqrt_noumaal.o ABSOLUTE
    ../fplib/f2d.s                           0x00000000   Number         0  f2d.o ABSOLUTE
    ../fplib/fcmpi.s                         0x00000000   Number         0  fcmpi.o ABSOLUTE
    ../fplib/ffix.s                          0x00000000   Number         0  ffix.o ABSOLUTE
    ../fplib/fleqf.s                         0x00000000   Number         0  fleqf.o ABSOLUTE
    ../fplib/fnaninf.s                       0x00000000   Number         0  fnaninf.o ABSOLUTE
    ../fplib/fpinit.s                        0x00000000   Number         0  fpinit.o ABSOLUTE
    ../fplib/fretinf.s                       0x00000000   Number         0  fretinf.o ABSOLUTE
    ../fplib/frleqf.s                        0x00000000   Number         0  frleqf.o ABSOLUTE
    ../fplib/usenofp.s                       0x00000000   Number         0  usenofp.o ABSOLUTE
    ../mathlib/floor.c                       0x00000000   Number         0  floor.o ABSOLUTE
    ../mathlib/sqrt.c                        0x00000000   Number         0  sqrt_x.o ABSOLUTE
    ../mathlib/sqrt.c                        0x00000000   Number         0  sqrt.o ABSOLUTE
    ..\Libraries\CM3\CoreSupport\core_cm3.c  0x00000000   Number         0  core_cm3.o ABSOLUTE
    ..\Libraries\CM3\DeviceSupport\NXP\LPC17xx\startup\arm\startup_LPC17xx.s 0x00000000   Number         0  startup_lpc17xx.o ABSOLUTE
    ..\Libraries\CM3\DeviceSupport\NXP\LPC17xx\system_LPC17xx.c 0x00000000   Number         0  system_lpc17xx.o ABSOLUTE
    ..\Libraries\LCP1768_StdPeriph_Driver\source\lpc17xx_clkpwr.c 0x00000000   Number         0  lpc17xx_clkpwr.o ABSOLUTE
    ..\Libraries\LCP1768_StdPeriph_Driver\source\lpc17xx_exti.c 0x00000000   Number         0  lpc17xx_exti.o ABSOLUTE
    ..\Libraries\LCP1768_StdPeriph_Driver\source\lpc17xx_gpio.c 0x00000000   Number         0  lpc17xx_gpio.o ABSOLUTE
    ..\Libraries\LCP1768_StdPeriph_Driver\source\lpc17xx_i2c.c 0x00000000   Number         0  lpc17xx_i2c.o ABSOLUTE
    ..\Libraries\LCP1768_StdPeriph_Driver\source\lpc17xx_nvic.c 0x00000000   Number         0  lpc17xx_nvic.o ABSOLUTE
    ..\Libraries\LCP1768_StdPeriph_Driver\source\lpc17xx_pinsel.c 0x00000000   Number         0  lpc17xx_pinsel.o ABSOLUTE
    ..\Libraries\LCP1768_StdPeriph_Driver\source\lpc17xx_ssp.c 0x00000000   Number         0  lpc17xx_ssp.o ABSOLUTE
    ..\Libraries\LCP1768_StdPeriph_Driver\source\lpc17xx_timer.c 0x00000000   Number         0  lpc17xx_timer.o ABSOLUTE
    ..\User\affichagelcd.c                   0x00000000   Number         0  affichagelcd.o ABSOLUTE
    ..\User\display.c                        0x00000000   Number         0  display.o ABSOLUTE
    ..\User\main.c                           0x00000000   Number         0  main.o ABSOLUTE
    ..\User\memory.c                         0x00000000   Number         0  memory.o ABSOLUTE
    ..\User\musicien.c                       0x00000000   Number         0  musicien.o ABSOLUTE
    ..\User\touch\english_16x8.c             0x00000000   Number         0  english_16x8.o ABSOLUTE
    ..\User\touch\ili_lcd_general.c          0x00000000   Number         0  ili_lcd_general.o ABSOLUTE
    ..\User\touch\lcd_api.c                  0x00000000   Number         0  lcd_api.o ABSOLUTE
    ..\User\touch\touch_panel.c              0x00000000   Number         0  touch_panel.o ABSOLUTE
    ..\\Libraries\\CM3\\DeviceSupport\\NXP\\LPC17xx\\system_LPC17xx.c 0x00000000   Number         0  system_lpc17xx.o ABSOLUTE
    ..\\Libraries\\LCP1768_StdPeriph_Driver\\source\\lpc17xx_clkpwr.c 0x00000000   Number         0  lpc17xx_clkpwr.o ABSOLUTE
    ..\\Libraries\\LCP1768_StdPeriph_Driver\\source\\lpc17xx_exti.c 0x00000000   Number         0  lpc17xx_exti.o ABSOLUTE
    ..\\Libraries\\LCP1768_StdPeriph_Driver\\source\\lpc17xx_gpio.c 0x00000000   Number         0  lpc17xx_gpio.o ABSOLUTE
    ..\\Libraries\\LCP1768_StdPeriph_Driver\\source\\lpc17xx_i2c.c 0x00000000   Number         0  lpc17xx_i2c.o ABSOLUTE
    ..\\Libraries\\LCP1768_StdPeriph_Driver\\source\\lpc17xx_nvic.c 0x00000000   Number         0  lpc17xx_nvic.o ABSOLUTE
    ..\\Libraries\\LCP1768_StdPeriph_Driver\\source\\lpc17xx_pinsel.c 0x00000000   Number         0  lpc17xx_pinsel.o ABSOLUTE
    ..\\Libraries\\LCP1768_StdPeriph_Driver\\source\\lpc17xx_ssp.c 0x00000000   Number         0  lpc17xx_ssp.o ABSOLUTE
    ..\\Libraries\\LCP1768_StdPeriph_Driver\\source\\lpc17xx_timer.c 0x00000000   Number         0  lpc17xx_timer.o ABSOLUTE
    ..\\User\\affichagelcd.c                 0x00000000   Number         0  affichagelcd.o ABSOLUTE
    ..\\User\\display.c                      0x00000000   Number         0  display.o ABSOLUTE
    ..\\User\\main.c                         0x00000000   Number         0  main.o ABSOLUTE
    ..\\User\\memory.c                       0x00000000   Number         0  memory.o ABSOLUTE
    ..\\User\\musicien.c                     0x00000000   Number         0  musicien.o ABSOLUTE
    ..\\User\\touch\\ili_lcd_general.c       0x00000000   Number         0  ili_lcd_general.o ABSOLUTE
    ..\\User\\touch\\lcd_api.c               0x00000000   Number         0  lcd_api.o ABSOLUTE
    ..\\User\\touch\\touch_panel.c           0x00000000   Number         0  touch_panel.o ABSOLUTE
    dc.s                                     0x00000000   Number         0  dc.o ABSOLUTE
    !!!main                                  0x000000cc   Section        8  __main.o(!!!main)
    !!!scatter                               0x000000d4   Section       52  __scatter.o(!!!scatter)
    !!dczerorl2                              0x00000108   Section       90  __dczerorl2.o(!!dczerorl2)
    !!handler_zi                             0x00000164   Section       28  __scatter_zi.o(!!handler_zi)
    .ARM.Collect$$_printf_percent$$00000000  0x00000180   Section        0  _printf_percent.o(.ARM.Collect$$_printf_percent$$00000000)
    .ARM.Collect$$_printf_percent$$00000009  0x00000180   Section        6  _printf_d.o(.ARM.Collect$$_printf_percent$$00000009)
    .ARM.Collect$$_printf_percent$$00000017  0x00000186   Section        4  _printf_percent_end.o(.ARM.Collect$$_printf_percent$$00000017)
    .ARM.Collect$$libinit$$00000000          0x0000018a   Section        2  libinit.o(.ARM.Collect$$libinit$$00000000)
    .ARM.Collect$$libinit$$00000002          0x0000018c   Section        0  libinit2.o(.ARM.Collect$$libinit$$00000002)
    .ARM.Collect$$libinit$$00000004          0x0000018c   Section        0  libinit2.o(.ARM.Collect$$libinit$$00000004)
    .ARM.Collect$$libinit$$0000000A          0x0000018c   Section        0  libinit2.o(.ARM.Collect$$libinit$$0000000A)
    .ARM.Collect$$libinit$$0000000C          0x0000018c   Section        0  libinit2.o(.ARM.Collect$$libinit$$0000000C)
    .ARM.Collect$$libinit$$0000000D          0x0000018c   Section        4  libinit2.o(.ARM.Collect$$libinit$$0000000D)
    .ARM.Collect$$libinit$$0000000E          0x00000190   Section        0  libinit2.o(.ARM.Collect$$libinit$$0000000E)
    .ARM.Collect$$libinit$$00000011          0x00000190   Section        0  libinit2.o(.ARM.Collect$$libinit$$00000011)
    .ARM.Collect$$libinit$$00000013          0x00000190   Section        0  libinit2.o(.ARM.Collect$$libinit$$00000013)
    .ARM.Collect$$libinit$$00000015          0x00000190   Section        0  libinit2.o(.ARM.Collect$$libinit$$00000015)
    .ARM.Collect$$libinit$$00000017          0x00000190   Section        0  libinit2.o(.ARM.Collect$$libinit$$00000017)
    .ARM.Collect$$libinit$$00000019          0x00000190   Section        0  libinit2.o(.ARM.Collect$$libinit$$00000019)
    .ARM.Collect$$libinit$$0000001B          0x00000190   Section        0  libinit2.o(.ARM.Collect$$libinit$$0000001B)
    .ARM.Collect$$libinit$$0000001D          0x00000190   Section        0  libinit2.o(.ARM.Collect$$libinit$$0000001D)
    .ARM.Collect$$libinit$$0000001F          0x00000190   Section        0  libinit2.o(.ARM.Collect$$libinit$$0000001F)
    .ARM.Collect$$libinit$$00000021          0x00000190   Section        0  libinit2.o(.ARM.Collect$$libinit$$00000021)
    .ARM.Collect$$libinit$$00000023          0x00000190   Section        0  libinit2.o(.ARM.Collect$$libinit$$00000023)
    .ARM.Collect$$libinit$$00000025          0x00000190   Section        0  libinit2.o(.ARM.Collect$$libinit$$00000025)
    .ARM.Collect$$libinit$$0000002C          0x00000190   Section        0  libinit2.o(.ARM.Collect$$libinit$$0000002C)
    .ARM.Collect$$libinit$$0000002E          0x00000190   Section        0  libinit2.o(.ARM.Collect$$libinit$$0000002E)
    .ARM.Collect$$libinit$$00000030          0x00000190   Section        0  libinit2.o(.ARM.Collect$$libinit$$00000030)
    .ARM.Collect$$libinit$$00000032          0x00000190   Section        0  libinit2.o(.ARM.Collect$$libinit$$00000032)
    .ARM.Collect$$libinit$$00000033          0x00000190   Section        2  libinit2.o(.ARM.Collect$$libinit$$00000033)
    .ARM.Collect$$libshutdown$$00000000      0x00000192   Section        2  libshutdown.o(.ARM.Collect$$libshutdown$$00000000)
    .ARM.Collect$$libshutdown$$00000002      0x00000194   Section        0  libshutdown2.o(.ARM.Collect$$libshutdown$$00000002)
    .ARM.Collect$$libshutdown$$00000004      0x00000194   Section        0  libshutdown2.o(.ARM.Collect$$libshutdown$$00000004)
    .ARM.Collect$$libshutdown$$00000007      0x00000194   Section        0  libshutdown2.o(.ARM.Collect$$libshutdown$$00000007)
    .ARM.Collect$$libshutdown$$0000000A      0x00000194   Section        0  libshutdown2.o(.ARM.Collect$$libshutdown$$0000000A)
    .ARM.Collect$$libshutdown$$0000000C      0x00000194   Section        0  libshutdown2.o(.ARM.Collect$$libshutdown$$0000000C)
    .ARM.Collect$$libshutdown$$0000000F      0x00000194   Section        0  libshutdown2.o(.ARM.Collect$$libshutdown$$0000000F)
    .ARM.Collect$$libshutdown$$00000010      0x00000194   Section        2  libshutdown2.o(.ARM.Collect$$libshutdown$$00000010)
    .ARM.Collect$$rtentry$$00000000          0x00000196   Section        0  __rtentry.o(.ARM.Collect$$rtentry$$00000000)
    .ARM.Collect$$rtentry$$00000002          0x00000196   Section        0  __rtentry2.o(.ARM.Collect$$rtentry$$00000002)
    .ARM.Collect$$rtentry$$00000004          0x00000196   Section        6  __rtentry4.o(.ARM.Collect$$rtentry$$00000004)
    .ARM.Collect$$rtentry$$00000009          0x0000019c   Section        0  __rtentry2.o(.ARM.Collect$$rtentry$$00000009)
    .ARM.Collect$$rtentry$$0000000A          0x0000019c   Section        4  __rtentry2.o(.ARM.Collect$$rtentry$$0000000A)
    .ARM.Collect$$rtentry$$0000000C          0x000001a0   Section        0  __rtentry2.o(.ARM.Collect$$rtentry$$0000000C)
    .ARM.Collect$$rtentry$$0000000D          0x000001a0   Section        8  __rtentry2.o(.ARM.Collect$$rtentry$$0000000D)
    .ARM.Collect$$rtexit$$00000000           0x000001a8   Section        2  rtexit.o(.ARM.Collect$$rtexit$$00000000)
    .ARM.Collect$$rtexit$$00000002           0x000001aa   Section        0  rtexit2.o(.ARM.Collect$$rtexit$$00000002)
    .ARM.Collect$$rtexit$$00000003           0x000001aa   Section        4  rtexit2.o(.ARM.Collect$$rtexit$$00000003)
    .ARM.Collect$$rtexit$$00000004           0x000001ae   Section        6  rtexit2.o(.ARM.Collect$$rtexit$$00000004)
    .emb_text                                0x000001b4   Section       52  rand.o(.emb_text)
    .text                                    0x000001e8   Section       60  startup_lpc17xx.o(.text)
    .text                                    0x00000224   Section        0  lcd_api.o(.text)
    .text                                    0x000002c8   Section        0  noretval__2sprintf.o(.text)
    .text                                    0x000002f0   Section        0  heapauxi.o(.text)
    .text                                    0x000002f6   Section        2  use_no_semi.o(.text)
    .text                                    0x000002f8   Section        0  indicate_semi.o(.text)
    x$fpl$usenofp                            0x000002f8   Section        0  usenofp.o(x$fpl$usenofp)
    .ARM.__at_0x02FC                         0x000002fc   Section        4  startup_lpc17xx.o(.ARM.__at_0x02FC)
    .text                                    0x00000300   Section        0  system_lpc17xx.o(.text)
    .text                                    0x00000580   Section        0  lpc17xx_clkpwr.o(.text)
    .text                                    0x000006c0   Section        0  lpc17xx_gpio.o(.text)
    GPIO_GetPointer                          0x000006c1   Thumb Code    52  lpc17xx_gpio.o(.text)
    FIO_HalfWordGetPointer                   0x000006f5   Thumb Code    52  lpc17xx_gpio.o(.text)
    FIO_ByteGetPointer                       0x00000729   Thumb Code    52  lpc17xx_gpio.o(.text)
    .text                                    0x00000acc   Section        0  lpc17xx_pinsel.o(.text)
    set_PinFunc                              0x00000acd   Thumb Code    60  lpc17xx_pinsel.o(.text)
    set_ResistorMode                         0x00000b09   Thumb Code    62  lpc17xx_pinsel.o(.text)
    set_OpenDrainMode                        0x00000b47   Thumb Code    44  lpc17xx_pinsel.o(.text)
    .text                                    0x00000bcc   Section        0  lpc17xx_timer.o(.text)
    getPClock                                0x00000bcd   Thumb Code    66  lpc17xx_timer.o(.text)
    converUSecToVal                          0x00000c0f   Thumb Code    50  lpc17xx_timer.o(.text)
    converPtrToTimeNum                       0x00000c41   Thumb Code    46  lpc17xx_timer.o(.text)
    .text                                    0x00001250   Section        0  lpc17xx_ssp.o(.text)
    setSSPclock                              0x00001251   Thumb Code   130  lpc17xx_ssp.o(.text)
    .text                                    0x00001920   Section        0  lpc17xx_i2c.o(.text)
    I2C_getNum                               0x00001921   Thumb Code    38  lpc17xx_i2c.o(.text)
    I2C_Start                                0x00001947   Thumb Code    34  lpc17xx_i2c.o(.text)
    I2C_Stop                                 0x00001969   Thumb Code    22  lpc17xx_i2c.o(.text)
    I2C_SendByte                             0x0000197f   Thumb Code    42  lpc17xx_i2c.o(.text)
    I2C_GetByte                              0x000019a9   Thumb Code    44  lpc17xx_i2c.o(.text)
    I2C_SetClock                             0x000019d5   Thumb Code    98  lpc17xx_i2c.o(.text)
    NVIC_EnableIRQ                           0x00002481   Thumb Code    22  lpc17xx_i2c.o(.text)
    NVIC_DisableIRQ                          0x00002497   Thumb Code    18  lpc17xx_i2c.o(.text)
    .text                                    0x000024c8   Section        0  main.o(.text)
    .text                                    0x00003034   Section        0  ili_lcd_general.o(.text)
    delay                                    0x00003035   Thumb Code    14  ili_lcd_general.o(.text)
    lcd_port_init                            0x00003043   Thumb Code    48  ili_lcd_general.o(.text)
    .text                                    0x00003b48   Section        0  affichagelcd.o(.text)
    .text                                    0x00003c38   Section        0  touch_panel.o(.text)
    .text                                    0x00004010   Section        0  display.o(.text)
    .text                                    0x000054e8   Section        0  memory.o(.text)
    .text                                    0x00005800   Section        0  musicien.o(.text)
    .text                                    0x00005a0c   Section      238  lludivv7m.o(.text)
    .text                                    0x00005afa   Section        0  _printf_pad.o(.text)
    .text                                    0x00005b48   Section        0  _printf_dec.o(.text)
    .text                                    0x00005bc0   Section        0  __printf_flags_wp.o(.text)
    .text                                    0x00005cf8   Section        0  rand.o(.text)
    .text                                    0x00005d34   Section      100  rt_memcpy_w.o(.text)
    .text                                    0x00005d98   Section        0  _rserrno.o(.text)
    .text                                    0x00005dae   Section        0  _printf_intcommon.o(.text)
    .text                                    0x00005e60   Section        0  _printf_char_common.o(.text)
    _printf_input_char                       0x00005e61   Thumb Code    10  _printf_char_common.o(.text)
    .text                                    0x00005e90   Section        0  _sputc.o(.text)
    .text                                    0x00005e9c   Section        8  rt_errno_addr_intlibspace.o(.text)
    .text                                    0x00005ea4   Section        8  libspace.o(.text)
    .text                                    0x00005eac   Section       74  sys_stackheap_outer.o(.text)
    .text                                    0x00005ef6   Section        0  exit.o(.text)
    .text                                    0x00005f08   Section        0  sys_exit.o(.text)
    i._is_digit                              0x00005f14   Section        0  __printf_wp.o(i._is_digit)
    i.floor                                  0x00005f24   Section        0  floor.o(i.floor)
    i.lcd_send                               0x00006000   Section        0  ili_lcd_general.o(i.lcd_send)
    i.read_data                              0x0000602c   Section        0  ili_lcd_general.o(i.read_data)
    i.sqrt                                   0x000060a4   Section        0  sqrt.o(i.sqrt)
    i.wait_delay                             0x000060f0   Section        0  ili_lcd_general.o(i.wait_delay)
    i.write_cmd                              0x00006104   Section        0  ili_lcd_general.o(i.write_cmd)
    i.write_reg                              0x00006144   Section        0  ili_lcd_general.o(i.write_reg)
    x$fpl$d2f                                0x00006158   Section       98  d2f.o(x$fpl$d2f)
    x$fpl$dadd                               0x000061bc   Section      336  daddsub_clz.o(x$fpl$dadd)
    _dadd1                                   0x000061cd   Thumb Code     0  daddsub_clz.o(x$fpl$dadd)
    x$fpl$dcmpinf                            0x0000630c   Section       24  dcmpi.o(x$fpl$dcmpinf)
    x$fpl$dfixu                              0x00006324   Section       90  dfixu.o(x$fpl$dfixu)
    x$fpl$dflt                               0x0000637e   Section       46  dflt_clz.o(x$fpl$dflt)
    x$fpl$dleqf                              0x000063ac   Section      120  dleqf.o(x$fpl$dleqf)
    x$fpl$dmul                               0x00006424   Section      340  dmul.o(x$fpl$dmul)
    x$fpl$dnaninf                            0x00006578   Section      156  dnaninf.o(x$fpl$dnaninf)
    x$fpl$dretinf                            0x00006614   Section       12  dretinf.o(x$fpl$dretinf)
    x$fpl$drleqf                             0x00006620   Section      108  drleqf.o(x$fpl$drleqf)
    x$fpl$drsb                               0x0000668c   Section       22  daddsub_clz.o(x$fpl$drsb)
    x$fpl$dsqrt                              0x000066a4   Section      460  dsqrt_noumaal.o(x$fpl$dsqrt)
    x$fpl$dsub                               0x00006870   Section      468  daddsub_clz.o(x$fpl$dsub)
    _dsub1                                   0x00006881   Thumb Code     0  daddsub_clz.o(x$fpl$dsub)
    x$fpl$f2d                                0x00006a44   Section       86  f2d.o(x$fpl$f2d)
    x$fpl$fcmpinf                            0x00006a9a   Section       24  fcmpi.o(x$fpl$fcmpinf)
    x$fpl$ffix                               0x00006ab4   Section       54  ffix.o(x$fpl$ffix)
    x$fpl$fleqf                              0x00006aec   Section      104  fleqf.o(x$fpl$fleqf)
    x$fpl$fnaninf                            0x00006b54   Section      140  fnaninf.o(x$fpl$fnaninf)
    x$fpl$fretinf                            0x00006be0   Section       10  fretinf.o(x$fpl$fretinf)
    x$fpl$frleqf                             0x00006bea   Section       98  frleqf.o(x$fpl$frleqf)
    .constdata                               0x00006c4c   Section       48  main.o(.constdata)
    .constdata                               0x00006c7c   Section     4456  display.o(.constdata)
    .constdata                               0x00007de4   Section       17  __printf_flags_wp.o(.constdata)
    maptable                                 0x00007de4   Data          17  __printf_flags_wp.o(.constdata)
    .data                                    0x10000000   Section        4  system_lpc17xx.o(.data)
    .data                                    0x10000004   Section        4  lpc17xx_i2c.o(.data)
    I2C_MonitorBufferIndex                   0x10000004   Data           4  lpc17xx_i2c.o(.data)
    .data                                    0x10000008   Section       29  main.o(.data)
    .data                                    0x10000026   Section        2  ili_lcd_general.o(.data)
    deviceid                                 0x10000026   Data           2  ili_lcd_general.o(.data)
    .data                                    0x10000028   Section      125  display.o(.data)
    .data                                    0x100000a8   Section      167  musicien.o(.data)
    .bss                                     0x10000150   Section       48  lpc17xx_i2c.o(.bss)
    i2cdat                                   0x10000150   Data          24  lpc17xx_i2c.o(.bss)
    I2C_SlaveComplete                        0x10000174   Data          12  lpc17xx_i2c.o(.bss)
    .bss                                     0x10000180   Section       78  main.o(.bss)
    .bss                                     0x100001d0   Section       24  touch_panel.o(.bss)
    .bss                                     0x100001e8   Section      228  rand.o(.bss)
    .bss                                     0x100002cc   Section       96  libspace.o(.bss)
    HEAP                                     0x10000330   Section        0  startup_lpc17xx.o(HEAP)
    STACK                                    0x10000330   Section      512  startup_lpc17xx.o(STACK)
    Heap_Mem                                 0x10000330   Data           0  startup_lpc17xx.o(HEAP)
    Stack_Mem                                0x10000330   Data         512  startup_lpc17xx.o(STACK)
    __initial_sp                             0x10000530   Data           0  startup_lpc17xx.o(STACK)

    Global Symbols

    Symbol Name                              Value     Ov Type        Size  Object(Section)

    BuildAttributes$$THM_ISAv4$P$D$K$B$S$PE$A:L22UL41UL21$X:L11$S22US41US21$IEEE1$IW$USESV6$~STKCKD$USESV7$ENUMINT$~SHL$OTIME$ROPI$IEEEJ$EBA8$UX$STANDARDLIB$REQ8$PRES8$EABIv2 0x00000000   Number         0  anon$$obj.o ABSOLUTE
    __ARM_use_no_argv                        0x00000000   Number         0  main.o ABSOLUTE
    __Vectors                                0x00000000   Data           4  startup_lpc17xx.o(RESET)
    _printf_flags                            0x00000000   Number         0  printf_stubs.o ABSOLUTE
    _printf_return_value                     0x00000000   Number         0  printf_stubs.o ABSOLUTE
    _printf_sizespec                         0x00000000   Number         0  printf_stubs.o ABSOLUTE
    _printf_widthprec                        0x00000000   Number         0  printf_stubs.o ABSOLUTE
    __ARM_exceptions_init                     - Undefined Weak Reference
    __alloca_initialize                       - Undefined Weak Reference
    __arm_preinit_                            - Undefined Weak Reference
    __cpp_initialize__aeabi_                  - Undefined Weak Reference
    __cxa_finalize                            - Undefined Weak Reference
    __rt_locale                               - Undefined Weak Reference
    __sigvec_lookup                           - Undefined Weak Reference
    _atexit_init                              - Undefined Weak Reference
    _call_atexit_fns                          - Undefined Weak Reference
    _clock_init                               - Undefined Weak Reference
    _fp_trap_init                             - Undefined Weak Reference
    _fp_trap_shutdown                         - Undefined Weak Reference
    _get_lc_collate                           - Undefined Weak Reference
    _get_lc_ctype                             - Undefined Weak Reference
    _get_lc_monetary                          - Undefined Weak Reference
    _get_lc_numeric                           - Undefined Weak Reference
    _get_lc_time                              - Undefined Weak Reference
    _getenv_init                              - Undefined Weak Reference
    _handle_redirection                       - Undefined Weak Reference
    _init_alloc                               - Undefined Weak Reference
    _init_user_alloc                          - Undefined Weak Reference
    _initio                                   - Undefined Weak Reference
    _printf_truncate_signed                   - Undefined Weak Reference
    _printf_truncate_unsigned                 - Undefined Weak Reference
    _signal_finish                            - Undefined Weak Reference
    _signal_init                              - Undefined Weak Reference
    _terminate_alloc                          - Undefined Weak Reference
    _terminate_user_alloc                     - Undefined Weak Reference
    _terminateio                              - Undefined Weak Reference
    __main                                   0x000000cd   Thumb Code     8  __main.o(!!!main)
    __scatterload                            0x000000d5   Thumb Code     0  __scatter.o(!!!scatter)
    __scatterload_rt2                        0x000000d5   Thumb Code    44  __scatter.o(!!!scatter)
    __scatterload_rt2_thumb_only             0x000000d5   Thumb Code     0  __scatter.o(!!!scatter)
    __scatterload_null                       0x000000e3   Thumb Code     0  __scatter.o(!!!scatter)
    __decompress                             0x00000109   Thumb Code    90  __dczerorl2.o(!!dczerorl2)
    __decompress1                            0x00000109   Thumb Code     0  __dczerorl2.o(!!dczerorl2)
    __scatterload_zeroinit                   0x00000165   Thumb Code    28  __scatter_zi.o(!!handler_zi)
    _printf_d                                0x00000181   Thumb Code     0  _printf_d.o(.ARM.Collect$$_printf_percent$$00000009)
    _printf_percent                          0x00000181   Thumb Code     0  _printf_percent.o(.ARM.Collect$$_printf_percent$$00000000)
    _printf_percent_end                      0x00000187   Thumb Code     0  _printf_percent_end.o(.ARM.Collect$$_printf_percent$$00000017)
    __rt_lib_init                            0x0000018b   Thumb Code     0  libinit.o(.ARM.Collect$$libinit$$00000000)
    __rt_lib_init_fp_1                       0x0000018d   Thumb Code     0  libinit2.o(.ARM.Collect$$libinit$$00000002)
    __rt_lib_init_heap_1                     0x0000018d   Thumb Code     0  libinit2.o(.ARM.Collect$$libinit$$0000000A)
    __rt_lib_init_preinit_1                  0x0000018d   Thumb Code     0  libinit2.o(.ARM.Collect$$libinit$$00000004)
    __rt_lib_init_rand_2                     0x0000018d   Thumb Code     0  libinit2.o(.ARM.Collect$$libinit$$0000000D)
    __rt_lib_init_user_alloc_1               0x0000018d   Thumb Code     0  libinit2.o(.ARM.Collect$$libinit$$0000000C)
    __rt_lib_init_alloca_1                   0x00000191   Thumb Code     0  libinit2.o(.ARM.Collect$$libinit$$0000002E)
    __rt_lib_init_argv_1                     0x00000191   Thumb Code     0  libinit2.o(.ARM.Collect$$libinit$$0000002C)
    __rt_lib_init_atexit_1                   0x00000191   Thumb Code     0  libinit2.o(.ARM.Collect$$libinit$$0000001B)
    __rt_lib_init_clock_1                    0x00000191   Thumb Code     0  libinit2.o(.ARM.Collect$$libinit$$00000021)
    __rt_lib_init_cpp_1                      0x00000191   Thumb Code     0  libinit2.o(.ARM.Collect$$libinit$$00000032)
    __rt_lib_init_exceptions_1               0x00000191   Thumb Code     0  libinit2.o(.ARM.Collect$$libinit$$00000030)
    __rt_lib_init_fp_trap_1                  0x00000191   Thumb Code     0  libinit2.o(.ARM.Collect$$libinit$$0000001F)
    __rt_lib_init_getenv_1                   0x00000191   Thumb Code     0  libinit2.o(.ARM.Collect$$libinit$$00000023)
    __rt_lib_init_lc_collate_1               0x00000191   Thumb Code     0  libinit2.o(.ARM.Collect$$libinit$$00000011)
    __rt_lib_init_lc_ctype_1                 0x00000191   Thumb Code     0  libinit2.o(.ARM.Collect$$libinit$$00000013)
    __rt_lib_init_lc_monetary_1              0x00000191   Thumb Code     0  libinit2.o(.ARM.Collect$$libinit$$00000015)
    __rt_lib_init_lc_numeric_1               0x00000191   Thumb Code     0  libinit2.o(.ARM.Collect$$libinit$$00000017)
    __rt_lib_init_lc_time_1                  0x00000191   Thumb Code     0  libinit2.o(.ARM.Collect$$libinit$$00000019)
    __rt_lib_init_rand_1                     0x00000191   Thumb Code     0  libinit2.o(.ARM.Collect$$libinit$$0000000E)
    __rt_lib_init_return                     0x00000191   Thumb Code     0  libinit2.o(.ARM.Collect$$libinit$$00000033)
    __rt_lib_init_signal_1                   0x00000191   Thumb Code     0  libinit2.o(.ARM.Collect$$libinit$$0000001D)
    __rt_lib_init_stdio_1                    0x00000191   Thumb Code     0  libinit2.o(.ARM.Collect$$libinit$$00000025)
    __rt_lib_shutdown                        0x00000193   Thumb Code     0  libshutdown.o(.ARM.Collect$$libshutdown$$00000000)
    __rt_lib_shutdown_cpp_1                  0x00000195   Thumb Code     0  libshutdown2.o(.ARM.Collect$$libshutdown$$00000002)
    __rt_lib_shutdown_fp_trap_1              0x00000195   Thumb Code     0  libshutdown2.o(.ARM.Collect$$libshutdown$$00000007)
    __rt_lib_shutdown_heap_1                 0x00000195   Thumb Code     0  libshutdown2.o(.ARM.Collect$$libshutdown$$0000000F)
    __rt_lib_shutdown_return                 0x00000195   Thumb Code     0  libshutdown2.o(.ARM.Collect$$libshutdown$$00000010)
    __rt_lib_shutdown_signal_1               0x00000195   Thumb Code     0  libshutdown2.o(.ARM.Collect$$libshutdown$$0000000A)
    __rt_lib_shutdown_stdio_1                0x00000195   Thumb Code     0  libshutdown2.o(.ARM.Collect$$libshutdown$$00000004)
    __rt_lib_shutdown_user_alloc_1           0x00000195   Thumb Code     0  libshutdown2.o(.ARM.Collect$$libshutdown$$0000000C)
    __rt_entry                               0x00000197   Thumb Code     0  __rtentry.o(.ARM.Collect$$rtentry$$00000000)
    __rt_entry_presh_1                       0x00000197   Thumb Code     0  __rtentry2.o(.ARM.Collect$$rtentry$$00000002)
    __rt_entry_sh                            0x00000197   Thumb Code     0  __rtentry4.o(.ARM.Collect$$rtentry$$00000004)
    __rt_entry_li                            0x0000019d   Thumb Code     0  __rtentry2.o(.ARM.Collect$$rtentry$$0000000A)
    __rt_entry_postsh_1                      0x0000019d   Thumb Code     0  __rtentry2.o(.ARM.Collect$$rtentry$$00000009)
    __rt_entry_main                          0x000001a1   Thumb Code     0  __rtentry2.o(.ARM.Collect$$rtentry$$0000000D)
    __rt_entry_postli_1                      0x000001a1   Thumb Code     0  __rtentry2.o(.ARM.Collect$$rtentry$$0000000C)
    __rt_exit                                0x000001a9   Thumb Code     0  rtexit.o(.ARM.Collect$$rtexit$$00000000)
    __rt_exit_ls                             0x000001ab   Thumb Code     0  rtexit2.o(.ARM.Collect$$rtexit$$00000003)
    __rt_exit_prels_1                        0x000001ab   Thumb Code     0  rtexit2.o(.ARM.Collect$$rtexit$$00000002)
    __rt_exit_exit                           0x000001af   Thumb Code     0  rtexit2.o(.ARM.Collect$$rtexit$$00000004)
    rand                                     0x000001b5   Thumb Code    48  rand.o(.emb_text)
    Reset_Handler                            0x000001e9   Thumb Code     8  startup_lpc17xx.o(.text)
    NMI_Handler                              0x000001f1   Thumb Code     2  startup_lpc17xx.o(.text)
    HardFault_Handler                        0x000001f3   Thumb Code     2  startup_lpc17xx.o(.text)
    MemManage_Handler                        0x000001f5   Thumb Code     2  startup_lpc17xx.o(.text)
    BusFault_Handler                         0x000001f7   Thumb Code     2  startup_lpc17xx.o(.text)
    UsageFault_Handler                       0x000001f9   Thumb Code     2  startup_lpc17xx.o(.text)
    SVC_Handler                              0x000001fb   Thumb Code     2  startup_lpc17xx.o(.text)
    DebugMon_Handler                         0x000001fd   Thumb Code     2  startup_lpc17xx.o(.text)
    PendSV_Handler                           0x000001ff   Thumb Code     2  startup_lpc17xx.o(.text)
    SysTick_Handler                          0x00000201   Thumb Code     2  startup_lpc17xx.o(.text)
    ADC_IRQHandler                           0x00000203   Thumb Code     0  startup_lpc17xx.o(.text)
    BOD_IRQHandler                           0x00000203   Thumb Code     0  startup_lpc17xx.o(.text)
    CANActivity_IRQHandler                   0x00000203   Thumb Code     0  startup_lpc17xx.o(.text)
    CAN_IRQHandler                           0x00000203   Thumb Code     0  startup_lpc17xx.o(.text)
    DMA_IRQHandler                           0x00000203   Thumb Code     0  startup_lpc17xx.o(.text)
    EINT0_IRQHandler                         0x00000203   Thumb Code     0  startup_lpc17xx.o(.text)
    EINT1_IRQHandler                         0x00000203   Thumb Code     0  startup_lpc17xx.o(.text)
    EINT2_IRQHandler                         0x00000203   Thumb Code     0  startup_lpc17xx.o(.text)
    EINT3_IRQHandler                         0x00000203   Thumb Code     0  startup_lpc17xx.o(.text)
    ENET_IRQHandler                          0x00000203   Thumb Code     0  startup_lpc17xx.o(.text)
    I2C0_IRQHandler                          0x00000203   Thumb Code     0  startup_lpc17xx.o(.text)
    I2C1_IRQHandler                          0x00000203   Thumb Code     0  startup_lpc17xx.o(.text)
    I2C2_IRQHandler                          0x00000203   Thumb Code     0  startup_lpc17xx.o(.text)
    I2S_IRQHandler                           0x00000203   Thumb Code     0  startup_lpc17xx.o(.text)
    MCPWM_IRQHandler                         0x00000203   Thumb Code     0  startup_lpc17xx.o(.text)
    PLL0_IRQHandler                          0x00000203   Thumb Code     0  startup_lpc17xx.o(.text)
    PLL1_IRQHandler                          0x00000203   Thumb Code     0  startup_lpc17xx.o(.text)
    PWM1_IRQHandler                          0x00000203   Thumb Code     0  startup_lpc17xx.o(.text)
    QEI_IRQHandler                           0x00000203   Thumb Code     0  startup_lpc17xx.o(.text)
    RIT_IRQHandler                           0x00000203   Thumb Code     0  startup_lpc17xx.o(.text)
    RTC_IRQHandler                           0x00000203   Thumb Code     0  startup_lpc17xx.o(.text)
    SPI_IRQHandler                           0x00000203   Thumb Code     0  startup_lpc17xx.o(.text)
    SSP0_IRQHandler                          0x00000203   Thumb Code     0  startup_lpc17xx.o(.text)
    SSP1_IRQHandler                          0x00000203   Thumb Code     0  startup_lpc17xx.o(.text)
    TIMER2_IRQHandler                        0x00000203   Thumb Code     0  startup_lpc17xx.o(.text)
    TIMER3_IRQHandler                        0x00000203   Thumb Code     0  startup_lpc17xx.o(.text)
    UART0_IRQHandler                         0x00000203   Thumb Code     0  startup_lpc17xx.o(.text)
    UART1_IRQHandler                         0x00000203   Thumb Code     0  startup_lpc17xx.o(.text)
    UART2_IRQHandler                         0x00000203   Thumb Code     0  startup_lpc17xx.o(.text)
    UART3_IRQHandler                         0x00000203   Thumb Code     0  startup_lpc17xx.o(.text)
    USBActivity_IRQHandler                   0x00000203   Thumb Code     0  startup_lpc17xx.o(.text)
    USB_IRQHandler                           0x00000203   Thumb Code     0  startup_lpc17xx.o(.text)
    WDT_IRQHandler                           0x00000203   Thumb Code     0  startup_lpc17xx.o(.text)
    __user_initial_stackheap                 0x00000205   Thumb Code     0  startup_lpc17xx.o(.text)
    LCD_write_english                        0x00000225   Thumb Code   110  lcd_api.o(.text)
    LCD_write_english_string                 0x00000293   Thumb Code    52  lcd_api.o(.text)
    __2sprintf                               0x000002c9   Thumb Code    34  noretval__2sprintf.o(.text)
    __use_two_region_memory                  0x000002f1   Thumb Code     2  heapauxi.o(.text)
    __rt_heap_escrow$2region                 0x000002f3   Thumb Code     2  heapauxi.o(.text)
    __rt_heap_expand$2region                 0x000002f5   Thumb Code     2  heapauxi.o(.text)
    __I$use$semihosting                      0x000002f7   Thumb Code     0  use_no_semi.o(.text)
    __use_no_semihosting_swi                 0x000002f7   Thumb Code     2  use_no_semi.o(.text)
    __I$use$fp                               0x000002f8   Number         0  usenofp.o(x$fpl$usenofp)
    __semihosting_library_function           0x000002f9   Thumb Code     0  indicate_semi.o(.text)
    SystemCoreClockUpdate                    0x00000301   Thumb Code   300  system_lpc17xx.o(.text)
    SystemInit                               0x0000042d   Thumb Code   308  system_lpc17xx.o(.text)
    CLKPWR_SetPCLKDiv                        0x00000581   Thumb Code    94  lpc17xx_clkpwr.o(.text)
    CLKPWR_GetPCLKSEL                        0x000005df   Thumb Code    34  lpc17xx_clkpwr.o(.text)
    CLKPWR_GetPCLK                           0x00000601   Thumb Code    58  lpc17xx_clkpwr.o(.text)
    CLKPWR_ConfigPPWR                        0x0000063b   Thumb Code    46  lpc17xx_clkpwr.o(.text)
    CLKPWR_Sleep                             0x00000669   Thumb Code    12  lpc17xx_clkpwr.o(.text)
    CLKPWR_DeepSleep                         0x00000675   Thumb Code    18  lpc17xx_clkpwr.o(.text)
    CLKPWR_PowerDown                         0x00000687   Thumb Code    18  lpc17xx_clkpwr.o(.text)
    CLKPWR_DeepPowerDown                     0x00000699   Thumb Code    18  lpc17xx_clkpwr.o(.text)
    GPIO_SetDir                              0x0000075d   Thumb Code    40  lpc17xx_gpio.o(.text)
    GPIO_SetValue                            0x00000785   Thumb Code    20  lpc17xx_gpio.o(.text)
    GPIO_ClearValue                          0x00000799   Thumb Code    20  lpc17xx_gpio.o(.text)
    GPIO_ReadValue                           0x000007ad   Thumb Code    22  lpc17xx_gpio.o(.text)
    GPIO_IntCmd                              0x000007c3   Thumb Code    60  lpc17xx_gpio.o(.text)
    GPIO_GetIntStatus                        0x000007ff   Thumb Code    86  lpc17xx_gpio.o(.text)
    GPIO_ClearInt                            0x00000855   Thumb Code    28  lpc17xx_gpio.o(.text)
    FIO_SetDir                               0x00000871   Thumb Code    20  lpc17xx_gpio.o(.text)
    FIO_SetValue                             0x00000885   Thumb Code    16  lpc17xx_gpio.o(.text)
    FIO_ClearValue                           0x00000895   Thumb Code    16  lpc17xx_gpio.o(.text)
    FIO_ReadValue                            0x000008a5   Thumb Code    12  lpc17xx_gpio.o(.text)
    FIO_IntCmd                               0x000008b1   Thumb Code    20  lpc17xx_gpio.o(.text)
    FIO_GetIntStatus                         0x000008c5   Thumb Code    20  lpc17xx_gpio.o(.text)
    FIO_ClearInt                             0x000008d9   Thumb Code    16  lpc17xx_gpio.o(.text)
    FIO_SetMask                              0x000008e9   Thumb Code    40  lpc17xx_gpio.o(.text)
    FIO_HalfWordSetDir                       0x00000911   Thumb Code    62  lpc17xx_gpio.o(.text)
    FIO_HalfWordSetMask                      0x0000094f   Thumb Code    62  lpc17xx_gpio.o(.text)
    FIO_HalfWordSetValue                     0x0000098d   Thumb Code    32  lpc17xx_gpio.o(.text)
    FIO_HalfWordClearValue                   0x000009ad   Thumb Code    32  lpc17xx_gpio.o(.text)
    FIO_HalfWordReadValue                    0x000009cd   Thumb Code    30  lpc17xx_gpio.o(.text)
    FIO_ByteSetDir                           0x000009eb   Thumb Code    50  lpc17xx_gpio.o(.text)
    FIO_ByteSetMask                          0x00000a1d   Thumb Code    66  lpc17xx_gpio.o(.text)
    FIO_ByteSetValue                         0x00000a5f   Thumb Code    34  lpc17xx_gpio.o(.text)
    FIO_ByteClearValue                       0x00000a81   Thumb Code    34  lpc17xx_gpio.o(.text)
    FIO_ByteReadValue                        0x00000aa3   Thumb Code    42  lpc17xx_gpio.o(.text)
    PINSEL_ConfigTraceFunc                   0x00000b73   Thumb Code    34  lpc17xx_pinsel.o(.text)
    PINSEL_SetI2C0Pins                       0x00000b95   Thumb Code    16  lpc17xx_pinsel.o(.text)
    PINSEL_ConfigPin                         0x00000ba5   Thumb Code    36  lpc17xx_pinsel.o(.text)
    TIM_GetIntStatus                         0x00000c6f   Thumb Code    92  lpc17xx_timer.o(.text)
    TIM_GetIntCaptureStatus                  0x00000ccb   Thumb Code    94  lpc17xx_timer.o(.text)
    TIM_ClearIntPending                      0x00000d29   Thumb Code    80  lpc17xx_timer.o(.text)
    TIM_ClearIntCapturePending               0x00000d79   Thumb Code    82  lpc17xx_timer.o(.text)
    TIM_ConfigStructInit                     0x00000dcb   Thumb Code    22  lpc17xx_timer.o(.text)
    TIM_Init                                 0x00000de1   Thumb Code   272  lpc17xx_timer.o(.text)
    TIM_DeInit                               0x00000ef1   Thumb Code   112  lpc17xx_timer.o(.text)
    TIM_Cmd                                  0x00000f61   Thumb Code    66  lpc17xx_timer.o(.text)
    TIM_ResetCounter                         0x00000fa3   Thumb Code    58  lpc17xx_timer.o(.text)
    TIM_ConfigMatch                          0x00000fdd   Thumb Code   330  lpc17xx_timer.o(.text)
    TIM_UpdateMatchValue                     0x00001127   Thumb Code    86  lpc17xx_timer.o(.text)
    TIM_ConfigCapture                        0x0000117d   Thumb Code   126  lpc17xx_timer.o(.text)
    TIM_GetCaptureValue                      0x000011fb   Thumb Code    74  lpc17xx_timer.o(.text)
    SSP_Init                                 0x000012d3   Thumb Code   100  lpc17xx_ssp.o(.text)
    SSP_DeInit                               0x00001337   Thumb Code    60  lpc17xx_ssp.o(.text)
    SSP_GetDataSize                          0x00001373   Thumb Code    34  lpc17xx_ssp.o(.text)
    SSP_ConfigStructInit                     0x00001395   Thumb Code    22  lpc17xx_ssp.o(.text)
    SSP_Cmd                                  0x000013ab   Thumb Code    68  lpc17xx_ssp.o(.text)
    SSP_LoopBackCmd                          0x000013ef   Thumb Code    68  lpc17xx_ssp.o(.text)
    SSP_SlaveOutputCmd                       0x00001433   Thumb Code    72  lpc17xx_ssp.o(.text)
    SSP_SendData                             0x0000147b   Thumb Code    36  lpc17xx_ssp.o(.text)
    SSP_ReceiveData                          0x0000149f   Thumb Code    34  lpc17xx_ssp.o(.text)
    SSP_ReadWrite                            0x000014c1   Thumb Code   630  lpc17xx_ssp.o(.text)
    SSP_GetStatus                            0x00001737   Thumb Code    80  lpc17xx_ssp.o(.text)
    SSP_IntConfig                            0x00001787   Thumb Code    58  lpc17xx_ssp.o(.text)
    SSP_GetRawIntStatus                      0x000017c1   Thumb Code    76  lpc17xx_ssp.o(.text)
    SSP_GetRawIntStatusReg                   0x0000180d   Thumb Code    34  lpc17xx_ssp.o(.text)
    SSP_GetIntStatus                         0x0000182f   Thumb Code    76  lpc17xx_ssp.o(.text)
    SSP_ClearIntPending                      0x0000187b   Thumb Code    58  lpc17xx_ssp.o(.text)
    SSP_DMACmd                               0x000018b5   Thumb Code   100  lpc17xx_ssp.o(.text)
    I2C_Init                                 0x00001a37   Thumb Code   126  lpc17xx_i2c.o(.text)
    I2C_DeInit                               0x00001ab5   Thumb Code    90  lpc17xx_i2c.o(.text)
    I2C_Cmd                                  0x00001b0f   Thumb Code    70  lpc17xx_i2c.o(.text)
    I2C_IntCmd                               0x00001b55   Thumb Code    92  lpc17xx_i2c.o(.text)
    I2C_MasterHandler                        0x00001bb1   Thumb Code   596  lpc17xx_i2c.o(.text)
    I2C_SlaveHandler                         0x00001e05   Thumb Code   288  lpc17xx_i2c.o(.text)
    I2C_MasterTransferData                   0x00001f25   Thumb Code   500  lpc17xx_i2c.o(.text)
    I2C_SlaveTransferData                    0x00002119   Thumb Code   362  lpc17xx_i2c.o(.text)
    I2C_SetOwnSlaveAddr                      0x00002283   Thumb Code   176  lpc17xx_i2c.o(.text)
    I2C_MonitorModeConfig                    0x00002333   Thumb Code    92  lpc17xx_i2c.o(.text)
    I2C_MonitorModeCmd                       0x0000238f   Thumb Code   100  lpc17xx_i2c.o(.text)
    I2C_MonitorGetDatabuffer                 0x000023f3   Thumb Code    42  lpc17xx_i2c.o(.text)
    I2C_MonitorHandler                       0x0000241d   Thumb Code    40  lpc17xx_i2c.o(.text)
    I2C_MasterTransferComplete               0x00002445   Thumb Code    30  lpc17xx_i2c.o(.text)
    I2C_SlaveTransferComplete                0x00002463   Thumb Code    30  lpc17xx_i2c.o(.text)
    T1_Init                                  0x000024c9   Thumb Code    92  main.o(.text)
    TIMER1_IRQHandler                        0x00002525   Thumb Code    88  main.o(.text)
    pin_Configuration                        0x0000257d   Thumb Code   206  main.o(.text)
    reset                                    0x0000264b   Thumb Code    16  main.o(.text)
    main                                     0x0000265b   Thumb Code  2500  main.o(.text)
    check_failed                             0x0000301f   Thumb Code     4  main.o(.text)
    rw_data_prepare                          0x00003073   Thumb Code    10  ili_lcd_general.o(.text)
    write_data                               0x0000307d   Thumb Code    50  ili_lcd_general.o(.text)
    lcd_getdeviceid                          0x000030af   Thumb Code     6  ili_lcd_general.o(.text)
    BGR2RGB                                  0x000030b5   Thumb Code    26  ili_lcd_general.o(.text)
    lcd_SetCursor                            0x000030cf   Thumb Code    52  ili_lcd_general.o(.text)
    lcd_read_gram                            0x00003103   Thumb Code    34  ili_lcd_general.o(.text)
    lcd_clear                                0x00003125   Thumb Code    38  ili_lcd_general.o(.text)
    lcd_data_bus_test                        0x0000314b   Thumb Code    74  ili_lcd_general.o(.text)
    lcd_gram_test                            0x00003195   Thumb Code   218  ili_lcd_general.o(.text)
    lcd_Initializtion                        0x0000326f   Thumb Code  2262  ili_lcd_general.o(.text)
    dessiner_ligne                           0x00003b49   Thumb Code   110  affichagelcd.o(.text)
    dessiner_rect                            0x00003bb7   Thumb Code   128  affichagelcd.o(.text)
    SPI_WriteByte                            0x00003c39   Thumb Code    42  touch_panel.o(.text)
    spi1_init                                0x00003c63   Thumb Code   106  touch_panel.o(.text)
    touch_init                               0x00003ccd   Thumb Code   122  touch_panel.o(.text)
    touch_debug                              0x00003d47   Thumb Code   394  touch_panel.o(.text)
    touch_read                               0x00003ed1   Thumb Code   284  touch_panel.o(.text)
    getColor                                 0x00004011   Thumb Code   124  display.o(.text)
    unCompressLetter                         0x0000408d   Thumb Code    38  display.o(.text)
    drawText                                 0x000040b3   Thumb Code   436  display.o(.text)
    playerColor                              0x00004267   Thumb Code    60  display.o(.text)
    drawPlayer                               0x000042a3   Thumb Code   734  display.o(.text)
    drawMenu                                 0x00004581   Thumb Code   780  display.o(.text)
    drawTexture                              0x0000488d   Thumb Code   898  display.o(.text)
    getMap                                   0x00004c0f   Thumb Code   226  display.o(.text)
    drawMap                                  0x00004cf1   Thumb Code    76  display.o(.text)
    clearOldPlayer                           0x00004d3d   Thumb Code   798  display.o(.text)
    readJoystick                             0x0000505b   Thumb Code   102  display.o(.text)
    isColliding                              0x000050c1   Thumb Code   696  display.o(.text)
    attack                                   0x00005379   Thumb Code   146  display.o(.text)
    initEnemy                                0x0000540b   Thumb Code    94  display.o(.text)
    attackE                                  0x00005469   Thumb Code   122  display.o(.text)
    init_i2c_eeprom                          0x000054e9   Thumb Code    20  memory.o(.text)
    i2c_eeprom_write                         0x000054fd   Thumb Code    78  memory.o(.text)
    i2c_eeprom_read                          0x0000554b   Thumb Code    56  memory.o(.text)
    clean_memory                             0x00005583   Thumb Code    30  memory.o(.text)
    create_gamekey                           0x000055a1   Thumb Code    72  memory.o(.text)
    check_memory                             0x000055e9   Thumb Code   102  memory.o(.text)
    fillup_save                              0x0000564f   Thumb Code   152  memory.o(.text)
    filldown_save                            0x000056e7   Thumb Code    58  memory.o(.text)
    create_save                              0x00005721   Thumb Code    22  memory.o(.text)
    check_save                               0x00005737   Thumb Code   126  memory.o(.text)
    load_save                                0x000057b5   Thumb Code    34  memory.o(.text)
    restaure_backup                          0x000057d7   Thumb Code    34  memory.o(.text)
    jouer_note                               0x00005801   Thumb Code    78  musicien.o(.text)
    jouer_partition                          0x0000584f   Thumb Code    74  musicien.o(.text)
    T0_Init                                  0x00005899   Thumb Code   106  musicien.o(.text)
    TIMER0_IRQHandler                        0x00005903   Thumb Code   164  musicien.o(.text)
    jouer_en_repeat                          0x000059a7   Thumb Code    22  musicien.o(.text)
    musintro                                 0x000059bd   Thumb Code    10  musicien.o(.text)
    arreter_repeat                           0x000059c7   Thumb Code     8  musicien.o(.text)
    jouer_1_fois                             0x000059cf   Thumb Code    18  musicien.o(.text)
    __aeabi_uldivmod                         0x00005a0d   Thumb Code     0  lludivv7m.o(.text)
    _ll_udiv                                 0x00005a0d   Thumb Code   238  lludivv7m.o(.text)
    _printf_pre_padding                      0x00005afb   Thumb Code    44  _printf_pad.o(.text)
    _printf_post_padding                     0x00005b27   Thumb Code    34  _printf_pad.o(.text)
    _printf_int_dec                          0x00005b49   Thumb Code   104  _printf_dec.o(.text)
    __printf                                 0x00005bc1   Thumb Code   308  __printf_flags_wp.o(.text)
    srand                                    0x00005cf9   Thumb Code    42  rand.o(.text)
    _rand_init                               0x00005d23   Thumb Code     4  rand.o(.text)
    __aeabi_memcpy4                          0x00005d35   Thumb Code     0  rt_memcpy_w.o(.text)
    __aeabi_memcpy8                          0x00005d35   Thumb Code     0  rt_memcpy_w.o(.text)
    __rt_memcpy_w                            0x00005d35   Thumb Code   100  rt_memcpy_w.o(.text)
    _memcpy_lastbytes_aligned                0x00005d7d   Thumb Code     0  rt_memcpy_w.o(.text)
    __read_errno                             0x00005d99   Thumb Code    10  _rserrno.o(.text)
    __set_errno                              0x00005da3   Thumb Code    12  _rserrno.o(.text)
    _printf_int_common                       0x00005daf   Thumb Code   178  _printf_intcommon.o(.text)
    _printf_char_common                      0x00005e6b   Thumb Code    32  _printf_char_common.o(.text)
    _sputc                                   0x00005e91   Thumb Code    10  _sputc.o(.text)
    __aeabi_errno_addr                       0x00005e9d   Thumb Code     8  rt_errno_addr_intlibspace.o(.text)
    __errno$intlibspace                      0x00005e9d   Thumb Code     0  rt_errno_addr_intlibspace.o(.text)
    __rt_errno_addr$intlibspace              0x00005e9d   Thumb Code     0  rt_errno_addr_intlibspace.o(.text)
    __user_libspace                          0x00005ea5   Thumb Code     8  libspace.o(.text)
    __user_perproc_libspace                  0x00005ea5   Thumb Code     0  libspace.o(.text)
    __user_perthread_libspace                0x00005ea5   Thumb Code     0  libspace.o(.text)
    __user_setup_stackheap                   0x00005ead   Thumb Code    74  sys_stackheap_outer.o(.text)
    exit                                     0x00005ef7   Thumb Code    18  exit.o(.text)
    _sys_exit                                0x00005f09   Thumb Code     8  sys_exit.o(.text)
    _is_digit                                0x00005f15   Thumb Code    14  __printf_wp.o(i._is_digit)
    floor                                    0x00005f25   Thumb Code   204  floor.o(i.floor)
    lcd_send                                 0x00006001   Thumb Code    40  ili_lcd_general.o(i.lcd_send)
    read_data                                0x0000602d   Thumb Code   114  ili_lcd_general.o(i.read_data)
    sqrt                                     0x000060a5   Thumb Code    76  sqrt.o(i.sqrt)
    wait_delay                               0x000060f1   Thumb Code    18  ili_lcd_general.o(i.wait_delay)
    write_cmd                                0x00006105   Thumb Code    60  ili_lcd_general.o(i.write_cmd)
    write_reg                                0x00006145   Thumb Code    20  ili_lcd_general.o(i.write_reg)
    __aeabi_d2f                              0x00006159   Thumb Code     0  d2f.o(x$fpl$d2f)
    _d2f                                     0x00006159   Thumb Code    98  d2f.o(x$fpl$d2f)
    __aeabi_dadd                             0x000061bd   Thumb Code     0  daddsub_clz.o(x$fpl$dadd)
    _dadd                                    0x000061bd   Thumb Code   332  daddsub_clz.o(x$fpl$dadd)
    __fpl_dcmp_Inf                           0x0000630d   Thumb Code    24  dcmpi.o(x$fpl$dcmpinf)
    __aeabi_d2uiz                            0x00006325   Thumb Code     0  dfixu.o(x$fpl$dfixu)
    _dfixu                                   0x00006325   Thumb Code    90  dfixu.o(x$fpl$dfixu)
    __aeabi_i2d                              0x0000637f   Thumb Code     0  dflt_clz.o(x$fpl$dflt)
    _dflt                                    0x0000637f   Thumb Code    46  dflt_clz.o(x$fpl$dflt)
    __aeabi_cdcmple                          0x000063ad   Thumb Code     0  dleqf.o(x$fpl$dleqf)
    _dcmple                                  0x000063ad   Thumb Code   120  dleqf.o(x$fpl$dleqf)
    __fpl_dcmple_InfNaN                      0x0000640f   Thumb Code     0  dleqf.o(x$fpl$dleqf)
    __aeabi_dmul                             0x00006425   Thumb Code     0  dmul.o(x$fpl$dmul)
    _dmul                                    0x00006425   Thumb Code   332  dmul.o(x$fpl$dmul)
    __fpl_dnaninf                            0x00006579   Thumb Code   156  dnaninf.o(x$fpl$dnaninf)
    __fpl_dretinf                            0x00006615   Thumb Code    12  dretinf.o(x$fpl$dretinf)
    __aeabi_cdrcmple                         0x00006621   Thumb Code     0  drleqf.o(x$fpl$drleqf)
    _drcmple                                 0x00006621   Thumb Code   108  drleqf.o(x$fpl$drleqf)
    __aeabi_drsub                            0x0000668d   Thumb Code     0  daddsub_clz.o(x$fpl$drsb)
    _drsb                                    0x0000668d   Thumb Code    22  daddsub_clz.o(x$fpl$drsb)
    _dsqrt                                   0x000066a5   Thumb Code   456  dsqrt_noumaal.o(x$fpl$dsqrt)
    __aeabi_dsub                             0x00006871   Thumb Code     0  daddsub_clz.o(x$fpl$dsub)
    _dsub                                    0x00006871   Thumb Code   464  daddsub_clz.o(x$fpl$dsub)
    __aeabi_f2d                              0x00006a45   Thumb Code     0  f2d.o(x$fpl$f2d)
    _f2d                                     0x00006a45   Thumb Code    86  f2d.o(x$fpl$f2d)
    __fpl_fcmp_Inf                           0x00006a9b   Thumb Code    24  fcmpi.o(x$fpl$fcmpinf)
    __aeabi_f2iz                             0x00006ab5   Thumb Code     0  ffix.o(x$fpl$ffix)
    _ffix                                    0x00006ab5   Thumb Code    54  ffix.o(x$fpl$ffix)
    __aeabi_cfcmple                          0x00006aed   Thumb Code     0  fleqf.o(x$fpl$fleqf)
    _fcmple                                  0x00006aed   Thumb Code   104  fleqf.o(x$fpl$fleqf)
    __fpl_fcmple_InfNaN                      0x00006b3f   Thumb Code     0  fleqf.o(x$fpl$fleqf)
    __fpl_fnaninf                            0x00006b55   Thumb Code   140  fnaninf.o(x$fpl$fnaninf)
    __fpl_fretinf                            0x00006be1   Thumb Code    10  fretinf.o(x$fpl$fretinf)
    __aeabi_cfrcmple                         0x00006beb   Thumb Code     0  frleqf.o(x$fpl$frleqf)
    _frcmple                                 0x00006beb   Thumb Code    98  frleqf.o(x$fpl$frleqf)
    TSIZE                                    0x00006c7c   Data           1  display.o(.constdata)
    MSIZEY                                   0x00006c7d   Data           1  display.o(.constdata)
    MSIZEX                                   0x00006c7e   Data           1  display.o(.constdata)
    PSIZE                                    0x00006c7f   Data           1  display.o(.constdata)
    grass                                    0x00006c80   Data         100  display.o(.constdata)
    bush                                     0x00006ce4   Data         100  display.o(.constdata)
    stone                                    0x00006d48   Data         100  display.o(.constdata)
    tMenu                                    0x00006dac   Data          48  display.o(.constdata)
    t00                                      0x00006ddc   Data          48  display.o(.constdata)
    t10                                      0x00006e0c   Data          48  display.o(.constdata)
    t20                                      0x00006e3c   Data          48  display.o(.constdata)
    pUp                                      0x00006e6c   Data         120  display.o(.constdata)
    pRight                                   0x00006ee4   Data         120  display.o(.constdata)
    en                                       0x00006f5c   Data         120  display.o(.constdata)
    mouton                                   0x00006fd4   Data         400  display.o(.constdata)
    demouton                                 0x00007164   Data         400  display.o(.constdata)
    a                                        0x000072f4   Data        2800  display.o(.constdata)
    Region$$Table$$Base                      0x00007df8   Number         0  anon$$obj.o(Region$$Table)
    Region$$Table$$Limit                     0x00007e18   Number         0  anon$$obj.o(Region$$Table)
    SystemCoreClock                          0x10000000   Data           4  system_lpc17xx.o(.data)
    touch_x                                  0x10000008   Data           2  main.o(.data)
    touch_y                                  0x1000000a   Data           2  main.o(.data)
    flagTouch                                0x1000000c   Data           1  main.o(.data)
    flagReset                                0x1000000d   Data           1  main.o(.data)
    random                                   0x10000010   Data           4  main.o(.data)
    numEn                                    0x10000014   Data           4  main.o(.data)
    oneMoreClear                             0x10000018   Data           6  main.o(.data)
    staminaMax                               0x1000001e   Data           1  main.o(.data)
    staminaAttack                            0x1000001f   Data           1  main.o(.data)
    stamina                                  0x10000020   Data           1  main.o(.data)
    enFlag                                   0x10000021   Data           1  main.o(.data)
    hitResetMax                              0x10000022   Data           1  main.o(.data)
    hitReset                                 0x10000023   Data           1  main.o(.data)
    dying                                    0x10000024   Data           1  main.o(.data)
    pDown                                    0x10000028   Data         120  display.o(.data)
    text1                                    0x100000a0   Data           5  display.o(.data)
    thprincipal                              0x100000a8   Data         146  musicien.o(.data)
    nbperi                                   0x1000013a   Data           2  musicien.o(.data)
    frontmusique                             0x1000013c   Data           2  musicien.o(.data)
    MatchValue                               0x1000013e   Data           2  musicien.o(.data)
    Matchrestant                             0x10000140   Data           2  musicien.o(.data)
    silencieux                               0x10000142   Data           1  musicien.o(.data)
    addr_note_actuelle                       0x10000144   Data           4  musicien.o(.data)
    pactuelle                                0x10000148   Data           4  musicien.o(.data)
    on_repeat                                0x1000014c   Data           1  musicien.o(.data)
    nsilence                                 0x1000014d   Data           2  musicien.o(.data)
    I2C_MasterComplete                       0x10000168   Data          12  lpc17xx_i2c.o(.bss)
    chaine                                   0x10000180   Data          30  main.o(.bss)
    eX                                       0x1000019e   Data          12  main.o(.bss)
    eY                                       0x100001aa   Data          12  main.o(.bss)
    peX                                      0x100001b6   Data          12  main.o(.bss)
    peY                                      0x100001c2   Data          12  main.o(.bss)
    LCDSPI1Data                              0x100001d0   Data          24  touch_panel.o(.bss)
    _random_number_data                      0x100001e8   Data         228  rand.o(.bss)
    __libspace_start                         0x100002cc   Data          96  libspace.o(.bss)
    __temporary_stack_top$libspace           0x1000032c   Data           0  libspace.o(.bss)



==============================================================================

Memory Map of the image

  Image Entry point : 0x000000cd

  Load Region LR_IROM1 (Base: 0x00000000, Size: 0x00007f68, Max: 0x00080000, ABSOLUTE, COMPRESSED[0x00007ec4])

    Execution Region ER_IROM1 (Exec base: 0x00000000, Load base: 0x00000000, Size: 0x00007e18, Max: 0x00080000, ABSOLUTE)

    Exec Addr    Load Addr    Size         Type   Attr      Idx    E Section Name        Object

    0x00000000   0x00000000   0x000000cc   Data   RO            3    RESET               startup_lpc17xx.o
    0x000000cc   0x000000cc   0x00000008   Code   RO          551  * !!!main             c_w.l(__main.o)
    0x000000d4   0x000000d4   0x00000034   Code   RO          797    !!!scatter          c_w.l(__scatter.o)
    0x00000108   0x00000108   0x0000005a   Code   RO          795    !!dczerorl2         c_w.l(__dczerorl2.o)
    0x00000162   0x00000162   0x00000002   PAD
    0x00000164   0x00000164   0x0000001c   Code   RO          799    !!handler_zi        c_w.l(__scatter_zi.o)
    0x00000180   0x00000180   0x00000000   Code   RO          541    .ARM.Collect$$_printf_percent$$00000000  c_w.l(_printf_percent.o)
    0x00000180   0x00000180   0x00000006   Code   RO          540    .ARM.Collect$$_printf_percent$$00000009  c_w.l(_printf_d.o)
    0x00000186   0x00000186   0x00000004   Code   RO          608    .ARM.Collect$$_printf_percent$$00000017  c_w.l(_printf_percent_end.o)
    0x0000018a   0x0000018a   0x00000002   Code   RO          721    .ARM.Collect$$libinit$$00000000  c_w.l(libinit.o)
    0x0000018c   0x0000018c   0x00000000   Code   RO          610    .ARM.Collect$$libinit$$00000002  c_w.l(libinit2.o)
    0x0000018c   0x0000018c   0x00000000   Code   RO          612    .ARM.Collect$$libinit$$00000004  c_w.l(libinit2.o)
    0x0000018c   0x0000018c   0x00000000   Code   RO          615    .ARM.Collect$$libinit$$0000000A  c_w.l(libinit2.o)
    0x0000018c   0x0000018c   0x00000000   Code   RO          617    .ARM.Collect$$libinit$$0000000C  c_w.l(libinit2.o)
    0x0000018c   0x0000018c   0x00000004   Code   RO          618    .ARM.Collect$$libinit$$0000000D  c_w.l(libinit2.o)
    0x00000190   0x00000190   0x00000000   Code   RO          619    .ARM.Collect$$libinit$$0000000E  c_w.l(libinit2.o)
    0x00000190   0x00000190   0x00000000   Code   RO          622    .ARM.Collect$$libinit$$00000011  c_w.l(libinit2.o)
    0x00000190   0x00000190   0x00000000   Code   RO          624    .ARM.Collect$$libinit$$00000013  c_w.l(libinit2.o)
    0x00000190   0x00000190   0x00000000   Code   RO          626    .ARM.Collect$$libinit$$00000015  c_w.l(libinit2.o)
    0x00000190   0x00000190   0x00000000   Code   RO          628    .ARM.Collect$$libinit$$00000017  c_w.l(libinit2.o)
    0x00000190   0x00000190   0x00000000   Code   RO          630    .ARM.Collect$$libinit$$00000019  c_w.l(libinit2.o)
    0x00000190   0x00000190   0x00000000   Code   RO          632    .ARM.Collect$$libinit$$0000001B  c_w.l(libinit2.o)
    0x00000190   0x00000190   0x00000000   Code   RO          634    .ARM.Collect$$libinit$$0000001D  c_w.l(libinit2.o)
    0x00000190   0x00000190   0x00000000   Code   RO          636    .ARM.Collect$$libinit$$0000001F  c_w.l(libinit2.o)
    0x00000190   0x00000190   0x00000000   Code   RO          638    .ARM.Collect$$libinit$$00000021  c_w.l(libinit2.o)
    0x00000190   0x00000190   0x00000000   Code   RO          640    .ARM.Collect$$libinit$$00000023  c_w.l(libinit2.o)
    0x00000190   0x00000190   0x00000000   Code   RO          642    .ARM.Collect$$libinit$$00000025  c_w.l(libinit2.o)
    0x00000190   0x00000190   0x00000000   Code   RO          646    .ARM.Collect$$libinit$$0000002C  c_w.l(libinit2.o)
    0x00000190   0x00000190   0x00000000   Code   RO          648    .ARM.Collect$$libinit$$0000002E  c_w.l(libinit2.o)
    0x00000190   0x00000190   0x00000000   Code   RO          650    .ARM.Collect$$libinit$$00000030  c_w.l(libinit2.o)
    0x00000190   0x00000190   0x00000000   Code   RO          652    .ARM.Collect$$libinit$$00000032  c_w.l(libinit2.o)
    0x00000190   0x00000190   0x00000002   Code   RO          653    .ARM.Collect$$libinit$$00000033  c_w.l(libinit2.o)
    0x00000192   0x00000192   0x00000002   Code   RO          762    .ARM.Collect$$libshutdown$$00000000  c_w.l(libshutdown.o)
    0x00000194   0x00000194   0x00000000   Code   RO          778    .ARM.Collect$$libshutdown$$00000002  c_w.l(libshutdown2.o)
    0x00000194   0x00000194   0x00000000   Code   RO          780    .ARM.Collect$$libshutdown$$00000004  c_w.l(libshutdown2.o)
    0x00000194   0x00000194   0x00000000   Code   RO          783    .ARM.Collect$$libshutdown$$00000007  c_w.l(libshutdown2.o)
    0x00000194   0x00000194   0x00000000   Code   RO          786    .ARM.Collect$$libshutdown$$0000000A  c_w.l(libshutdown2.o)
    0x00000194   0x00000194   0x00000000   Code   RO          788    .ARM.Collect$$libshutdown$$0000000C  c_w.l(libshutdown2.o)
    0x00000194   0x00000194   0x00000000   Code   RO          791    .ARM.Collect$$libshutdown$$0000000F  c_w.l(libshutdown2.o)
    0x00000194   0x00000194   0x00000002   Code   RO          792    .ARM.Collect$$libshutdown$$00000010  c_w.l(libshutdown2.o)
    0x00000196   0x00000196   0x00000000   Code   RO          595    .ARM.Collect$$rtentry$$00000000  c_w.l(__rtentry.o)
    0x00000196   0x00000196   0x00000000   Code   RO          672    .ARM.Collect$$rtentry$$00000002  c_w.l(__rtentry2.o)
    0x00000196   0x00000196   0x00000006   Code   RO          684    .ARM.Collect$$rtentry$$00000004  c_w.l(__rtentry4.o)
    0x0000019c   0x0000019c   0x00000000   Code   RO          674    .ARM.Collect$$rtentry$$00000009  c_w.l(__rtentry2.o)
    0x0000019c   0x0000019c   0x00000004   Code   RO          675    .ARM.Collect$$rtentry$$0000000A  c_w.l(__rtentry2.o)
    0x000001a0   0x000001a0   0x00000000   Code   RO          677    .ARM.Collect$$rtentry$$0000000C  c_w.l(__rtentry2.o)
    0x000001a0   0x000001a0   0x00000008   Code   RO          678    .ARM.Collect$$rtentry$$0000000D  c_w.l(__rtentry2.o)
    0x000001a8   0x000001a8   0x00000002   Code   RO          724    .ARM.Collect$$rtexit$$00000000  c_w.l(rtexit.o)
    0x000001aa   0x000001aa   0x00000000   Code   RO          744    .ARM.Collect$$rtexit$$00000002  c_w.l(rtexit2.o)
    0x000001aa   0x000001aa   0x00000004   Code   RO          745    .ARM.Collect$$rtexit$$00000003  c_w.l(rtexit2.o)
    0x000001ae   0x000001ae   0x00000006   Code   RO          746    .ARM.Collect$$rtexit$$00000004  c_w.l(rtexit2.o)
    0x000001b4   0x000001b4   0x00000034   Code   RO          542    .emb_text           c_w.l(rand.o)
    0x000001e8   0x000001e8   0x0000003c   Code   RO            5    .text               startup_lpc17xx.o
    0x00000224   0x00000224   0x000000a2   Code   RO          365    .text               lcd_api.o
    0x000002c6   0x000002c6   0x00000002   PAD
    0x000002c8   0x000002c8   0x00000028   Code   RO          512    .text               c_w.l(noretval__2sprintf.o)
    0x000002f0   0x000002f0   0x00000006   Code   RO          549    .text               c_w.l(heapauxi.o)
    0x000002f6   0x000002f6   0x00000002   Code   RO          740    .text               c_w.l(use_no_semi.o)
    0x000002f8   0x000002f8   0x00000000   Code   RO          742    .text               c_w.l(indicate_semi.o)
    0x000002f8   0x000002f8   0x00000000   Code   RO          670    x$fpl$usenofp       fz_ws.l(usenofp.o)
    0x000002f8   0x000002f8   0x00000004   PAD
    0x000002fc   0x000002fc   0x00000004   Code   RO            4    .ARM.__at_0x02FC    startup_lpc17xx.o
    0x00000300   0x00000300   0x00000280   Code   RO           14    .text               system_lpc17xx.o
    0x00000580   0x00000580   0x00000140   Code   RO           59    .text               lpc17xx_clkpwr.o
    0x000006c0   0x000006c0   0x0000040c   Code   RO           92    .text               lpc17xx_gpio.o
    0x00000acc   0x00000acc   0x00000100   Code   RO          114    .text               lpc17xx_pinsel.o
    0x00000bcc   0x00000bcc   0x00000684   Code   RO          133    .text               lpc17xx_timer.o
    0x00001250   0x00001250   0x000006d0   Code   RO          190    .text               lpc17xx_ssp.o
    0x00001920   0x00001920   0x00000ba8   Code   RO          209    .text               lpc17xx_i2c.o
    0x000024c8   0x000024c8   0x00000b6c   Code   RO          236    .text               main.o
    0x00003034   0x00003034   0x00000b14   Code   RO          304    .text               ili_lcd_general.o
    0x00003b48   0x00003b48   0x000000ee   Code   RO          385    .text               affichagelcd.o
    0x00003c36   0x00003c36   0x00000002   PAD
    0x00003c38   0x00003c38   0x000003d8   Code   RO          410    .text               touch_panel.o
    0x00004010   0x00004010   0x000014d8   Code   RO          442    .text               display.o
    0x000054e8   0x000054e8   0x00000318   Code   RO          470    .text               memory.o
    0x00005800   0x00005800   0x0000020c   Code   RO          486    .text               musicien.o
    0x00005a0c   0x00005a0c   0x000000ee   Code   RO          508    .text               c_w.l(lludivv7m.o)
    0x00005afa   0x00005afa   0x0000004e   Code   RO          516    .text               c_w.l(_printf_pad.o)
    0x00005b48   0x00005b48   0x00000078   Code   RO          518    .text               c_w.l(_printf_dec.o)
    0x00005bc0   0x00005bc0   0x00000138   Code   RO          532    .text               c_w.l(__printf_flags_wp.o)
    0x00005cf8   0x00005cf8   0x0000003c   Code   RO          543    .text               c_w.l(rand.o)
    0x00005d34   0x00005d34   0x00000064   Code   RO          547    .text               c_w.l(rt_memcpy_w.o)
    0x00005d98   0x00005d98   0x00000016   Code   RO          600    .text               c_w.l(_rserrno.o)
    0x00005dae   0x00005dae   0x000000b2   Code   RO          602    .text               c_w.l(_printf_intcommon.o)
    0x00005e60   0x00005e60   0x00000030   Code   RO          604    .text               c_w.l(_printf_char_common.o)
    0x00005e90   0x00005e90   0x0000000a   Code   RO          606    .text               c_w.l(_sputc.o)
    0x00005e9a   0x00005e9a   0x00000002   PAD
    0x00005e9c   0x00005e9c   0x00000008   Code   RO          691    .text               c_w.l(rt_errno_addr_intlibspace.o)
    0x00005ea4   0x00005ea4   0x00000008   Code   RO          701    .text               c_w.l(libspace.o)
    0x00005eac   0x00005eac   0x0000004a   Code   RO          704    .text               c_w.l(sys_stackheap_outer.o)
    0x00005ef6   0x00005ef6   0x00000012   Code   RO          706    .text               c_w.l(exit.o)
    0x00005f08   0x00005f08   0x0000000c   Code   RO          738    .text               c_w.l(sys_exit.o)
    0x00005f14   0x00005f14   0x0000000e   Code   RO          530    i._is_digit         c_w.l(__printf_wp.o)
    0x00005f22   0x00005f22   0x00000002   PAD
    0x00005f24   0x00005f24   0x000000dc   Code   RO          584    i.floor             m_ws.l(floor.o)
    0x00006000   0x00006000   0x0000002c   Code   RO          318    i.lcd_send          ili_lcd_general.o
    0x0000602c   0x0000602c   0x00000078   Code   RO          330    i.read_data         ili_lcd_general.o
    0x000060a4   0x000060a4   0x0000004c   Code   RO          588    i.sqrt              m_ws.l(sqrt.o)
    0x000060f0   0x000060f0   0x00000012   Code   RO          336    i.wait_delay        ili_lcd_general.o
    0x00006102   0x00006102   0x00000002   PAD
    0x00006104   0x00006104   0x00000040   Code   RO          324    i.write_cmd         ili_lcd_general.o
    0x00006144   0x00006144   0x00000014   Code   RO          341    i.write_reg         ili_lcd_general.o
    0x00006158   0x00006158   0x00000062   Code   RO          553    x$fpl$d2f           fz_ws.l(d2f.o)
    0x000061ba   0x000061ba   0x00000002   PAD
    0x000061bc   0x000061bc   0x00000150   Code   RO          555    x$fpl$dadd          fz_ws.l(daddsub_clz.o)
    0x0000630c   0x0000630c   0x00000018   Code   RO          654    x$fpl$dcmpinf       fz_ws.l(dcmpi.o)
    0x00006324   0x00006324   0x0000005a   Code   RO          561    x$fpl$dfixu         fz_ws.l(dfixu.o)
    0x0000637e   0x0000637e   0x0000002e   Code   RO          566    x$fpl$dflt          fz_ws.l(dflt_clz.o)
    0x000063ac   0x000063ac   0x00000078   Code   RO          571    x$fpl$dleqf         fz_ws.l(dleqf.o)
    0x00006424   0x00006424   0x00000154   Code   RO          573    x$fpl$dmul          fz_ws.l(dmul.o)
    0x00006578   0x00006578   0x0000009c   Code   RO          656    x$fpl$dnaninf       fz_ws.l(dnaninf.o)
    0x00006614   0x00006614   0x0000000c   Code   RO          658    x$fpl$dretinf       fz_ws.l(dretinf.o)
    0x00006620   0x00006620   0x0000006c   Code   RO          660    x$fpl$drleqf        fz_ws.l(drleqf.o)
    0x0000668c   0x0000668c   0x00000016   Code   RO          556    x$fpl$drsb          fz_ws.l(daddsub_clz.o)
    0x000066a2   0x000066a2   0x00000002   PAD
    0x000066a4   0x000066a4   0x000001cc   Code   RO          662    x$fpl$dsqrt         fz_ws.l(dsqrt_noumaal.o)
    0x00006870   0x00006870   0x000001d4   Code   RO          557    x$fpl$dsub          fz_ws.l(daddsub_clz.o)
    0x00006a44   0x00006a44   0x00000056   Code   RO          575    x$fpl$f2d           fz_ws.l(f2d.o)
    0x00006a9a   0x00006a9a   0x00000018   Code   RO          697    x$fpl$fcmpinf       fz_ws.l(fcmpi.o)
    0x00006ab2   0x00006ab2   0x00000002   PAD
    0x00006ab4   0x00006ab4   0x00000036   Code   RO          577    x$fpl$ffix          fz_ws.l(ffix.o)
    0x00006aea   0x00006aea   0x00000002   PAD
    0x00006aec   0x00006aec   0x00000068   Code   RO          664    x$fpl$fleqf         fz_ws.l(fleqf.o)
    0x00006b54   0x00006b54   0x0000008c   Code   RO          666    x$fpl$fnaninf       fz_ws.l(fnaninf.o)
    0x00006be0   0x00006be0   0x0000000a   Code   RO          668    x$fpl$fretinf       fz_ws.l(fretinf.o)
    0x00006bea   0x00006bea   0x00000062   Code   RO          581    x$fpl$frleqf        fz_ws.l(frleqf.o)
    0x00006c4c   0x00006c4c   0x00000030   Data   RO          238    .constdata          main.o
    0x00006c7c   0x00006c7c   0x00001168   Data   RO          443    .constdata          display.o
    0x00007de4   0x00007de4   0x00000011   Data   RO          533    .constdata          c_w.l(__printf_flags_wp.o)
    0x00007df5   0x00007df5   0x00000003   PAD
    0x00007df8   0x00007df8   0x00000020   Data   RO          793    Region$$Table       anon$$obj.o


    Execution Region RW_IRAM1 (Exec base: 0x10000000, Load base: 0x00007e18, Size: 0x00000530, Max: 0x00008000, ABSOLUTE, COMPRESSED[0x000000ac])

    Exec Addr    Load Addr    Size         Type   Attr      Idx    E Section Name        Object

    0x10000000   COMPRESSED   0x00000004   Data   RW           15    .data               system_lpc17xx.o
    0x10000004   COMPRESSED   0x00000004   Data   RW          211    .data               lpc17xx_i2c.o
    0x10000008   COMPRESSED   0x0000001d   Data   RW          239    .data               main.o
    0x10000025   COMPRESSED   0x00000001   PAD
    0x10000026   COMPRESSED   0x00000002   Data   RW          305    .data               ili_lcd_general.o
    0x10000028   COMPRESSED   0x0000007d   Data   RW          444    .data               display.o
    0x100000a5   COMPRESSED   0x00000003   PAD
    0x100000a8   COMPRESSED   0x000000a7   Data   RW          488    .data               musicien.o
    0x1000014f   COMPRESSED   0x00000001   PAD
    0x10000150        -       0x00000030   Zero   RW          210    .bss                lpc17xx_i2c.o
    0x10000180        -       0x0000004e   Zero   RW          237    .bss                main.o
    0x100001ce   COMPRESSED   0x00000002   PAD
    0x100001d0        -       0x00000018   Zero   RW          411    .bss                touch_panel.o
    0x100001e8        -       0x000000e4   Zero   RW          544    .bss                c_w.l(rand.o)
    0x100002cc        -       0x00000060   Zero   RW          702    .bss                c_w.l(libspace.o)
    0x1000032c   COMPRESSED   0x00000004   PAD
    0x10000330        -       0x00000000   Zero   RW            2    HEAP                startup_lpc17xx.o
    0x10000330        -       0x00000200   Zero   RW            1    STACK               startup_lpc17xx.o


==============================================================================

Image component sizes


      Code (inc. data)   RO Data    RW Data    ZI Data      Debug   Object Name

       238          0          0          0          0       1335   affichagelcd.o
      5336        728       4456        125          0       7708   display.o
      3102         32          0          2          0       7819   ili_lcd_general.o
       162          0          0          0          0       1213   lcd_api.o
       320         22          0          0          0       3119   lpc17xx_clkpwr.o
      1036         28          0          0          0      10423   lpc17xx_gpio.o
      2984        164          0          4         48      27567   lpc17xx_i2c.o
       256          4          0          0          0       4133   lpc17xx_pinsel.o
      1744         80          0          0          0      11632   lpc17xx_ssp.o
      1668         94          0          0          0       9251   lpc17xx_timer.o
      2924        158         48         29         78      21061   main.o
       792          8          0          0          0       4147   memory.o
       524         44          0        167          0       2603   musicien.o
        64         26        204          0        512       1112   startup_lpc17xx.o
       640         32          0          4          0      22721   system_lpc17xx.o
       984         36          0          0         24       2678   touch_panel.o

    ----------------------------------------------------------------------
     22780       1456       4740        336        664     138522   Object Totals
         0          0         32          0          0          0   (incl. Generated)
         6          0          0          5          2          0   (incl. Padding)

    ----------------------------------------------------------------------

      Code (inc. data)   RO Data    RW Data    ZI Data      Debug   Library Member Name

        90          0          0          0          0          0   __dczerorl2.o
         8          0          0          0          0         68   __main.o
       312          4         17          0          0         92   __printf_flags_wp.o
        14          0          0          0          0         68   __printf_wp.o
         0          0          0          0          0          0   __rtentry.o
        12          0          0          0          0          0   __rtentry2.o
         6          0          0          0          0          0   __rtentry4.o
        52          8          0          0          0          0   __scatter.o
        28          0          0          0          0          0   __scatter_zi.o
        48          6          0          0          0         96   _printf_char_common.o
         6          0          0          0          0          0   _printf_d.o
       120         16          0          0          0         92   _printf_dec.o
       178          0          0          0          0         88   _printf_intcommon.o
        78          0          0          0          0        108   _printf_pad.o
         0          0          0          0          0          0   _printf_percent.o
         4          0          0          0          0          0   _printf_percent_end.o
        22          0          0          0          0        100   _rserrno.o
        10          0          0          0          0         68   _sputc.o
        18          0          0          0          0         80   exit.o
         6          0          0          0          0        152   heapauxi.o
         0          0          0          0          0          0   indicate_semi.o
         2          0          0          0          0          0   libinit.o
         6          0          0          0          0          0   libinit2.o
         2          0          0          0          0          0   libshutdown.o
         2          0          0          0          0          0   libshutdown2.o
         8          4          0          0         96         68   libspace.o
       238          0          0          0          0        100   lludivv7m.o
        40          6          0          0          0         84   noretval__2sprintf.o
       112         18          0          0        228        160   rand.o
         8          4          0          0          0         68   rt_errno_addr_intlibspace.o
       100          0          0          0          0         80   rt_memcpy_w.o
         2          0          0          0          0          0   rtexit.o
        10          0          0          0          0          0   rtexit2.o
        12          4          0          0          0         68   sys_exit.o
        74          0          0          0          0         80   sys_stackheap_outer.o
         2          0          0          0          0         68   use_no_semi.o
        98          4          0          0          0         92   d2f.o
       826         16          0          0          0        348   daddsub_clz.o
        24          0          0          0          0         68   dcmpi.o
        90          4          0          0          0         92   dfixu.o
        46          0          0          0          0         68   dflt_clz.o
       120          4          0          0          0         92   dleqf.o
       340         12          0          0          0        104   dmul.o
       156          4          0          0          0         92   dnaninf.o
        12          0          0          0          0         68   dretinf.o
       108          0          0          0          0         80   drleqf.o
       460         56          0          0          0        120   dsqrt_noumaal.o
        86          4          0          0          0         84   f2d.o
        24          0          0          0          0         68   fcmpi.o
        54          4          0          0          0         84   ffix.o
       104          4          0          0          0         84   fleqf.o
       140          4          0          0          0         84   fnaninf.o
        10          0          0          0          0         68   fretinf.o
        98          0          0          0          0         68   frleqf.o
         0          0          0          0          0          0   usenofp.o
       220         16          0          0          0         84   floor.o
        76          0          0          0          0         84   sqrt.o

    ----------------------------------------------------------------------
      4740        202         20          0        328       3720   Library Totals
        18          0          3          0          4          0   (incl. Padding)

    ----------------------------------------------------------------------

      Code (inc. data)   RO Data    RW Data    ZI Data      Debug   Library Name

      1630         70         17          0        324       1788   c_w.l
      2796        116          0          0          0       1764   fz_ws.l
       296         16          0          0          0        168   m_ws.l

    ----------------------------------------------------------------------
      4740        202         20          0        328       3720   Library Totals

    ----------------------------------------------------------------------

==============================================================================


      Code (inc. data)   RO Data    RW Data    ZI Data      Debug   

     27520       1658       4760        336        992     138910   Grand Totals
     27520       1658       4760        172        992     138910   ELF Image Totals (compressed)
     27520       1658       4760        172          0          0   ROM Totals

==============================================================================

    Total RO  Size (Code + RO Data)                32280 (  31.52kB)
    Total RW  Size (RW Data + ZI Data)              1328 (   1.30kB)
    Total ROM Size (Code + RO Data + RW Data)      32452 (  31.69kB)

==============================================================================

