Component: ARM Compiler 5.06 update 6 (build 750) Tool: armlink [4d35ed]

==============================================================================

Section Cross References

    startup_lpc17xx.o(STACK) refers (Special) to heapauxi.o(.text) for __use_two_region_memory
    startup_lpc17xx.o(HEAP) refers (Special) to heapauxi.o(.text) for __use_two_region_memory
    startup_lpc17xx.o(RESET) refers (Special) to heapauxi.o(.text) for __use_two_region_memory
    startup_lpc17xx.o(RESET) refers to startup_lpc17xx.o(STACK) for __initial_sp
    startup_lpc17xx.o(RESET) refers to startup_lpc17xx.o(.text) for Reset_Handler
    startup_lpc17xx.o(RESET) refers to musicien.o(.text) for TIMER0_IRQHandler
    startup_lpc17xx.o(RESET) refers to main.o(.text) for TIMER1_IRQHandler
    startup_lpc17xx.o(.ARM.__at_0x02FC) refers (Special) to heapauxi.o(.text) for __use_two_region_memory
    startup_lpc17xx.o(.text) refers (Special) to heapauxi.o(.text) for __use_two_region_memory
    startup_lpc17xx.o(.text) refers to system_lpc17xx.o(.text) for SystemInit
    startup_lpc17xx.o(.text) refers to __main.o(!!!main) for __main
    startup_lpc17xx.o(.text) refers to startup_lpc17xx.o(HEAP) for Heap_Mem
    startup_lpc17xx.o(.text) refers to startup_lpc17xx.o(STACK) for Stack_Mem
    system_lpc17xx.o(.text) refers to system_lpc17xx.o(.data) for SystemCoreClock
    lpc17xx_clkpwr.o(.text) refers to system_lpc17xx.o(.data) for SystemCoreClock
    lpc17xx_timer.o(.text) refers to lpc17xx_clkpwr.o(.text) for CLKPWR_GetPCLK
    lpc17xx_timer.o(.text) refers to lludivv7m.o(.text) for __aeabi_uldivmod
    lpc17xx_timer.o(.text) refers to main.o(.text) for check_failed
    lpc17xx_ssp.o(.text) refers to main.o(.text) for check_failed
    lpc17xx_ssp.o(.text) refers to lpc17xx_clkpwr.o(.text) for CLKPWR_GetPCLK
    lpc17xx_i2c.o(.text) refers to main.o(.text) for check_failed
    lpc17xx_i2c.o(.text) refers to lpc17xx_clkpwr.o(.text) for CLKPWR_GetPCLK
    lpc17xx_i2c.o(.text) refers to lpc17xx_i2c.o(.bss) for i2cdat
    lpc17xx_i2c.o(.text) refers to lpc17xx_i2c.o(.data) for I2C_MonitorBufferIndex
    main.o(.text) refers to _printf_percent.o(.ARM.Collect$$_printf_percent$$00000000) for _printf_percent
    main.o(.text) refers to _printf_d.o(.ARM.Collect$$_printf_percent$$00000009) for _printf_d
    main.o(.text) refers to _printf_dec.o(.text) for _printf_int_dec
    main.o(.text) refers to lpc17xx_timer.o(.text) for TIM_Init
    main.o(.text) refers to lpc17xx_gpio.o(.text) for GPIO_ReadValue
    main.o(.text) refers to lpc17xx_pinsel.o(.text) for PINSEL_ConfigPin
    main.o(.text) refers to ili_lcd_general.o(.text) for lcd_Initializtion
    main.o(.text) refers to touch_panel.o(.text) for touch_init
    main.o(.text) refers to memory.o(.text) for init_i2c_eeprom
    main.o(.text) refers to musicien.o(.text) for T0_Init
    main.o(.text) refers to affichagelcd.o(.text) for dessiner_rect
    main.o(.text) refers to display.o(.text) for drawMap
    main.o(.text) refers to noretval__2sprintf.o(.text) for __2sprintf
    main.o(.text) refers to lcd_api.o(.text) for LCD_write_english_string
    main.o(.text) refers to main.o(.data) for flagTouch
    main.o(.text) refers to main.o(.constdata) for .constdata
    main.o(.text) refers to main.o(.bss) for chaine
    ili_lcd_general.o(.text) refers to lpc17xx_gpio.o(.text) for FIO_SetDir
    ili_lcd_general.o(.text) refers to ili_lcd_general.o(i.write_cmd) for write_cmd
    ili_lcd_general.o(.text) refers to ili_lcd_general.o(i.lcd_send) for lcd_send
    ili_lcd_general.o(.text) refers to ili_lcd_general.o(i.wait_delay) for wait_delay
    ili_lcd_general.o(.text) refers to ili_lcd_general.o(i.write_reg) for write_reg
    ili_lcd_general.o(.text) refers to ili_lcd_general.o(i.read_data) for read_data
    ili_lcd_general.o(.text) refers to ili_lcd_general.o(.data) for deviceid
    lcd_api.o(.text) refers to ili_lcd_general.o(.text) for lcd_SetCursor
    lcd_api.o(.text) refers to english_16x8.o(.constdata) for english
    affichagelcd.o(.text) refers to ili_lcd_general.o(.text) for lcd_SetCursor
    touch_panel.o(.text) refers to _printf_pad.o(.text) for _printf_pre_padding
    touch_panel.o(.text) refers to _printf_percent.o(.ARM.Collect$$_printf_percent$$00000000) for _printf_percent
    touch_panel.o(.text) refers to _printf_d.o(.ARM.Collect$$_printf_percent$$00000009) for _printf_d
    touch_panel.o(.text) refers to _printf_dec.o(.text) for _printf_int_dec
    touch_panel.o(.text) refers to lpc17xx_ssp.o(.text) for SSP_ReadWrite
    touch_panel.o(.text) refers to lpc17xx_pinsel.o(.text) for PINSEL_ConfigPin
    touch_panel.o(.text) refers to lpc17xx_gpio.o(.text) for GPIO_SetDir
    touch_panel.o(.text) refers to noretval__2sprintf.o(.text) for __2sprintf
    touch_panel.o(.text) refers to lcd_api.o(.text) for LCD_write_english_string
    touch_panel.o(.text) refers to touch_panel.o(.bss) for LCDSPI1Data
    touch_panel.o(.text) refers to main.o(.data) for touch_x
[...]
    libinit.o(.ARM.Collect$$libinit$$00000000) refers (Special) to libinit2.o(.ARM.Collect$$libinit$$00000033) for __rt_lib_init_return
    libinit.o(.ARM.Collect$$libinit$$00000000) refers (Special) to libinit2.o(.ARM.Collect$$libinit$$0000001D) for __rt_lib_init_signal_1
    libinit.o(.ARM.Collect$$libinit$$00000000) refers (Special) to libinit2.o(.ARM.Collect$$libinit$$00000025) for __rt_lib_init_stdio_1
    libinit.o(.ARM.Collect$$libinit$$00000000) refers (Special) to libinit2.o(.ARM.Collect$$libinit$$0000000C) for __rt_lib_init_user_alloc_1
    dcmpi.o(x$fpl$dcmpinf) refers (Special) to usenofp.o(x$fpl$usenofp) for __I$use$fp
    libspace.o(.text) refers to libspace.o(.bss) for __libspace_start
    rtexit.o(.ARM.Collect$$rtexit$$00000000) refers (Special) to rtexit2.o(.ARM.Collect$$rtexit$$00000004) for __rt_exit_exit
    rtexit.o(.ARM.Collect$$rtexit$$00000000) refers (Special) to rtexit2.o(.ARM.Collect$$rtexit$$00000003) for __rt_exit_ls
    rtexit.o(.ARM.Collect$$rtexit$$00000000) refers (Special) to rtexit2.o(.ARM.Collect$$rtexit$$00000002) for __rt_exit_prels_1
    rtexit.o(.ARM.exidx) refers (Special) to rtexit2.o(.ARM.Collect$$rtexit$$00000004) for __rt_exit_exit
    rtexit.o(.ARM.exidx) refers (Special) to rtexit2.o(.ARM.Collect$$rtexit$$00000003) for __rt_exit_ls
    rtexit.o(.ARM.exidx) refers (Special) to rtexit2.o(.ARM.Collect$$rtexit$$00000002) for __rt_exit_prels_1
    rtexit.o(.ARM.exidx) refers to rtexit.o(.ARM.Collect$$rtexit$$00000000) for .ARM.Collect$$rtexit$$00000000
    rt_raise.o(.text) refers to __raise.o(.text) for __raise
    rt_raise.o(.text) refers to sys_exit.o(.text) for _sys_exit
    defsig_exit.o(.text) refers to sys_exit.o(.text) for _sys_exit
    defsig_fpe_inner.o(.text) refers to defsig_general.o(.text) for __default_signal_display
    libinit2.o(.ARM.Collect$$libinit$$00000010) refers to libinit2.o(.ARM.Collect$$libinit$$0000000F) for .ARM.Collect$$libinit$$0000000F
    libinit2.o(.ARM.Collect$$libinit$$00000012) refers to libinit2.o(.ARM.Collect$$libinit$$0000000F) for .ARM.Collect$$libinit$$0000000F
    libinit2.o(.ARM.Collect$$libinit$$00000014) refers to libinit2.o(.ARM.Collect$$libinit$$0000000F) for .ARM.Collect$$libinit$$0000000F
    libinit2.o(.ARM.Collect$$libinit$$00000016) refers to libinit2.o(.ARM.Collect$$libinit$$0000000F) for .ARM.Collect$$libinit$$0000000F
    libinit2.o(.ARM.Collect$$libinit$$00000018) refers to libinit2.o(.ARM.Collect$$libinit$$0000000F) for .ARM.Collect$$libinit$$0000000F
    libinit2.o(.ARM.Collect$$libinit$$00000026) refers to argv_veneer.o(.emb_text) for __ARM_argv_veneer
    libinit2.o(.ARM.Collect$$libinit$$00000027) refers to argv_veneer.o(.emb_text) for __ARM_argv_veneer
    sys_exit.o(.text) refers (Special) to use_no_semi.o(.text) for __I$use$semihosting
    sys_exit.o(.text) refers (Special) to indicate_semi.o(.text) for __semihosting_library_function
    rtexit2.o(.ARM.Collect$$rtexit$$00000003) refers to libshutdown.o(.ARM.Collect$$libshutdown$$00000000) for __rt_lib_shutdown
    rtexit2.o(.ARM.Collect$$rtexit$$00000004) refers to sys_exit.o(.text) for _sys_exit
    rtexit2.o(.ARM.exidx) refers to rtexit2.o(.ARM.Collect$$rtexit$$00000001) for .ARM.Collect$$rtexit$$00000001
    rtexit2.o(.ARM.exidx) refers to rtexit2.o(.ARM.Collect$$rtexit$$00000003) for .ARM.Collect$$rtexit$$00000003
    rtexit2.o(.ARM.exidx) refers to rtexit2.o(.ARM.Collect$$rtexit$$00000004) for .ARM.Collect$$rtexit$$00000004
    __raise.o(.text) refers to defsig.o(CL$$defsig) for __default_signal_handler
    defsig_general.o(.text) refers to sys_wrch.o(.text) for _ttywrch
    argv_veneer.o(.emb_text) refers to no_argv.o(.text) for __ARM_get_argv
    sys_wrch.o(.text) refers (Special) to use_no_semi.o(.text) for __I$use$semihosting
    sys_wrch.o(.text) refers (Special) to indicate_semi.o(.text) for __semihosting_library_function
    defsig.o(CL$$defsig) refers to defsig_fpe_inner.o(.text) for __rt_SIGFPE_inner
    defsig.o(CL$$defsig) refers to defsig_rtmem_inner.o(.text) for __rt_SIGRTMEM_inner
    _get_argv_nomalloc.o(.text) refers (Special) to hrguard.o(.text) for __heap_region$guard
    _get_argv_nomalloc.o(.text) refers to defsig_rtmem_outer.o(.text) for __rt_SIGRTMEM
    _get_argv_nomalloc.o(.text) refers to sys_command.o(.text) for _sys_command_string
    libshutdown.o(.ARM.Collect$$libshutdown$$00000000) refers (Special) to libshutdown2.o(.ARM.Collect$$libshutdown$$00000002) for __rt_lib_shutdown_cpp_1
    libshutdown.o(.ARM.Collect$$libshutdown$$00000000) refers (Special) to libshutdown2.o(.ARM.Collect$$libshutdown$$00000007) for __rt_lib_shutdown_fp_trap_1
    libshutdown.o(.ARM.Collect$$libshutdown$$00000000) refers (Special) to libshutdown2.o(.ARM.Collect$$libshutdown$$0000000F) for __rt_lib_shutdown_heap_1
    libshutdown.o(.ARM.Collect$$libshutdown$$00000000) refers (Special) to libshutdown2.o(.ARM.Collect$$libshutdown$$00000010) for __rt_lib_shutdown_return
    libshutdown.o(.ARM.Collect$$libshutdown$$00000000) refers (Special) to libshutdown2.o(.ARM.Collect$$libshutdown$$0000000A) for __rt_lib_shutdown_signal_1
    libshutdown.o(.ARM.Collect$$libshutdown$$00000000) refers (Special) to libshutdown2.o(.ARM.Collect$$libshutdown$$00000004) for __rt_lib_shutdown_stdio_1
    libshutdown.o(.ARM.Collect$$libshutdown$$00000000) refers (Special) to libshutdown2.o(.ARM.Collect$$libshutdown$$0000000C) for __rt_lib_shutdown_user_alloc_1
    sys_command.o(.text) refers (Special) to use_no_semi.o(.text) for __I$use$semihosting
    sys_command.o(.text) refers (Special) to indicate_semi.o(.text) for __semihosting_library_function
    defsig_abrt_inner.o(.text) refers to defsig_general.o(.text) for __default_signal_display
    defsig_rtred_inner.o(.text) refers to defsig_general.o(.text) for __default_signal_display
    defsig_rtmem_inner.o(.text) refers to defsig_general.o(.text) for __default_signal_display
    defsig_rtmem_outer.o(.text) refers to defsig_rtmem_inner.o(.text) for __rt_SIGRTMEM_inner
    defsig_rtmem_outer.o(.text) refers to defsig_exit.o(.text) for __sig_exit
    defsig_rtmem_formal.o(.text) refers to rt_raise.o(.text) for __rt_raise
    defsig_stak_inner.o(.text) refers to defsig_general.o(.text) for __default_signal_display
    defsig_pvfn_inner.o(.text) refers to defsig_general.o(.text) for __default_signal_display
    defsig_cppl_inner.o(.text) refers to defsig_general.o(.text) for __default_signal_display
    defsig_segv_inner.o(.text) refers to defsig_general.o(.text) for __default_signal_display
    defsig_other.o(.text) refers to defsig_general.o(.text) for __default_signal_display
    ili_lcd_general.o(i.write_cmd) refers to ili_lcd_general.o(i.lcd_send) for lcd_send
    ili_lcd_general.o(i.write_cmd) refers to ili_lcd_general.o(i.wait_delay) for wait_delay
    ili_lcd_general.o(i.read_data) refers to ili_lcd_general.o(i.wait_delay) for wait_delay
    ili_lcd_general.o(i.write_reg) refers to ili_lcd_general.o(i.write_cmd) for write_cmd
    ili_lcd_general.o(i.write_reg) refers to ili_lcd_general.o(.text) for write_data


==============================================================================

Removing Unused input sections from the image.

    Removing system_lpc17xx.o(.emb_text), (8 bytes).
    Removing lpc17xx_clkpwr.o(.emb_text), (8 bytes).
    Removing lpc17xx_gpio.o(.emb_text), (8 bytes).
    Removing lpc17xx_pinsel.o(.emb_text), (8 bytes).
    Removing lpc17xx_timer.o(.emb_text), (8 bytes).
    Removing lpc17xx_exti.o(.emb_text), (8 bytes).
    Removing lpc17xx_exti.o(.text), (172 bytes).
    Removing lpc17xx_nvic.o(.emb_text), (8 bytes).
    Removing lpc17xx_nvic.o(.text), (156 bytes).
    Removing lpc17xx_ssp.o(.emb_text), (8 bytes).
    Removing lpc17xx_i2c.o(.emb_text), (8 bytes).
    Removing main.o(.emb_text), (8 bytes).
    Removing ili_lcd_general.o(.emb_text), (8 bytes).
    Removing lcd_api.o(.emb_text), (8 bytes).
    Removing affichagelcd.o(.emb_text), (8 bytes).
    Removing touch_panel.o(.emb_text), (8 bytes).
    Removing display.o(.emb_text), (8 bytes).
    Removing memory.o(.emb_text), (8 bytes).
    Removing musicien.o(.emb_text), (8 bytes).
    Removing musicien.o(.bss), (116 bytes).

20 unused section(s) (total 580 bytes) removed from the image.

==============================================================================

Image Symbol Table

    Local Symbols

    Symbol Name                              Value     Ov Type        Size  Object(Section)

    RESET                                    0x00000000   Section      204  startup_lpc17xx.o(RESET)
    ../clib/angel/boardlib.s                 0x00000000   Number         0  boardinit1.o ABSOLUTE
    ../clib/angel/boardlib.s                 0x00000000   Number         0  boardshut.o ABSOLUTE
    ../clib/angel/boardlib.s                 0x00000000   Number         0  boardinit3.o ABSOLUTE
    ../clib/angel/boardlib.s                 0x00000000   Number         0  boardinit2.o ABSOLUTE
    ../clib/angel/dczerorl2.s                0x00000000   Number         0  __dczerorl2.o ABSOLUTE
    ../clib/angel/handlers.s                 0x00000000   Number         0  __scatter_zi.o ABSOLUTE
    ../clib/angel/kernel.s                   0x00000000   Number         0  __rtentry.o ABSOLUTE
    ../clib/angel/kernel.s                   0x00000000   Number         0  rtexit.o ABSOLUTE
    ../clib/angel/kernel.s                   0x00000000   Number         0  rtexit2.o ABSOLUTE
    ../clib/angel/kernel.s                   0x00000000   Number         0  __rtentry4.o ABSOLUTE
    ../clib/angel/kernel.s                   0x00000000   Number         0  __rtentry2.o ABSOLUTE
    ../clib/angel/rt.s                       0x00000000   Number         0  rt_raise.o ABSOLUTE
    ../clib/angel/rt.s                       0x00000000   Number         0  aeabi_ldiv0.o ABSOLUTE
    ../clib/angel/rt.s                       0x00000000   Number         0  aeabi_ldiv0_sigfpe.o ABSOLUTE
    ../clib/angel/rt.s                       0x00000000   Number         0  rt_div0.o ABSOLUTE
    ../clib/angel/scatter.s                  0x00000000   Number         0  __scatter.o ABSOLUTE
    ../clib/angel/startup.s                  0x00000000   Number         0  __main.o ABSOLUTE
    ../clib/angel/sys.s                      0x00000000   Number         0  indicate_semi.o ABSOLUTE
    ../clib/angel/sys.s                      0x00000000   Number         0  sys_stackheap_outer.o ABSOLUTE
    ../clib/angel/sys.s                      0x00000000   Number         0  use_no_semi.o ABSOLUTE
    ../clib/angel/sys.s                      0x00000000   Number         0  libspace.o ABSOLUTE
    ../clib/angel/sysapp.c                   0x00000000   Number         0  sys_exit.o ABSOLUTE
    ../clib/angel/sysapp.c                   0x00000000   Number         0  sys_wrch.o ABSOLUTE
    ../clib/angel/sysapp.c                   0x00000000   Number         0  sys_command.o ABSOLUTE
    ../clib/armsys.c                         0x00000000   Number         0  no_argv.o ABSOLUTE
    ../clib/armsys.c                         0x00000000   Number         0  argv_veneer.o ABSOLUTE
    ../clib/armsys.c                         0x00000000   Number         0  _get_argv_nomalloc.o ABSOLUTE
    ../clib/armsys.c                         0x00000000   Number         0  argv_veneer.o ABSOLUTE
    ../clib/heapalloc.c                      0x00000000   Number         0  hrguard.o ABSOLUTE
    ../clib/heapaux.c                        0x00000000   Number         0  heapauxi.o ABSOLUTE
    ../clib/libinit.s                        0x00000000   Number         0  libinit.o ABSOLUTE
    ../clib/libinit.s                        0x00000000   Number         0  libshutdown.o ABSOLUTE
    ../clib/libinit.s                        0x00000000   Number         0  libinit2.o ABSOLUTE
    ../clib/libinit.s                        0x00000000   Number         0  libshutdown2.o ABSOLUTE
    ../clib/longlong.s                       0x00000000   Number         0  lludivv7m.o ABSOLUTE
    ../clib/misc.s                           0x00000000   Number         0  printf_stubs.o ABSOLUTE
    ../clib/printf.c                         0x00000000   Number         0  __printf_flags_ss_wp.o ABSOLUTE
    ../clib/printf.c                         0x00000000   Number         0  __printf_ss_wp.o ABSOLUTE
    ../clib/printf.c                         0x00000000   Number         0  __printf_flags_wp.o ABSOLUTE
    ../clib/printf.c                         0x00000000   Number         0  __printf_flags_ss.o ABSOLUTE
    ../clib/printf.c                         0x00000000   Number         0  __printf_ss.o ABSOLUTE
    ../clib/printf.c                         0x00000000   Number         0  _printf_pad.o ABSOLUTE
    ../clib/printf.c                         0x00000000   Number         0  _printf_char_common.o ABSOLUTE
    ../clib/printf.c                         0x00000000   Number         0  __printf_nopercent.o ABSOLUTE
    ../clib/printf.c                         0x00000000   Number         0  __printf.o ABSOLUTE
    ../clib/printf.c                         0x00000000   Number         0  _printf_dec.o ABSOLUTE
    ../clib/printf.c                         0x00000000   Number         0  __2sprintf.o ABSOLUTE
    ../clib/printf.c                         0x00000000   Number         0  _sputc.o ABSOLUTE
    ../clib/printf.c                         0x00000000   Number         0  noretval__2sprintf.o ABSOLUTE
    ../clib/printf.c                         0x00000000   Number         0  _printf_intcommon.o ABSOLUTE
    ../clib/printf.c                         0x00000000   Number         0  __printf_wp.o ABSOLUTE
    ../clib/printf.c                         0x00000000   Number         0  __printf_flags.o ABSOLUTE
    ../clib/printf_percent.s                 0x00000000   Number         0  _printf_percent_end.o ABSOLUTE
    ../clib/printf_percent.s                 0x00000000   Number         0  _printf_percent.o ABSOLUTE
    ../clib/printf_percent.s                 0x00000000   Number         0  _printf_d.o ABSOLUTE
    ../clib/signal.c                         0x00000000   Number         0  defsig_stak_inner.o ABSOLUTE
    ../clib/signal.c                         0x00000000   Number         0  defsig_rtmem_formal.o ABSOLUTE
    ../clib/signal.c                         0x00000000   Number         0  defsig_rtmem_outer.o ABSOLUTE
    ../clib/signal.c                         0x00000000   Number         0  defsig_rtmem_inner.o ABSOLUTE
    ../clib/signal.c                         0x00000000   Number         0  defsig_rtred_inner.o ABSOLUTE
    ../clib/signal.c                         0x00000000   Number         0  defsig_abrt_inner.o ABSOLUTE
    ../clib/signal.c                         0x00000000   Number         0  defsig_general.o ABSOLUTE
    ../clib/signal.c                         0x00000000   Number         0  __raise.o ABSOLUTE
    ../clib/signal.c                         0x00000000   Number         0  defsig_fpe_inner.o ABSOLUTE
    ../clib/signal.c                         0x00000000   Number         0  defsig_exit.o ABSOLUTE
    ../clib/signal.c                         0x00000000   Number         0  defsig_other.o ABSOLUTE
    ../clib/signal.c                         0x00000000   Number         0  defsig_fpe_formal.o ABSOLUTE
    ../clib/signal.c                         0x00000000   Number         0  defsig_fpe_outer.o ABSOLUTE
    ../clib/signal.c                         0x00000000   Number         0  defsig_segv_inner.o ABSOLUTE
    ../clib/signal.c                         0x00000000   Number         0  defsig_cppl_inner.o ABSOLUTE
    ../clib/signal.c                         0x00000000   Number         0  defsig_pvfn_inner.o ABSOLUTE
    ../clib/signal.s                         0x00000000   Number         0  defsig.o ABSOLUTE
    ../clib/stdlib.c                         0x00000000   Number         0  exit.o ABSOLUTE
    ../fplib/daddsub.s                       0x00000000   Number         0  daddsub_clz.o ABSOLUTE
    ../fplib/dcmpi.s                         0x00000000   Number         0  dcmpi.o ABSOLUTE
    ../fplib/dfix.s                          0x00000000   Number         0  dfix.o ABSOLUTE
    ../fplib/dfixu.s                         0x00000000   Number         0  dfixu.o ABSOLUTE
    ../fplib/dflt.s                          0x00000000   Number         0  dflt_clz.o ABSOLUTE
    ../fplib/dleqf.s                         0x00000000   Number         0  dleqf.o ABSOLUTE
    ../fplib/dmul.s                          0x00000000   Number         0  dmul.o ABSOLUTE
    ../fplib/dnaninf.s                       0x00000000   Number         0  dnaninf.o ABSOLUTE
    ../fplib/dretinf.s                       0x00000000   Number         0  dretinf.o ABSOLUTE
    ../fplib/drleqf.s                        0x00000000   Number         0  drleqf.o ABSOLUTE
    ../fplib/fpinit.s                        0x00000000   Number         0  fpinit.o ABSOLUTE
    ../fplib/usenofp.s                       0x00000000   Number         0  usenofp.o ABSOLUTE
    ../mathlib/floor.c                       0x00000000   Number         0  floor.o ABSOLUTE
    ..\Libraries\CM3\CoreSupport\core_cm3.c  0x00000000   Number         0  core_cm3.o ABSOLUTE
    ..\Libraries\CM3\DeviceSupport\NXP\LPC17xx\startup\arm\startup_LPC17xx.s 0x00000000   Number         0  startup_lpc17xx.o ABSOLUTE
    ..\Libraries\CM3\DeviceSupport\NXP\LPC17xx\system_LPC17xx.c 0x00000000   Number         0  system_lpc17xx.o ABSOLUTE
    ..\Libraries\LCP1768_StdPeriph_Driver\source\lpc17xx_clkpwr.c 0x00000000   Number         0  lpc17xx_clkpwr.o ABSOLUTE
    ..\Libraries\LCP1768_StdPeriph_Driver\source\lpc17xx_exti.c 0x00000000   Number         0  lpc17xx_exti.o ABSOLUTE
    ..\Libraries\LCP1768_StdPeriph_Driver\source\lpc17xx_gpio.c 0x00000000   Number         0  lpc17xx_gpio.o ABSOLUTE
    ..\Libraries\LCP1768_StdPeriph_Driver\source\lpc17xx_i2c.c 0x00000000   Number         0  lpc17xx_i2c.o ABSOLUTE
    ..\Libraries\LCP1768_StdPeriph_Driver\source\lpc17xx_nvic.c 0x00000000   Number         0  lpc17xx_nvic.o ABSOLUTE
    ..\Libraries\LCP1768_StdPeriph_Driver\source\lpc17xx_pinsel.c 0x00000000   Number         0  lpc17xx_pinsel.o ABSOLUTE
    ..\Libraries\LCP1768_StdPeriph_Driver\source\lpc17xx_ssp.c 0x00000000   Number         0  lpc17xx_ssp.o ABSOLUTE
    ..\Libraries\LCP1768_StdPeriph_Driver\source\lpc17xx_timer.c 0x00000000   Number         0  lpc17xx_timer.o ABSOLUTE
    ..\User\affichagelcd.c                   0x00000000   Number         0  affichagelcd.o ABSOLUTE
    ..\User\display.c                        0x00000000   Number         0  display.o ABSOLUTE
    ..\User\main.c                           0x00000000   Number         0  main.o ABSOLUTE
    ..\User\memory.c                         0x00000000   Number         0  memory.o ABSOLUTE
    ..\User\musicien.c                       0x00000000   Number         0  musicien.o ABSOLUTE
    ..\User\touch\english_16x8.c             0x00000000   Number         0  english_16x8.o ABSOLUTE
    ..\User\touch\ili_lcd_general.c          0x00000000   Number         0  ili_lcd_general.o ABSOLUTE
    ..\User\touch\lcd_api.c                  0x00000000   Number         0  lcd_api.o ABSOLUTE
    ..\User\touch\touch_panel.c              0x00000000   Number         0  touch_panel.o ABSOLUTE
    ..\\Libraries\\CM3\\DeviceSupport\\NXP\\LPC17xx\\system_LPC17xx.c 0x00000000   Number         0  system_lpc17xx.o ABSOLUTE
    ..\\Libraries\\LCP1768_StdPeriph_Driver\\source\\lpc17xx_clkpwr.c 0x00000000   Number         0  lpc17xx_clkpwr.o ABSOLUTE
    ..\\Libraries\\LCP1768_StdPeriph_Driver\\source\\lpc17xx_exti.c 0x00000000   Number         0  lpc17xx_exti.o ABSOLUTE
    ..\\Libraries\\LCP1768_StdPeriph_Driver\\source\\lpc17xx_gpio.c 0x00000000   Number         0  lpc17xx_gpio.o ABSOLUTE
    ..\\Libraries\\LCP1768_StdPeriph_Driver\\source\\lpc17xx_i2c.c 0x00000000   Number         0  lpc17xx_i2c.o ABSOLUTE
    ..\\Libraries\\LCP1768_StdPeriph_Driver\\source\\lpc17xx_nvic.c 0x00000000   Number         0  lpc17xx_nvic.o ABSOLUTE
    ..\\Libraries\\LCP1768_StdPeriph_Driver\\source\\lpc17xx_pinsel.c 0x00000000   Number         0  lpc17xx_pinsel.o ABSOLUTE
    ..\\Libraries\\LCP1768_StdPeriph_Driver\\source\\lpc17xx_ssp.c 0x00000000   Number         0  lpc17xx_ssp.o ABSOLUTE
    ..\\Libraries\\LCP1768_StdPeriph_Driver\\source\\lpc17xx_timer.c 0x00000000   Number         0  lpc17xx_timer.o ABSOLUTE
    ..\\User\\affichagelcd.c                 0x00000000   Number         0  affichagelcd.o ABSOLUTE
    ..\\User\\display.c                      0x00000000   Number         0  display.o ABSOLUTE
    ..\\User\\main.c                         0x00000000   Number         0  main.o ABSOLUTE
    ..\\User\\memory.c                       0x00000000   Number         0  memory.o ABSOLUTE
    ..\\User\\musicien.c                     0x00000000   Number         0  musicien.o ABSOLUTE
    ..\\User\\touch\\ili_lcd_general.c       0x00000000   Number         0  ili_lcd_general.o ABSOLUTE
    ..\\User\\touch\\lcd_api.c               0x00000000   Number         0  lcd_api.o ABSOLUTE
    ..\\User\\touch\\touch_panel.c           0x00000000   Number         0  touch_panel.o ABSOLUTE
    dc.s                                     0x00000000   Number         0  dc.o ABSOLUTE
    !!!main                                  0x000000cc   Section        8  __main.o(!!!main)
    !!!scatter                               0x000000d4   Section       52  __scatter.o(!!!scatter)
    !!dczerorl2                              0x00000108   Section       90  __dczerorl2.o(!!dczerorl2)
    !!handler_zi                             0x00000164   Section       28  __scatter_zi.o(!!handler_zi)
    .ARM.Collect$$_printf_percent$$00000000  0x00000180   Section        0  _printf_percent.o(.ARM.Collect$$_printf_percent$$00000000)
    .ARM.Collect$$_printf_percent$$00000009  0x00000180   Section        6  _printf_d.o(.ARM.Collect$$_printf_percent$$00000009)
    .ARM.Collect$$_printf_percent$$00000017  0x00000186   Section        4  _printf_percent_end.o(.ARM.Collect$$_printf_percent$$00000017)
    .ARM.Collect$$libinit$$00000000          0x0000018a   Section        2  libinit.o(.ARM.Collect$$libinit$$00000000)
    .ARM.Collect$$libinit$$00000002          0x0000018c   Section        0  libinit2.o(.ARM.Collect$$libinit$$00000002)
    .ARM.Collect$$libinit$$00000004          0x0000018c   Section        0  libinit2.o(.ARM.Collect$$libinit$$00000004)
    .ARM.Collect$$libinit$$0000000A          0x0000018c   Section        0  libinit2.o(.ARM.Collect$$libinit$$0000000A)
    .ARM.Collect$$libinit$$0000000C          0x0000018c   Section        0  libinit2.o(.ARM.Collect$$libinit$$0000000C)
    .ARM.Collect$$libinit$$0000000E          0x0000018c   Section        0  libinit2.o(.ARM.Collect$$libinit$$0000000E)
    .ARM.Collect$$libinit$$00000011          0x0000018c   Section        0  libinit2.o(.ARM.Collect$$libinit$$00000011)
    .ARM.Collect$$libinit$$00000013          0x0000018c   Section        0  libinit2.o(.ARM.Collect$$libinit$$00000013)
    .ARM.Collect$$libinit$$00000015          0x0000018c   Section        0  libinit2.o(.ARM.Collect$$libinit$$00000015)
    .ARM.Collect$$libinit$$00000017          0x0000018c   Section        0  libinit2.o(.ARM.Collect$$libinit$$00000017)
    .ARM.Collect$$libinit$$00000019          0x0000018c   Section        0  libinit2.o(.ARM.Collect$$libinit$$00000019)
    .ARM.Collect$$libinit$$0000001B          0x0000018c   Section        0  libinit2.o(.ARM.Collect$$libinit$$0000001B)
    .ARM.Collect$$libinit$$0000001D          0x0000018c   Section        0  libinit2.o(.ARM.Collect$$libinit$$0000001D)
    .ARM.Collect$$libinit$$0000001F          0x0000018c   Section        0  libinit2.o(.ARM.Collect$$libinit$$0000001F)
    .ARM.Collect$$libinit$$00000021          0x0000018c   Section        0  libinit2.o(.ARM.Collect$$libinit$$00000021)
    .ARM.Collect$$libinit$$00000023          0x0000018c   Section        0  libinit2.o(.ARM.Collect$$libinit$$00000023)
    .ARM.Collect$$libinit$$00000025          0x0000018c   Section        0  libinit2.o(.ARM.Collect$$libinit$$00000025)
    .ARM.Collect$$libinit$$0000002C          0x0000018c   Section        0  libinit2.o(.ARM.Collect$$libinit$$0000002C)
    .ARM.Collect$$libinit$$0000002E          0x0000018c   Section        0  libinit2.o(.ARM.Collect$$libinit$$0000002E)
    .ARM.Collect$$libinit$$00000030          0x0000018c   Section        0  libinit2.o(.ARM.Collect$$libinit$$00000030)
    .ARM.Collect$$libinit$$00000032          0x0000018c   Section        0  libinit2.o(.ARM.Collect$$libinit$$00000032)
    .ARM.Collect$$libinit$$00000033          0x0000018c   Section        2  libinit2.o(.ARM.Collect$$libinit$$00000033)
    .ARM.Collect$$libshutdown$$00000000      0x0000018e   Section        2  libshutdown.o(.ARM.Collect$$libshutdown$$00000000)
    .ARM.Collect$$libshutdown$$00000002      0x00000190   Section        0  libshutdown2.o(.ARM.Collect$$libshutdown$$00000002)
    .ARM.Collect$$libshutdown$$00000004      0x00000190   Section        0  libshutdown2.o(.ARM.Collect$$libshutdown$$00000004)
    .ARM.Collect$$libshutdown$$00000007      0x00000190   Section        0  libshutdown2.o(.ARM.Collect$$libshutdown$$00000007)
    .ARM.Collect$$libshutdown$$0000000A      0x00000190   Section        0  libshutdown2.o(.ARM.Collect$$libshutdown$$0000000A)
    .ARM.Collect$$libshutdown$$0000000C      0x00000190   Section        0  libshutdown2.o(.ARM.Collect$$libshutdown$$0000000C)
    .ARM.Collect$$libshutdown$$0000000F      0x00000190   Section        0  libshutdown2.o(.ARM.Collect$$libshutdown$$0000000F)
    .ARM.Collect$$libshutdown$$00000010      0x00000190   Section        2  libshutdown2.o(.ARM.Collect$$libshutdown$$00000010)
    .ARM.Collect$$rtentry$$00000000          0x00000192   Section        0  __rtentry.o(.ARM.Collect$$rtentry$$00000000)
    .ARM.Collect$$rtentry$$00000002          0x00000192   Section        0  __rtentry2.o(.ARM.Collect$$rtentry$$00000002)
    .ARM.Collect$$rtentry$$00000004          0x00000192   Section        6  __rtentry4.o(.ARM.Collect$$rtentry$$00000004)
    .ARM.Collect$$rtentry$$00000009          0x00000198   Section        0  __rtentry2.o(.ARM.Collect$$rtentry$$00000009)
    .ARM.Collect$$rtentry$$0000000A          0x00000198   Section        4  __rtentry2.o(.ARM.Collect$$rtentry$$0000000A)
    .ARM.Collect$$rtentry$$0000000C          0x0000019c   Section        0  __rtentry2.o(.ARM.Collect$$rtentry$$0000000C)
    .ARM.Collect$$rtentry$$0000000D          0x0000019c   Section        8  __rtentry2.o(.ARM.Collect$$rtentry$$0000000D)
    .ARM.Collect$$rtexit$$00000000           0x000001a4   Section        2  rtexit.o(.ARM.Collect$$rtexit$$00000000)
    .ARM.Collect$$rtexit$$00000002           0x000001a6   Section        0  rtexit2.o(.ARM.Collect$$rtexit$$00000002)
    .ARM.Collect$$rtexit$$00000003           0x000001a6   Section        4  rtexit2.o(.ARM.Collect$$rtexit$$00000003)
    .ARM.Collect$$rtexit$$00000004           0x000001aa   Section        6  rtexit2.o(.ARM.Collect$$rtexit$$00000004)
    .text                                    0x000001b0   Section       60  startup_lpc17xx.o(.text)
    .text                                    0x000001ec   Section        0  lpc17xx_pinsel.o(.text)
    set_PinFunc                              0x000001ed   Thumb Code    60  lpc17xx_pinsel.o(.text)
    set_ResistorMode                         0x00000229   Thumb Code    62  lpc17xx_pinsel.o(.text)
    set_OpenDrainMode                        0x00000267   Thumb Code    44  lpc17xx_pinsel.o(.text)
    .text                                    0x000002ec   Section        0  heapauxi.o(.text)
    .text                                    0x000002f2   Section        0  _sputc.o(.text)
    .ARM.__at_0x02FC                         0x000002fc   Section        4  startup_lpc17xx.o(.ARM.__at_0x02FC)
    .text                                    0x00000300   Section        0  system_lpc17xx.o(.text)
    .text                                    0x00000580   Section        0  lpc17xx_clkpwr.o(.text)
    .text                                    0x000006c0   Section        0  lpc17xx_gpio.o(.text)
    GPIO_GetPointer                          0x000006c1   Thumb Code    52  lpc17xx_gpio.o(.text)
    FIO_HalfWordGetPointer                   0x000006f5   Thumb Code    52  lpc17xx_gpio.o(.text)
    FIO_ByteGetPointer                       0x00000729   Thumb Code    52  lpc17xx_gpio.o(.text)
    .text                                    0x00000acc   Section        0  lpc17xx_timer.o(.text)
    getPClock                                0x00000acd   Thumb Code    66  lpc17xx_timer.o(.text)
    converUSecToVal                          0x00000b0f   Thumb Code    50  lpc17xx_timer.o(.text)
    converPtrToTimeNum                       0x00000b41   Thumb Code    46  lpc17xx_timer.o(.text)
    .text                                    0x00001150   Section        0  lpc17xx_ssp.o(.text)
    setSSPclock                              0x00001151   Thumb Code   130  lpc17xx_ssp.o(.text)
    .text                                    0x00001820   Section        0  lpc17xx_i2c.o(.text)
    I2C_getNum                               0x00001821   Thumb Code    38  lpc17xx_i2c.o(.text)
    I2C_Start                                0x00001847   Thumb Code    34  lpc17xx_i2c.o(.text)
    I2C_Stop                                 0x00001869   Thumb Code    22  lpc17xx_i2c.o(.text)
    I2C_SendByte                             0x0000187f   Thumb Code    42  lpc17xx_i2c.o(.text)
    I2C_GetByte                              0x000018a9   Thumb Code    44  lpc17xx_i2c.o(.text)
    I2C_SetClock                             0x000018d5   Thumb Code    98  lpc17xx_i2c.o(.text)
    NVIC_EnableIRQ                           0x00002381   Thumb Code    22  lpc17xx_i2c.o(.text)
    NVIC_DisableIRQ                          0x00002397   Thumb Code    18  lpc17xx_i2c.o(.text)
    .text                                    0x000023c8   Section        0  main.o(.text)
    .text                                    0x00002784   Section        0  ili_lcd_general.o(.text)
    delay                                    0x00002785   Thumb Code    14  ili_lcd_general.o(.text)
    lcd_port_init                            0x00002793   Thumb Code    48  ili_lcd_general.o(.text)
    .text                                    0x00003298   Section        0  lcd_api.o(.text)
    .text                                    0x00003348   Section        0  affichagelcd.o(.text)
    .text                                    0x00003438   Section        0  touch_panel.o(.text)
    .text                                    0x00003810   Section        0  display.o(.text)
    .text                                    0x00004434   Section        0  memory.o(.text)
    .text                                    0x0000473c   Section        0  musicien.o(.text)
    .text                                    0x00004938   Section      238  lludivv7m.o(.text)
    .text                                    0x00004a28   Section        0  noretval__2sprintf.o(.text)
    .text                                    0x00004a50   Section        0  _printf_pad.o(.text)
    .text                                    0x00004aa0   Section        0  _printf_dec.o(.text)
    .text                                    0x00004b18   Section        0  __printf_flags_wp.o(.text)
    .text                                    0x00004c50   Section        0  _printf_intcommon.o(.text)
    .text                                    0x00004d04   Section        0  _printf_char_common.o(.text)
    _printf_input_char                       0x00004d05   Thumb Code    10  _printf_char_common.o(.text)
    .text                                    0x00004d34   Section       74  sys_stackheap_outer.o(.text)
    .text                                    0x00004d7e   Section        0  exit.o(.text)
    .text                                    0x00004d90   Section        8  libspace.o(.text)
    .text                                    0x00004d98   Section        0  sys_exit.o(.text)
    .text                                    0x00004da4   Section        2  use_no_semi.o(.text)
    .text                                    0x00004da6   Section        0  indicate_semi.o(.text)
    i._is_digit                              0x00004da6   Section        0  __printf_wp.o(i._is_digit)
    i.floor                                  0x00004db4   Section        0  floor.o(i.floor)
    i.lcd_send                               0x00004e90   Section        0  ili_lcd_general.o(i.lcd_send)
    i.read_data                              0x00004ebc   Section        0  ili_lcd_general.o(i.read_data)
    i.wait_delay                             0x00004f34   Section        0  ili_lcd_general.o(i.wait_delay)
    i.write_cmd                              0x00004f48   Section        0  ili_lcd_general.o(i.write_cmd)
    i.write_reg                              0x00004f88   Section        0  ili_lcd_general.o(i.write_reg)
    x$fpl$dadd                               0x00004f9c   Section      336  daddsub_clz.o(x$fpl$dadd)
    _dadd1                                   0x00004fad   Thumb Code     0  daddsub_clz.o(x$fpl$dadd)
    x$fpl$dcmpinf                            0x000050ec   Section       24  dcmpi.o(x$fpl$dcmpinf)
    x$fpl$dfix                               0x00005104   Section       94  dfix.o(x$fpl$dfix)
    x$fpl$dfixu                              0x00005164   Section       90  dfixu.o(x$fpl$dfixu)
    x$fpl$dfltu                              0x000051be   Section       38  dflt_clz.o(x$fpl$dfltu)
    x$fpl$dleqf                              0x000051e4   Section      120  dleqf.o(x$fpl$dleqf)
    x$fpl$dmul                               0x0000525c   Section      340  dmul.o(x$fpl$dmul)
    x$fpl$dnaninf                            0x000053b0   Section      156  dnaninf.o(x$fpl$dnaninf)
    x$fpl$dretinf                            0x0000544c   Section       12  dretinf.o(x$fpl$dretinf)
    x$fpl$drleqf                             0x00005458   Section      108  drleqf.o(x$fpl$drleqf)
    x$fpl$drsb                               0x000054c4   Section       22  daddsub_clz.o(x$fpl$drsb)
    x$fpl$dsub                               0x000054dc   Section      468  daddsub_clz.o(x$fpl$dsub)
    _dsub1                                   0x000054ed   Thumb Code     0  daddsub_clz.o(x$fpl$dsub)
    .constdata                               0x000056b0   Section       16  main.o(.constdata)
    x$fpl$usenofp                            0x000056b0   Section        0  usenofp.o(x$fpl$usenofp)
    .constdata                               0x000056c0   Section     1520  english_16x8.o(.constdata)
    .constdata                               0x00005cb0   Section     5639  display.o(.constdata)
    .constdata                               0x000072b7   Section       17  __printf_flags_wp.o(.constdata)
    maptable                                 0x000072b7   Data          17  __printf_flags_wp.o(.constdata)
    .data                                    0x10000000   Section        4  system_lpc17xx.o(.data)
    .data                                    0x10000004   Section        4  lpc17xx_i2c.o(.data)
    I2C_MonitorBufferIndex                   0x10000004   Data           4  lpc17xx_i2c.o(.data)
    .data                                    0x10000008   Section        5  main.o(.data)
    .data                                    0x1000000e   Section        2  ili_lcd_general.o(.data)
    deviceid                                 0x1000000e   Data           2  ili_lcd_general.o(.data)
    .data                                    0x10000010   Section      225  display.o(.data)
    .data                                    0x100000f4   Section      194  musicien.o(.data)
    .bss                                     0x100001b8   Section       48  lpc17xx_i2c.o(.bss)
    i2cdat                                   0x100001b8   Data          24  lpc17xx_i2c.o(.bss)
    I2C_SlaveComplete                        0x100001dc   Data          12  lpc17xx_i2c.o(.bss)
    .bss                                     0x100001e8   Section       30  main.o(.bss)
    .bss                                     0x10000208   Section       24  touch_panel.o(.bss)
    .bss                                     0x10000220   Section       30  display.o(.bss)
    .bss                                     0x10000240   Section       96  libspace.o(.bss)
    HEAP                                     0x100002a0   Section        0  startup_lpc17xx.o(HEAP)
    STACK                                    0x100002a0   Section      512  startup_lpc17xx.o(STACK)
    Heap_Mem                                 0x100002a0   Data           0  startup_lpc17xx.o(HEAP)
    Stack_Mem                                0x100002a0   Data         512  startup_lpc17xx.o(STACK)
    __initial_sp                             0x100004a0   Data           0  startup_lpc17xx.o(STACK)

    Global Symbols

    Symbol Name                              Value     Ov Type        Size  Object(Section)

    BuildAttributes$$THM_ISAv4$P$D$K$B$S$PE$A:L22UL41UL21$X:L11$S22US41US21$IEEE1$IW$USESV6$~STKCKD$USESV7$ENUMINT$~SHL$OTIME$ROPI$IEEEJ$EBA8$UX$STANDARDLIB$REQ8$PRES8$EABIv2 0x00000000   Number         0  anon$$obj.o ABSOLUTE
    __ARM_use_no_argv                        0x00000000   Number         0  main.o ABSOLUTE
    __Vectors                                0x00000000   Data           4  startup_lpc17xx.o(RESET)
    _printf_flags                            0x00000000   Number         0  printf_stubs.o ABSOLUTE
    _printf_return_value                     0x00000000   Number         0  printf_stubs.o ABSOLUTE
    _printf_sizespec                         0x00000000   Number         0  printf_stubs.o ABSOLUTE
    _printf_widthprec                        0x00000000   Number         0  printf_stubs.o ABSOLUTE
    __ARM_exceptions_init                     - Undefined Weak Reference
    __alloca_initialize                       - Undefined Weak Reference
    __arm_preinit_                            - Undefined Weak Reference
    __cpp_initialize__aeabi_                  - Undefined Weak Reference
    __cxa_finalize                            - Undefined Weak Reference
    __rt_locale                               - Undefined Weak Reference
    __sigvec_lookup                           - Undefined Weak Reference
    _atexit_init                              - Undefined Weak Reference
    _call_atexit_fns                          - Undefined Weak Reference
    _clock_init                               - Undefined Weak Reference
    _fp_trap_init                             - Undefined Weak Reference
    _fp_trap_shutdown                         - Undefined Weak Reference
    _get_lc_collate                           - Undefined Weak Reference
    _get_lc_ctype                             - Undefined Weak Reference
    _get_lc_monetary                          - Undefined Weak Reference
    _get_lc_numeric                           - Undefined Weak Reference
    _get_lc_time                              - Undefined Weak Reference
    _getenv_init                              - Undefined Weak Reference
    _handle_redirection                       - Undefined Weak Reference
    _init_alloc                               - Undefined Weak Reference
    _init_user_alloc                          - Undefined Weak Reference
    _initio                                   - Undefined Weak Reference
    _printf_truncate_signed                   - Undefined Weak Reference
    _printf_truncate_unsigned                 - Undefined Weak Reference
    _rand_init                                - Undefined Weak Reference
    _signal_finish                            - Undefined Weak Reference
    _signal_init                              - Undefined Weak Reference
    _terminate_alloc                          - Undefined Weak Reference
    _terminate_user_alloc                     - Undefined Weak Reference
    _terminateio                              - Undefined Weak Reference
    __main                                   0x000000cd   Thumb Code     8  __main.o(!!!main)
    __scatterload                            0x000000d5   Thumb Code     0  __scatter.o(!!!scatter)
    __scatterload_rt2                        0x000000d5   Thumb Code    44  __scatter.o(!!!scatter)
    __scatterload_rt2_thumb_only             0x000000d5   Thumb Code     0  __scatter.o(!!!scatter)
    __scatterload_null                       0x000000e3   Thumb Code     0  __scatter.o(!!!scatter)
    __decompress                             0x00000109   Thumb Code    90  __dczerorl2.o(!!dczerorl2)
    __decompress1                            0x00000109   Thumb Code     0  __dczerorl2.o(!!dczerorl2)
    __scatterload_zeroinit                   0x00000165   Thumb Code    28  __scatter_zi.o(!!handler_zi)
    _printf_d                                0x00000181   Thumb Code     0  _printf_d.o(.ARM.Collect$$_printf_percent$$00000009)
    _printf_percent                          0x00000181   Thumb Code     0  _printf_percent.o(.ARM.Collect$$_printf_percent$$00000000)
    _printf_percent_end                      0x00000187   Thumb Code     0  _printf_percent_end.o(.ARM.Collect$$_printf_percent$$00000017)
    __rt_lib_init                            0x0000018b   Thumb Code     0  libinit.o(.ARM.Collect$$libinit$$00000000)
    __rt_lib_init_alloca_1                   0x0000018d   Thumb Code     0  libinit2.o(.ARM.Collect$$libinit$$0000002E)
    __rt_lib_init_argv_1                     0x0000018d   Thumb Code     0  libinit2.o(.ARM.Collect$$libinit$$0000002C)
    __rt_lib_init_atexit_1                   0x0000018d   Thumb Code     0  libinit2.o(.ARM.Collect$$libinit$$0000001B)
    __rt_lib_init_clock_1                    0x0000018d   Thumb Code     0  libinit2.o(.ARM.Collect$$libinit$$00000021)
    __rt_lib_init_cpp_1                      0x0000018d   Thumb Code     0  libinit2.o(.ARM.Collect$$libinit$$00000032)
    __rt_lib_init_exceptions_1               0x0000018d   Thumb Code     0  libinit2.o(.ARM.Collect$$libinit$$00000030)
    __rt_lib_init_fp_1                       0x0000018d   Thumb Code     0  libinit2.o(.ARM.Collect$$libinit$$00000002)
    __rt_lib_init_fp_trap_1                  0x0000018d   Thumb Code     0  libinit2.o(.ARM.Collect$$libinit$$0000001F)
    __rt_lib_init_getenv_1                   0x0000018d   Thumb Code     0  libinit2.o(.ARM.Collect$$libinit$$00000023)
    __rt_lib_init_heap_1                     0x0000018d   Thumb Code     0  libinit2.o(.ARM.Collect$$libinit$$0000000A)
    __rt_lib_init_lc_collate_1               0x0000018d   Thumb Code     0  libinit2.o(.ARM.Collect$$libinit$$00000011)
    __rt_lib_init_lc_ctype_1                 0x0000018d   Thumb Code     0  libinit2.o(.ARM.Collect$$libinit$$00000013)
    __rt_lib_init_lc_monetary_1              0x0000018d   Thumb Code     0  libinit2.o(.ARM.Collect$$libinit$$00000015)
    __rt_lib_init_lc_numeric_1               0x0000018d   Thumb Code     0  libinit2.o(.ARM.Collect$$libinit$$00000017)
    __rt_lib_init_lc_time_1                  0x0000018d   Thumb Code     0  libinit2.o(.ARM.Collect$$libinit$$00000019)
    __rt_lib_init_preinit_1                  0x0000018d   Thumb Code     0  libinit2.o(.ARM.Collect$$libinit$$00000004)
    __rt_lib_init_rand_1                     0x0000018d   Thumb Code     0  libinit2.o(.ARM.Collect$$libinit$$0000000E)
    __rt_lib_init_return                     0x0000018d   Thumb Code     0  libinit2.o(.ARM.Collect$$libinit$$00000033)
    __rt_lib_init_signal_1                   0x0000018d   Thumb Code     0  libinit2.o(.ARM.Collect$$libinit$$0000001D)
    __rt_lib_init_stdio_1                    0x0000018d   Thumb Code     0  libinit2.o(.ARM.Collect$$libinit$$00000025)
    __rt_lib_init_user_alloc_1               0x0000018d   Thumb Code     0  libinit2.o(.ARM.Collect$$libinit$$0000000C)
    __rt_lib_shutdown                        0x0000018f   Thumb Code     0  libshutdown.o(.ARM.Collect$$libshutdown$$00000000)
    __rt_lib_shutdown_cpp_1                  0x00000191   Thumb Code     0  libshutdown2.o(.ARM.Collect$$libshutdown$$00000002)
    __rt_lib_shutdown_fp_trap_1              0x00000191   Thumb Code     0  libshutdown2.o(.ARM.Collect$$libshutdown$$00000007)
    __rt_lib_shutdown_heap_1                 0x00000191   Thumb Code     0  libshutdown2.o(.ARM.Collect$$libshutdown$$0000000F)
    __rt_lib_shutdown_return                 0x00000191   Thumb Code     0  libshutdown2.o(.ARM.Collect$$libshutdown$$00000010)
    __rt_lib_shutdown_signal_1               0x00000191   Thumb Code     0  libshutdown2.o(.ARM.Collect$$libshutdown$$0000000A)
    __rt_lib_shutdown_stdio_1                0x00000191   Thumb Code     0  libshutdown2.o(.ARM.Collect$$libshutdown$$00000004)
    __rt_lib_shutdown_user_alloc_1           0x00000191   Thumb Code     0  libshutdown2.o(.ARM.Collect$$libshutdown$$0000000C)
    __rt_entry                               0x00000193   Thumb Code     0  __rtentry.o(.ARM.Collect$$rtentry$$00000000)
    __rt_entry_presh_1                       0x00000193   Thumb Code     0  __rtentry2.o(.ARM.Collect$$rtentry$$00000002)
    __rt_entry_sh                            0x00000193   Thumb Code     0  __rtentry4.o(.ARM.Collect$$rtentry$$00000004)
    __rt_entry_li                            0x00000199   Thumb Code     0  __rtentry2.o(.ARM.Collect$$rtentry$$0000000A)
    __rt_entry_postsh_1                      0x00000199   Thumb Code     0  __rtentry2.o(.ARM.Collect$$rtentry$$00000009)
    __rt_entry_main                          0x0000019d   Thumb Code     0  __rtentry2.o(.ARM.Collect$$rtentry$$0000000D)
    __rt_entry_postli_1                      0x0000019d   Thumb Code     0  __rtentry2.o(.ARM.Collect$$rtentry$$0000000C)
    __rt_exit                                0x000001a5   Thumb Code     0  rtexit.o(.ARM.Collect$$rtexit$$00000000)
    __rt_exit_ls                             0x000001a7   Thumb Code     0  rtexit2.o(.ARM.Collect$$rtexit$$00000003)
    __rt_exit_prels_1                        0x000001a7   Thumb Code     0  rtexit2.o(.ARM.Collect$$rtexit$$00000002)
    __rt_exit_exit                           0x000001ab   Thumb Code     0  rtexit2.o(.ARM.Collect$$rtexit$$00000004)
    Reset_Handler                            0x000001b1   Thumb Code     8  startup_lpc17xx.o(.text)
    NMI_Handler                              0x000001b9   Thumb Code     2  startup_lpc17xx.o(.text)
    HardFault_Handler                        0x000001bb   Thumb Code     2  startup_lpc17xx.o(.text)
    MemManage_Handler                        0x000001bd   Thumb Code     2  startup_lpc17xx.o(.text)
    BusFault_Handler                         0x000001bf   Thumb Code     2  startup_lpc17xx.o(.text)
    UsageFault_Handler                       0x000001c1   Thumb Code     2  startup_lpc17xx.o(.text)
    SVC_Handler                              0x000001c3   Thumb Code     2  startup_lpc17xx.o(.text)
    DebugMon_Handler                         0x000001c5   Thumb Code     2  startup_lpc17xx.o(.text)
    PendSV_Handler                           0x000001c7   Thumb Code     2  startup_lpc17xx.o(.text)
    SysTick_Handler                          0x000001c9   Thumb Code     2  startup_lpc17xx.o(.text)
    ADC_IRQHandler                           0x000001cb   Thumb Code     0  startup_lpc17xx.o(.text)
    BOD_IRQHandler                           0x000001cb   Thumb Code     0  startup_lpc17xx.o(.text)
    CANActivity_IRQHandler                   0x000001cb   Thumb Code     0  startup_lpc17xx.o(.text)
    CAN_IRQHandler                           0x000001cb   Thumb Code     0  startup_lpc17xx.o(.text)
    DMA_IRQHandler                           0x000001cb   Thumb Code     0  startup_lpc17xx.o(.text)
    EINT0_IRQHandler                         0x000001cb   Thumb Code     0  startup_lpc17xx.o(.text)
    EINT1_IRQHandler                         0x000001cb   Thumb Code     0  startup_lpc17xx.o(.text)
    EINT2_IRQHandler                         0x000001cb   Thumb Code     0  startup_lpc17xx.o(.text)
    EINT3_IRQHandler                         0x000001cb   Thumb Code     0  startup_lpc17xx.o(.text)
    ENET_IRQHandler                          0x000001cb   Thumb Code     0  startup_lpc17xx.o(.text)
    I2C0_IRQHandler                          0x000001cb   Thumb Code     0  startup_lpc17xx.o(.text)
    I2C1_IRQHandler                          0x000001cb   Thumb Code     0  startup_lpc17xx.o(.text)
    I2C2_IRQHandler                          0x000001cb   Thumb Code     0  startup_lpc17xx.o(.text)
    I2S_IRQHandler                           0x000001cb   Thumb Code     0  startup_lpc17xx.o(.text)
    MCPWM_IRQHandler                         0x000001cb   Thumb Code     0  startup_lpc17xx.o(.text)
    PLL0_IRQHandler                          0x000001cb   Thumb Code     0  startup_lpc17xx.o(.text)
    PLL1_IRQHandler                          0x000001cb   Thumb Code     0  startup_lpc17xx.o(.text)
    PWM1_IRQHandler                          0x000001cb   Thumb Code     0  startup_lpc17xx.o(.text)
    QEI_IRQHandler                           0x000001cb   Thumb Code     0  startup_lpc17xx.o(.text)
    RIT_IRQHandler                           0x000001cb   Thumb Code     0  startup_lpc17xx.o(.text)
    RTC_IRQHandler                           0x000001cb   Thumb Code     0  startup_lpc17xx.o(.text)
    SPI_IRQHandler                           0x000001cb   Thumb Code     0  startup_lpc17xx.o(.text)
    SSP0_IRQHandler                          0x000001cb   Thumb Code     0  startup_lpc17xx.o(.text)
    SSP1_IRQHandler                          0x000001cb   Thumb Code     0  startup_lpc17xx.o(.text)
    TIMER2_IRQHandler                        0x000001cb   Thumb Code     0  startup_lpc17xx.o(.text)
    TIMER3_IRQHandler                        0x000001cb   Thumb Code     0  startup_lpc17xx.o(.text)
    UART0_IRQHandler                         0x000001cb   Thumb Code     0  startup_lpc17xx.o(.text)
    UART1_IRQHandler                         0x000001cb   Thumb Code     0  startup_lpc17xx.o(.text)
    UART2_IRQHandler                         0x000001cb   Thumb Code     0  startup_lpc17xx.o(.text)
    UART3_IRQHandler                         0x000001cb   Thumb Code     0  startup_lpc17xx.o(.text)
    USBActivity_IRQHandler                   0x000001cb   Thumb Code     0  startup_lpc17xx.o(.text)
    USB_IRQHandler                           0x000001cb   Thumb Code     0  startup_lpc17xx.o(.text)
    WDT_IRQHandler                           0x000001cb   Thumb Code     0  startup_lpc17xx.o(.text)
    __user_initial_stackheap                 0x000001cd   Thumb Code     0  startup_lpc17xx.o(.text)
    PINSEL_ConfigTraceFunc                   0x00000293   Thumb Code    34  lpc17xx_pinsel.o(.text)
    PINSEL_SetI2C0Pins                       0x000002b5   Thumb Code    16  lpc17xx_pinsel.o(.text)
    PINSEL_ConfigPin                         0x000002c5   Thumb Code    36  lpc17xx_pinsel.o(.text)
    __use_two_region_memory                  0x000002ed   Thumb Code     2  heapauxi.o(.text)
    __rt_heap_escrow$2region                 0x000002ef   Thumb Code     2  heapauxi.o(.text)
    __rt_heap_expand$2region                 0x000002f1   Thumb Code     2  heapauxi.o(.text)
    _sputc                                   0x000002f3   Thumb Code    10  _sputc.o(.text)
    SystemCoreClockUpdate                    0x00000301   Thumb Code   300  system_lpc17xx.o(.text)
    SystemInit                               0x0000042d   Thumb Code   308  system_lpc17xx.o(.text)
    CLKPWR_SetPCLKDiv                        0x00000581   Thumb Code    94  lpc17xx_clkpwr.o(.text)
    CLKPWR_GetPCLKSEL                        0x000005df   Thumb Code    34  lpc17xx_clkpwr.o(.text)
    CLKPWR_GetPCLK                           0x00000601   Thumb Code    58  lpc17xx_clkpwr.o(.text)
    CLKPWR_ConfigPPWR                        0x0000063b   Thumb Code    46  lpc17xx_clkpwr.o(.text)
    CLKPWR_Sleep                             0x00000669   Thumb Code    12  lpc17xx_clkpwr.o(.text)
    CLKPWR_DeepSleep                         0x00000675   Thumb Code    18  lpc17xx_clkpwr.o(.text)
    CLKPWR_PowerDown                         0x00000687   Thumb Code    18  lpc17xx_clkpwr.o(.text)
    CLKPWR_DeepPowerDown                     0x00000699   Thumb Code    18  lpc17xx_clkpwr.o(.text)
    GPIO_SetDir                              0x0000075d   Thumb Code    40  lpc17xx_gpio.o(.text)
    GPIO_SetValue                            0x00000785   Thumb Code    20  lpc17xx_gpio.o(.text)
    GPIO_ClearValue                          0x00000799   Thumb Code    20  lpc17xx_gpio.o(.text)
    GPIO_ReadValue                           0x000007ad   Thumb Code    22  lpc17xx_gpio.o(.text)
    GPIO_IntCmd                              0x000007c3   Thumb Code    60  lpc17xx_gpio.o(.text)
    GPIO_GetIntStatus                        0x000007ff   Thumb Code    86  lpc17xx_gpio.o(.text)
    GPIO_ClearInt                            0x00000855   Thumb Code    28  lpc17xx_gpio.o(.text)
    FIO_SetDir                               0x00000871   Thumb Code    20  lpc17xx_gpio.o(.text)
    FIO_SetValue                             0x00000885   Thumb Code    16  lpc17xx_gpio.o(.text)
    FIO_ClearValue                           0x00000895   Thumb Code    16  lpc17xx_gpio.o(.text)
    FIO_ReadValue                            0x000008a5   Thumb Code    12  lpc17xx_gpio.o(.text)
    FIO_IntCmd                               0x000008b1   Thumb Code    20  lpc17xx_gpio.o(.text)
    FIO_GetIntStatus                         0x000008c5   Thumb Code    20  lpc17xx_gpio.o(.text)
    FIO_ClearInt                             0x000008d9   Thumb Code    16  lpc17xx_gpio.o(.text)
    FIO_SetMask                              0x000008e9   Thumb Code    40  lpc17xx_gpio.o(.text)
    FIO_HalfWordSetDir                       0x00000911   Thumb Code    62  lpc17xx_gpio.o(.text)
    FIO_HalfWordSetMask                      0x0000094f   Thumb Code    62  lpc17xx_gpio.o(.text)
    FIO_HalfWordSetValue                     0x0000098d   Thumb Code    32  lpc17xx_gpio.o(.text)
    FIO_HalfWordClearValue                   0x000009ad   Thumb Code    32  lpc17xx_gpio.o(.text)
    FIO_HalfWordReadValue                    0x000009cd   Thumb Code    30  lpc17xx_gpio.o(.text)
    FIO_ByteSetDir                           0x000009eb   Thumb Code    50  lpc17xx_gpio.o(.text)
    FIO_ByteSetMask                          0x00000a1d   Thumb Code    66  lpc17xx_gpio.o(.text)
    FIO_ByteSetValue                         0x00000a5f   Thumb Code    34  lpc17xx_gpio.o(.text)
    FIO_ByteClearValue                       0x00000a81   Thumb Code    34  lpc17xx_gpio.o(.text)
    FIO_ByteReadValue                        0x00000aa3   Thumb Code    42  lpc17xx_gpio.o(.text)
    TIM_GetIntStatus                         0x00000b6f   Thumb Code    92  lpc17xx_timer.o(.text)
    TIM_GetIntCaptureStatus                  0x00000bcb   Thumb Code    94  lpc17xx_timer.o(.text)
    TIM_ClearIntPending                      0x00000c29   Thumb Code    80  lpc17xx_timer.o(.text)
    TIM_ClearIntCapturePending               0x00000c79   Thumb Code    82  lpc17xx_timer.o(.text)
    TIM_ConfigStructInit                     0x00000ccb   Thumb Code    22  lpc17xx_timer.o(.text)
    TIM_Init                                 0x00000ce1   Thumb Code   272  lpc17xx_timer.o(.text)
    TIM_DeInit                               0x00000df1   Thumb Code   112  lpc17xx_timer.o(.text)
    TIM_Cmd                                  0x00000e61   Thumb Code    66  lpc17xx_timer.o(.text)
    TIM_ResetCounter                         0x00000ea3   Thumb Code    58  lpc17xx_timer.o(.text)
    TIM_ConfigMatch                          0x00000edd   Thumb Code   330  lpc17xx_timer.o(.text)
    TIM_UpdateMatchValue                     0x00001027   Thumb Code    86  lpc17xx_timer.o(.text)
    TIM_ConfigCapture                        0x0000107d   Thumb Code   126  lpc17xx_timer.o(.text)
    TIM_GetCaptureValue                      0x000010fb   Thumb Code    74  lpc17xx_timer.o(.text)
    SSP_Init                                 0x000011d3   Thumb Code   100  lpc17xx_ssp.o(.text)
    SSP_DeInit                               0x00001237   Thumb Code    60  lpc17xx_ssp.o(.text)
    SSP_GetDataSize                          0x00001273   Thumb Code    34  lpc17xx_ssp.o(.text)
    SSP_ConfigStructInit                     0x00001295   Thumb Code    22  lpc17xx_ssp.o(.text)
    SSP_Cmd                                  0x000012ab   Thumb Code    68  lpc17xx_ssp.o(.text)
    SSP_LoopBackCmd                          0x000012ef   Thumb Code    68  lpc17xx_ssp.o(.text)
    SSP_SlaveOutputCmd                       0x00001333   Thumb Code    72  lpc17xx_ssp.o(.text)
    SSP_SendData                             0x0000137b   Thumb Code    36  lpc17xx_ssp.o(.text)
    SSP_ReceiveData                          0x0000139f   Thumb Code    34  lpc17xx_ssp.o(.text)
    SSP_ReadWrite                            0x000013c1   Thumb Code   630  lpc17xx_ssp.o(.text)
    SSP_GetStatus                            0x00001637   Thumb Code    80  lpc17xx_ssp.o(.text)
    SSP_IntConfig                            0x00001687   Thumb Code    58  lpc17xx_ssp.o(.text)
    SSP_GetRawIntStatus                      0x000016c1   Thumb Code    76  lpc17xx_ssp.o(.text)
    SSP_GetRawIntStatusReg                   0x0000170d   Thumb Code    34  lpc17xx_ssp.o(.text)
    SSP_GetIntStatus                         0x0000172f   Thumb Code    76  lpc17xx_ssp.o(.text)
    SSP_ClearIntPending                      0x0000177b   Thumb Code    58  lpc17xx_ssp.o(.text)
    SSP_DMACmd                               0x000017b5   Thumb Code   100  lpc17xx_ssp.o(.text)
    I2C_Init                                 0x00001937   Thumb Code   126  lpc17xx_i2c.o(.text)
    I2C_DeInit                               0x000019b5   Thumb Code    90  lpc17xx_i2c.o(.text)
    I2C_Cmd                                  0x00001a0f   Thumb Code    70  lpc17xx_i2c.o(.text)
    I2C_IntCmd                               0x00001a55   Thumb Code    92  lpc17xx_i2c.o(.text)
    I2C_MasterHandler                        0x00001ab1   Thumb Code   596  lpc17xx_i2c.o(.text)
    I2C_SlaveHandler                         0x00001d05   Thumb Code   288  lpc17xx_i2c.o(.text)
    I2C_MasterTransferData                   0x00001e25   Thumb Code   500  lpc17xx_i2c.o(.text)
    I2C_SlaveTransferData                    0x00002019   Thumb Code   362  lpc17xx_i2c.o(.text)
    I2C_SetOwnSlaveAddr                      0x00002183   Thumb Code   176  lpc17xx_i2c.o(.text)
    I2C_MonitorModeConfig                    0x00002233   Thumb Code    92  lpc17xx_i2c.o(.text)
    I2C_MonitorModeCmd                       0x0000228f   Thumb Code   100  lpc17xx_i2c.o(.text)
    I2C_MonitorGetDatabuffer                 0x000022f3   Thumb Code    42  lpc17xx_i2c.o(.text)
    I2C_MonitorHandler                       0x0000231d   Thumb Code    40  lpc17xx_i2c.o(.text)
    I2C_MasterTransferComplete               0x00002345   Thumb Code    30  lpc17xx_i2c.o(.text)
    I2C_SlaveTransferComplete                0x00002363   Thumb Code    30  lpc17xx_i2c.o(.text)
    T1_Init                                  0x000023c9   Thumb Code    92  main.o(.text)
    TIMER1_IRQHandler                        0x00002425   Thumb Code    30  main.o(.text)
    pin_Configuration                        0x00002443   Thumb Code   200  main.o(.text)
    main                                     0x0000250b   Thumb Code   588  main.o(.text)
    check_failed                             0x00002757   Thumb Code     4  main.o(.text)
    rw_data_prepare                          0x000027c3   Thumb Code    10  ili_lcd_general.o(.text)
    write_data                               0x000027cd   Thumb Code    50  ili_lcd_general.o(.text)
    lcd_getdeviceid                          0x000027ff   Thumb Code     6  ili_lcd_general.o(.text)
    BGR2RGB                                  0x00002805   Thumb Code    26  ili_lcd_general.o(.text)
    lcd_SetCursor                            0x0000281f   Thumb Code    52  ili_lcd_general.o(.text)
    lcd_read_gram                            0x00002853   Thumb Code    34  ili_lcd_general.o(.text)
    lcd_clear                                0x00002875   Thumb Code    38  ili_lcd_general.o(.text)
    lcd_data_bus_test                        0x0000289b   Thumb Code    74  ili_lcd_general.o(.text)
    lcd_gram_test                            0x000028e5   Thumb Code   218  ili_lcd_general.o(.text)
    lcd_Initializtion                        0x000029bf   Thumb Code  2262  ili_lcd_general.o(.text)
    LCD_write_english                        0x00003299   Thumb Code   118  lcd_api.o(.text)
    LCD_write_english_string                 0x0000330f   Thumb Code    52  lcd_api.o(.text)
    dessiner_ligne                           0x00003349   Thumb Code   110  affichagelcd.o(.text)
    dessiner_rect                            0x000033b7   Thumb Code   128  affichagelcd.o(.text)
    SPI_WriteByte                            0x00003439   Thumb Code    42  touch_panel.o(.text)
    spi1_init                                0x00003463   Thumb Code   106  touch_panel.o(.text)
    touch_init                               0x000034cd   Thumb Code   122  touch_panel.o(.text)
    touch_debug                              0x00003547   Thumb Code   394  touch_panel.o(.text)
    touch_read                               0x000036d1   Thumb Code   284  touch_panel.o(.text)
    getColor                                 0x00003811   Thumb Code   110  display.o(.text)
    unCompressLetter                         0x0000387f   Thumb Code    38  display.o(.text)
    drawText                                 0x000038a5   Thumb Code   480  display.o(.text)
    drawPlayer                               0x00003a85   Thumb Code   410  display.o(.text)
    drawMenu                                 0x00003c1f   Thumb Code   204  display.o(.text)
    drawTexture                              0x00003ceb   Thumb Code   266  display.o(.text)
    getMap                                   0x00003df5   Thumb Code    68  display.o(.text)
    drawMap                                  0x00003e39   Thumb Code    72  display.o(.text)
    clearOldPlayer                           0x00003e81   Thumb Code   684  display.o(.text)
    readJoystick                             0x0000412d   Thumb Code    86  display.o(.text)
    isColliding                              0x00004183   Thumb Code   688  display.o(.text)
    init_i2c_eeprom                          0x00004435   Thumb Code    20  memory.o(.text)
    i2c_eeprom_write                         0x00004449   Thumb Code    78  memory.o(.text)
    i2c_eeprom_read                          0x00004497   Thumb Code    56  memory.o(.text)
    clean_memory                             0x000044cf   Thumb Code    30  memory.o(.text)
    create_gamekey                           0x000044ed   Thumb Code    72  memory.o(.text)
    check_memory                             0x00004535   Thumb Code   102  memory.o(.text)
    fillup_save                              0x0000459b   Thumb Code   126  memory.o(.text)
    filldown_save                            0x00004619   Thumb Code    40  memory.o(.text)
    create_save                              0x00004641   Thumb Code    42  memory.o(.text)
    check_save                               0x0000466b   Thumb Code   124  memory.o(.text)
    load_save                                0x000046e7   Thumb Code    42  memory.o(.text)
    restaure_backup                          0x00004711   Thumb Code    36  memory.o(.text)
    jouer_note                               0x0000473d   Thumb Code    70  musicien.o(.text)
    jouer_partition                          0x00004783   Thumb Code    74  musicien.o(.text)
    T0_Init                                  0x000047cd   Thumb Code   106  musicien.o(.text)
    TIMER0_IRQHandler                        0x00004837   Thumb Code   154  musicien.o(.text)
    jouer_en_repeat                          0x000048d1   Thumb Code    22  musicien.o(.text)
    musintro                                 0x000048e7   Thumb Code    10  musicien.o(.text)
    arreter_repeat                           0x000048f1   Thumb Code     8  musicien.o(.text)
    jouer_1_fois                             0x000048f9   Thumb Code    18  musicien.o(.text)
    __aeabi_uldivmod                         0x00004939   Thumb Code     0  lludivv7m.o(.text)
    _ll_udiv                                 0x00004939   Thumb Code   238  lludivv7m.o(.text)
    __2sprintf                               0x00004a29   Thumb Code    34  noretval__2sprintf.o(.text)
    _printf_pre_padding                      0x00004a51   Thumb Code    44  _printf_pad.o(.text)
    _printf_post_padding                     0x00004a7d   Thumb Code    34  _printf_pad.o(.text)
    _printf_int_dec                          0x00004aa1   Thumb Code   104  _printf_dec.o(.text)
    __printf                                 0x00004b19   Thumb Code   308  __printf_flags_wp.o(.text)
    _printf_int_common                       0x00004c51   Thumb Code   178  _printf_intcommon.o(.text)
    _printf_char_common                      0x00004d0f   Thumb Code    32  _printf_char_common.o(.text)
    __user_setup_stackheap                   0x00004d35   Thumb Code    74  sys_stackheap_outer.o(.text)
    exit                                     0x00004d7f   Thumb Code    18  exit.o(.text)
    __user_libspace                          0x00004d91   Thumb Code     8  libspace.o(.text)
    __user_perproc_libspace                  0x00004d91   Thumb Code     0  libspace.o(.text)
    __user_perthread_libspace                0x00004d91   Thumb Code     0  libspace.o(.text)
    _sys_exit                                0x00004d99   Thumb Code     8  sys_exit.o(.text)
    __I$use$semihosting                      0x00004da5   Thumb Code     0  use_no_semi.o(.text)
    __use_no_semihosting_swi                 0x00004da5   Thumb Code     2  use_no_semi.o(.text)
    __semihosting_library_function           0x00004da7   Thumb Code     0  indicate_semi.o(.text)
    _is_digit                                0x00004da7   Thumb Code    14  __printf_wp.o(i._is_digit)
    floor                                    0x00004db5   Thumb Code   204  floor.o(i.floor)
    lcd_send                                 0x00004e91   Thumb Code    40  ili_lcd_general.o(i.lcd_send)
    read_data                                0x00004ebd   Thumb Code   114  ili_lcd_general.o(i.read_data)
    wait_delay                               0x00004f35   Thumb Code    18  ili_lcd_general.o(i.wait_delay)
    write_cmd                                0x00004f49   Thumb Code    60  ili_lcd_general.o(i.write_cmd)
    write_reg                                0x00004f89   Thumb Code    20  ili_lcd_general.o(i.write_reg)
    __aeabi_dadd                             0x00004f9d   Thumb Code     0  daddsub_clz.o(x$fpl$dadd)
    _dadd                                    0x00004f9d   Thumb Code   332  daddsub_clz.o(x$fpl$dadd)
    __fpl_dcmp_Inf                           0x000050ed   Thumb Code    24  dcmpi.o(x$fpl$dcmpinf)
    __aeabi_d2iz                             0x00005105   Thumb Code     0  dfix.o(x$fpl$dfix)
    _dfix                                    0x00005105   Thumb Code    94  dfix.o(x$fpl$dfix)
    __aeabi_d2uiz                            0x00005165   Thumb Code     0  dfixu.o(x$fpl$dfixu)
    _dfixu                                   0x00005165   Thumb Code    90  dfixu.o(x$fpl$dfixu)
    __aeabi_ui2d                             0x000051bf   Thumb Code     0  dflt_clz.o(x$fpl$dfltu)
    _dfltu                                   0x000051bf   Thumb Code    38  dflt_clz.o(x$fpl$dfltu)
    __aeabi_cdcmple                          0x000051e5   Thumb Code     0  dleqf.o(x$fpl$dleqf)
    _dcmple                                  0x000051e5   Thumb Code   120  dleqf.o(x$fpl$dleqf)
    __fpl_dcmple_InfNaN                      0x00005247   Thumb Code     0  dleqf.o(x$fpl$dleqf)
    __aeabi_dmul                             0x0000525d   Thumb Code     0  dmul.o(x$fpl$dmul)
    _dmul                                    0x0000525d   Thumb Code   332  dmul.o(x$fpl$dmul)
    __fpl_dnaninf                            0x000053b1   Thumb Code   156  dnaninf.o(x$fpl$dnaninf)
    __fpl_dretinf                            0x0000544d   Thumb Code    12  dretinf.o(x$fpl$dretinf)
    __aeabi_cdrcmple                         0x00005459   Thumb Code     0  drleqf.o(x$fpl$drleqf)
    _drcmple                                 0x00005459   Thumb Code   108  drleqf.o(x$fpl$drleqf)
    __aeabi_drsub                            0x000054c5   Thumb Code     0  daddsub_clz.o(x$fpl$drsb)
    _drsb                                    0x000054c5   Thumb Code    22  daddsub_clz.o(x$fpl$drsb)
    __aeabi_dsub                             0x000054dd   Thumb Code     0  daddsub_clz.o(x$fpl$dsub)
    _dsub                                    0x000054dd   Thumb Code   464  daddsub_clz.o(x$fpl$dsub)
    __I$use$fp                               0x000056b0   Number         0  usenofp.o(x$fpl$usenofp)
    english                                  0x000056c0   Data        1520  english_16x8.o(.constdata)
    TSIZE                                    0x00005cb0   Data           1  display.o(.constdata)
    MSIZEY                                   0x00005cb1   Data           1  display.o(.constdata)
    MSIZEX                                   0x00005cb2   Data           1  display.o(.constdata)
    PSIZE                                    0x00005cb3   Data           1  display.o(.constdata)
    grass                                    0x00005cb4   Data         400  display.o(.constdata)
    bush                                     0x00005e44   Data         400  display.o(.constdata)
    stone                                    0x00005fd4   Data         400  display.o(.constdata)
    tMenu                                    0x00006164   Data         192  display.o(.constdata)
    tMenu2                                   0x00006224   Data         192  display.o(.constdata)
    t00                                      0x000062e4   Data         192  display.o(.constdata)
    t10                                      0x000063a4   Data         192  display.o(.constdata)
    t01                                      0x00006464   Data         192  display.o(.constdata)
    pUp                                      0x00006524   Data         225  display.o(.constdata)
    pRight                                   0x00006605   Data         225  display.o(.constdata)
    pLeft                                    0x000066e6   Data         225  display.o(.constdata)
    a                                        0x000067c7   Data        2800  display.o(.constdata)
    Region$$Table$$Base                      0x000072c8   Number         0  anon$$obj.o(Region$$Table)
    Region$$Table$$Limit                     0x000072e8   Number         0  anon$$obj.o(Region$$Table)
    SystemCoreClock                          0x10000000   Data           4  system_lpc17xx.o(.data)
    touch_x                                  0x10000008   Data           2  main.o(.data)
    touch_y                                  0x1000000a   Data           2  main.o(.data)
    flagTouch                                0x1000000c   Data           1  main.o(.data)
    pDown                                    0x10000010   Data         225  display.o(.data)
    thprincipal                              0x100000f4   Data         160  musicien.o(.data)
    nbperi                                   0x10000194   Data           4  musicien.o(.data)
    frontmusique                             0x10000198   Data           4  musicien.o(.data)
    MatchValue                               0x1000019c   Data           4  musicien.o(.data)
    Matchrestant                             0x100001a0   Data           4  musicien.o(.data)
    silencieux                               0x100001a4   Data           4  musicien.o(.data)
    addr_note_actuelle                       0x100001a8   Data           4  musicien.o(.data)
    pactuelle                                0x100001ac   Data           4  musicien.o(.data)
    on_repeat                                0x100001b0   Data           4  musicien.o(.data)
    nsilence                                 0x100001b4   Data           2  musicien.o(.data)
    I2C_MasterComplete                       0x100001d0   Data          12  lpc17xx_i2c.o(.bss)
    chaine                                   0x100001e8   Data          30  main.o(.bss)
    LCDSPI1Data                              0x10000208   Data          24  touch_panel.o(.bss)
    text                                     0x10000220   Data          30  display.o(.bss)
    __libspace_start                         0x10000240   Data          96  libspace.o(.bss)
    __temporary_stack_top$libspace           0x100002a0   Data           0  libspace.o(.bss)



==============================================================================

Memory Map of the image

  Image Entry point : 0x000000cd

  Load Region LR_IROM1 (Base: 0x00000000, Size: 0x000074a0, Max: 0x00080000, ABSOLUTE, COMPRESSED[0x0000737c])

    Execution Region ER_IROM1 (Exec base: 0x00000000, Load base: 0x00000000, Size: 0x000072e8, Max: 0x00080000, ABSOLUTE)

    Exec Addr    Load Addr    Size         Type   Attr      Idx    E Section Name        Object

    0x00000000   0x00000000   0x000000cc   Data   RO            3    RESET               startup_lpc17xx.o
    0x000000cc   0x000000cc   0x00000008   Code   RO          542  * !!!main             c_w.l(__main.o)
    0x000000d4   0x000000d4   0x00000034   Code   RO          757    !!!scatter          c_w.l(__scatter.o)
    0x00000108   0x00000108   0x0000005a   Code   RO          755    !!dczerorl2         c_w.l(__dczerorl2.o)
    0x00000162   0x00000162   0x00000002   PAD
    0x00000164   0x00000164   0x0000001c   Code   RO          759    !!handler_zi        c_w.l(__scatter_zi.o)
    0x00000180   0x00000180   0x00000000   Code   RO          539    .ARM.Collect$$_printf_percent$$00000000  c_w.l(_printf_percent.o)
    0x00000180   0x00000180   0x00000006   Code   RO          538    .ARM.Collect$$_printf_percent$$00000009  c_w.l(_printf_d.o)
    0x00000186   0x00000186   0x00000004   Code   RO          575    .ARM.Collect$$_printf_percent$$00000017  c_w.l(_printf_percent_end.o)
    0x0000018a   0x0000018a   0x00000002   Code   RO          623    .ARM.Collect$$libinit$$00000000  c_w.l(libinit.o)
    0x0000018c   0x0000018c   0x00000000   Code   RO          638    .ARM.Collect$$libinit$$00000002  c_w.l(libinit2.o)
    0x0000018c   0x0000018c   0x00000000   Code   RO          640    .ARM.Collect$$libinit$$00000004  c_w.l(libinit2.o)
    0x0000018c   0x0000018c   0x00000000   Code   RO          643    .ARM.Collect$$libinit$$0000000A  c_w.l(libinit2.o)
    0x0000018c   0x0000018c   0x00000000   Code   RO          645    .ARM.Collect$$libinit$$0000000C  c_w.l(libinit2.o)
    0x0000018c   0x0000018c   0x00000000   Code   RO          647    .ARM.Collect$$libinit$$0000000E  c_w.l(libinit2.o)
    0x0000018c   0x0000018c   0x00000000   Code   RO          650    .ARM.Collect$$libinit$$00000011  c_w.l(libinit2.o)
    0x0000018c   0x0000018c   0x00000000   Code   RO          652    .ARM.Collect$$libinit$$00000013  c_w.l(libinit2.o)
    0x0000018c   0x0000018c   0x00000000   Code   RO          654    .ARM.Collect$$libinit$$00000015  c_w.l(libinit2.o)
    0x0000018c   0x0000018c   0x00000000   Code   RO          656    .ARM.Collect$$libinit$$00000017  c_w.l(libinit2.o)
    0x0000018c   0x0000018c   0x00000000   Code   RO          658    .ARM.Collect$$libinit$$00000019  c_w.l(libinit2.o)
    0x0000018c   0x0000018c   0x00000000   Code   RO          660    .ARM.Collect$$libinit$$0000001B  c_w.l(libinit2.o)
    0x0000018c   0x0000018c   0x00000000   Code   RO          662    .ARM.Collect$$libinit$$0000001D  c_w.l(libinit2.o)
    0x0000018c   0x0000018c   0x00000000   Code   RO          664    .ARM.Collect$$libinit$$0000001F  c_w.l(libinit2.o)
    0x0000018c   0x0000018c   0x00000000   Code   RO          666    .ARM.Collect$$libinit$$00000021  c_w.l(libinit2.o)
    0x0000018c   0x0000018c   0x00000000   Code   RO          668    .ARM.Collect$$libinit$$00000023  c_w.l(libinit2.o)
    0x0000018c   0x0000018c   0x00000000   Code   RO          670    .ARM.Collect$$libinit$$00000025  c_w.l(libinit2.o)
    0x0000018c   0x0000018c   0x00000000   Code   RO          674    .ARM.Collect$$libinit$$0000002C  c_w.l(libinit2.o)
    0x0000018c   0x0000018c   0x00000000   Code   RO          676    .ARM.Collect$$libinit$$0000002E  c_w.l(libinit2.o)
    0x0000018c   0x0000018c   0x00000000   Code   RO          678    .ARM.Collect$$libinit$$00000030  c_w.l(libinit2.o)
    0x0000018c   0x0000018c   0x00000000   Code   RO          680    .ARM.Collect$$libinit$$00000032  c_w.l(libinit2.o)
    0x0000018c   0x0000018c   0x00000002   Code   RO          681    .ARM.Collect$$libinit$$00000033  c_w.l(libinit2.o)
    0x0000018e   0x0000018e   0x00000002   Code   RO          712    .ARM.Collect$$libshutdown$$00000000  c_w.l(libshutdown.o)
    0x00000190   0x00000190   0x00000000   Code   RO          738    .ARM.Collect$$libshutdown$$00000002  c_w.l(libshutdown2.o)
    0x00000190   0x00000190   0x00000000   Code   RO          740    .ARM.Collect$$libshutdown$$00000004  c_w.l(libshutdown2.o)
    0x00000190   0x00000190   0x00000000   Code   RO          743    .ARM.Collect$$libshutdown$$00000007  c_w.l(libshutdown2.o)
    0x00000190   0x00000190   0x00000000   Code   RO          746    .ARM.Collect$$libshutdown$$0000000A  c_w.l(libshutdown2.o)
    0x00000190   0x00000190   0x00000000   Code   RO          748    .ARM.Collect$$libshutdown$$0000000C  c_w.l(libshutdown2.o)
    0x00000190   0x00000190   0x00000000   Code   RO          751    .ARM.Collect$$libshutdown$$0000000F  c_w.l(libshutdown2.o)
    0x00000190   0x00000190   0x00000002   Code   RO          752    .ARM.Collect$$libshutdown$$00000010  c_w.l(libshutdown2.o)
    0x00000192   0x00000192   0x00000000   Code   RO          564    .ARM.Collect$$rtentry$$00000000  c_w.l(__rtentry.o)
    0x00000192   0x00000192   0x00000000   Code   RO          590    .ARM.Collect$$rtentry$$00000002  c_w.l(__rtentry2.o)
    0x00000192   0x00000192   0x00000006   Code   RO          602    .ARM.Collect$$rtentry$$00000004  c_w.l(__rtentry4.o)
    0x00000198   0x00000198   0x00000000   Code   RO          592    .ARM.Collect$$rtentry$$00000009  c_w.l(__rtentry2.o)
    0x00000198   0x00000198   0x00000004   Code   RO          593    .ARM.Collect$$rtentry$$0000000A  c_w.l(__rtentry2.o)
    0x0000019c   0x0000019c   0x00000000   Code   RO          595    .ARM.Collect$$rtentry$$0000000C  c_w.l(__rtentry2.o)
    0x0000019c   0x0000019c   0x00000008   Code   RO          596    .ARM.Collect$$rtentry$$0000000D  c_w.l(__rtentry2.o)
    0x000001a4   0x000001a4   0x00000002   Code   RO          629    .ARM.Collect$$rtexit$$00000000  c_w.l(rtexit.o)
    0x000001a6   0x000001a6   0x00000000   Code   RO          685    .ARM.Collect$$rtexit$$00000002  c_w.l(rtexit2.o)
    0x000001a6   0x000001a6   0x00000004   Code   RO          686    .ARM.Collect$$rtexit$$00000003  c_w.l(rtexit2.o)
    0x000001aa   0x000001aa   0x00000006   Code   RO          687    .ARM.Collect$$rtexit$$00000004  c_w.l(rtexit2.o)
    0x000001b0   0x000001b0   0x0000003c   Code   RO            5    .text               startup_lpc17xx.o
    0x000001ec   0x000001ec   0x00000100   Code   RO          114    .text               lpc17xx_pinsel.o
    0x000002ec   0x000002ec   0x00000006   Code   RO          540    .text               c_w.l(heapauxi.o)
    0x000002f2   0x000002f2   0x0000000a   Code   RO          573    .text               c_w.l(_sputc.o)
    0x000002fc   0x000002fc   0x00000004   Code   RO            4    .ARM.__at_0x02FC    startup_lpc17xx.o
    0x00000300   0x00000300   0x00000280   Code   RO           14    .text               system_lpc17xx.o
    0x00000580   0x00000580   0x00000140   Code   RO           59    .text               lpc17xx_clkpwr.o
    0x000006c0   0x000006c0   0x0000040c   Code   RO           92    .text               lpc17xx_gpio.o
    0x00000acc   0x00000acc   0x00000684   Code   RO          133    .text               lpc17xx_timer.o
    0x00001150   0x00001150   0x000006d0   Code   RO          190    .text               lpc17xx_ssp.o
    0x00001820   0x00001820   0x00000ba8   Code   RO          209    .text               lpc17xx_i2c.o
    0x000023c8   0x000023c8   0x000003bc   Code   RO          236    .text               main.o
    0x00002784   0x00002784   0x00000b14   Code   RO          301    .text               ili_lcd_general.o
    0x00003298   0x00003298   0x000000b0   Code   RO          362    .text               lcd_api.o
    0x00003348   0x00003348   0x000000ee   Code   RO          386    .text               affichagelcd.o
    0x00003436   0x00003436   0x00000002   PAD
    0x00003438   0x00003438   0x000003d8   Code   RO          411    .text               touch_panel.o
    0x00003810   0x00003810   0x00000c22   Code   RO          443    .text               display.o
    0x00004432   0x00004432   0x00000002   PAD
    0x00004434   0x00004434   0x00000308   Code   RO          468    .text               memory.o
    0x0000473c   0x0000473c   0x000001fc   Code   RO          484    .text               musicien.o
    0x00004938   0x00004938   0x000000ee   Code   RO          506    .text               c_w.l(lludivv7m.o)
    0x00004a26   0x00004a26   0x00000002   PAD
    0x00004a28   0x00004a28   0x00000028   Code   RO          510    .text               c_w.l(noretval__2sprintf.o)
    0x00004a50   0x00004a50   0x0000004e   Code   RO          514    .text               c_w.l(_printf_pad.o)
    0x00004a9e   0x00004a9e   0x00000002   PAD
    0x00004aa0   0x00004aa0   0x00000078   Code   RO          516    .text               c_w.l(_printf_dec.o)
    0x00004b18   0x00004b18   0x00000138   Code   RO          530    .text               c_w.l(__printf_flags_wp.o)
    0x00004c50   0x00004c50   0x000000b2   Code   RO          569    .text               c_w.l(_printf_intcommon.o)
    0x00004d02   0x00004d02   0x00000002   PAD
    0x00004d04   0x00004d04   0x00000030   Code   RO          571    .text               c_w.l(_printf_char_common.o)
    0x00004d34   0x00004d34   0x0000004a   Code   RO          610    .text               c_w.l(sys_stackheap_outer.o)
    0x00004d7e   0x00004d7e   0x00000012   Code   RO          612    .text               c_w.l(exit.o)
    0x00004d90   0x00004d90   0x00000008   Code   RO          626    .text               c_w.l(libspace.o)
    0x00004d98   0x00004d98   0x0000000c   Code   RO          682    .text               c_w.l(sys_exit.o)
    0x00004da4   0x00004da4   0x00000002   Code   RO          701    .text               c_w.l(use_no_semi.o)
    0x00004da6   0x00004da6   0x00000000   Code   RO          703    .text               c_w.l(indicate_semi.o)
    0x00004da6   0x00004da6   0x0000000e   Code   RO          528    i._is_digit         c_w.l(__printf_wp.o)
    0x00004db4   0x00004db4   0x000000dc   Code   RO          561    i.floor             m_ws.l(floor.o)
    0x00004e90   0x00004e90   0x0000002c   Code   RO          315    i.lcd_send          ili_lcd_general.o
    0x00004ebc   0x00004ebc   0x00000078   Code   RO          327    i.read_data         ili_lcd_general.o
    0x00004f34   0x00004f34   0x00000012   Code   RO          333    i.wait_delay        ili_lcd_general.o
    0x00004f46   0x00004f46   0x00000002   PAD
    0x00004f48   0x00004f48   0x00000040   Code   RO          321    i.write_cmd         ili_lcd_general.o
    0x00004f88   0x00004f88   0x00000014   Code   RO          338    i.write_reg         ili_lcd_general.o
    0x00004f9c   0x00004f9c   0x00000150   Code   RO          576    x$fpl$dadd          fz_ws.l(daddsub_clz.o)
    0x000050ec   0x000050ec   0x00000018   Code   RO          624    x$fpl$dcmpinf       fz_ws.l(dcmpi.o)
    0x00005104   0x00005104   0x0000005e   Code   RO          544    x$fpl$dfix          fz_ws.l(dfix.o)
    0x00005162   0x00005162   0x00000002   PAD
    0x00005164   0x00005164   0x0000005a   Code   RO          548    x$fpl$dfixu         fz_ws.l(dfixu.o)
    0x000051be   0x000051be   0x00000026   Code   RO          552    x$fpl$dfltu         fz_ws.l(dflt_clz.o)
    0x000051e4   0x000051e4   0x00000078   Code   RO          608    x$fpl$dleqf         fz_ws.l(dleqf.o)
    0x0000525c   0x0000525c   0x00000154   Code   RO          558    x$fpl$dmul          fz_ws.l(dmul.o)
    0x000053b0   0x000053b0   0x0000009c   Code   RO          582    x$fpl$dnaninf       fz_ws.l(dnaninf.o)
    0x0000544c   0x0000544c   0x0000000c   Code   RO          584    x$fpl$dretinf       fz_ws.l(dretinf.o)
    0x00005458   0x00005458   0x0000006c   Code   RO          586    x$fpl$drleqf        fz_ws.l(drleqf.o)
    0x000054c4   0x000054c4   0x00000016   Code   RO          577    x$fpl$drsb          fz_ws.l(daddsub_clz.o)
    0x000054da   0x000054da   0x00000002   PAD
    0x000054dc   0x000054dc   0x000001d4   Code   RO          578    x$fpl$dsub          fz_ws.l(daddsub_clz.o)
    0x000056b0   0x000056b0   0x00000000   Code   RO          588    x$fpl$usenofp       fz_ws.l(usenofp.o)
    0x000056b0   0x000056b0   0x00000010   Data   RO          238    .constdata          main.o
    0x000056c0   0x000056c0   0x000005f0   Data   RO          378    .constdata          english_16x8.o
    0x00005cb0   0x00005cb0   0x00001607   Data   RO          445    .constdata          display.o
    0x000072b7   0x000072b7   0x00000011   Data   RO          531    .constdata          c_w.l(__printf_flags_wp.o)
    0x000072c8   0x000072c8   0x00000020   Data   RO          753    Region$$Table       anon$$obj.o


    Execution Region RW_IRAM1 (Exec base: 0x10000000, Load base: 0x000072e8, Size: 0x000004a0, Max: 0x00008000, ABSOLUTE, COMPRESSED[0x00000094])

    Exec Addr    Load Addr    Size         Type   Attr      Idx    E Section Name        Object

    0x10000000   COMPRESSED   0x00000004   Data   RW           15    .data               system_lpc17xx.o
    0x10000004   COMPRESSED   0x00000004   Data   RW          211    .data               lpc17xx_i2c.o
    0x10000008   COMPRESSED   0x00000005   Data   RW          239    .data               main.o
    0x1000000d   COMPRESSED   0x00000001   PAD
    0x1000000e   COMPRESSED   0x00000002   Data   RW          302    .data               ili_lcd_general.o
    0x10000010   COMPRESSED   0x000000e1   Data   RW          446    .data               display.o
    0x100000f1   COMPRESSED   0x00000003   PAD
    0x100000f4   COMPRESSED   0x000000c2   Data   RW          486    .data               musicien.o
    0x100001b6   COMPRESSED   0x00000002   PAD
    0x100001b8        -       0x00000030   Zero   RW          210    .bss                lpc17xx_i2c.o
    0x100001e8        -       0x0000001e   Zero   RW          237    .bss                main.o
    0x10000206   COMPRESSED   0x00000002   PAD
    0x10000208        -       0x00000018   Zero   RW          412    .bss                touch_panel.o
    0x10000220        -       0x0000001e   Zero   RW          444    .bss                display.o
    0x1000023e   COMPRESSED   0x00000002   PAD
    0x10000240        -       0x00000060   Zero   RW          627    .bss                c_w.l(libspace.o)
    0x100002a0        -       0x00000000   Zero   RW            2    HEAP                startup_lpc17xx.o
    0x100002a0        -       0x00000200   Zero   RW            1    STACK               startup_lpc17xx.o


==============================================================================

Image component sizes


      Code (inc. data)   RO Data    RW Data    ZI Data      Debug   Object Name

       238          0          0          0          0       1359   affichagelcd.o
      3106        150       5639        225         30       5944   display.o
         0          0       1520          0          0        418   english_16x8.o
      3102         32          0          2          0       8087   ili_lcd_general.o
       176          6          0          0          0       1237   lcd_api.o
       320         22          0          0          0       3171   lpc17xx_clkpwr.o
      1036         28          0          0          0      10499   lpc17xx_gpio.o
      2984        164          0          4         48      27699   lpc17xx_i2c.o
       256          4          0          0          0       4205   lpc17xx_pinsel.o
      1744         80          0          0          0      11708   lpc17xx_ssp.o
      1668         94          0          0          0       9323   lpc17xx_timer.o
       956         42         16          5         30      19290   main.o
       776          8          0          0          0       4135   memory.o
       508         46          0        194          0       2663   musicien.o
        64         26        204          0        512       1160   startup_lpc17xx.o
       640         32          0          4          0      22797   system_lpc17xx.o
       984         36          0          0         24       2730   touch_panel.o

    ----------------------------------------------------------------------
     18564        770       7411        440        648     136425   Object Totals
         0          0         32          0          0          0   (incl. Generated)
         6          0          0          6          4          0   (incl. Padding)

    ----------------------------------------------------------------------

      Code (inc. data)   RO Data    RW Data    ZI Data      Debug   Library Member Name

        90          0          0          0          0          0   __dczerorl2.o
         8          0          0          0          0         68   __main.o
       312          4         17          0          0         92   __printf_flags_wp.o
        14          0          0          0          0         68   __printf_wp.o
         0          0          0          0          0          0   __rtentry.o
        12          0          0          0          0          0   __rtentry2.o
         6          0          0          0          0          0   __rtentry4.o
        52          8          0          0          0          0   __scatter.o
        28          0          0          0          0          0   __scatter_zi.o
        48          6          0          0          0         96   _printf_char_common.o
         6          0          0          0          0          0   _printf_d.o
       120         16          0          0          0         92   _printf_dec.o
       178          0          0          0          0         88   _printf_intcommon.o
        78          0          0          0          0        108   _printf_pad.o
         0          0          0          0          0          0   _printf_percent.o
         4          0          0          0          0          0   _printf_percent_end.o
        10          0          0          0          0         68   _sputc.o
        18          0          0          0          0         80   exit.o
         6          0          0          0          0        152   heapauxi.o
         0          0          0          0          0          0   indicate_semi.o
         2          0          0          0          0          0   libinit.o
         2          0          0          0          0          0   libinit2.o
         2          0          0          0          0          0   libshutdown.o
         2          0          0          0          0          0   libshutdown2.o
         8          4          0          0         96         68   libspace.o
       238          0          0          0          0        100   lludivv7m.o
        40          6          0          0          0         84   noretval__2sprintf.o
         2          0          0          0          0          0   rtexit.o
        10          0          0          0          0          0   rtexit2.o
        12          4          0          0          0         68   sys_exit.o
        74          0          0          0          0         80   sys_stackheap_outer.o
         2          0          0          0          0         68   use_no_semi.o
       826         16          0          0          0        348   daddsub_clz.o
        24          0          0          0          0         68   dcmpi.o
        94          4          0          0          0         92   dfix.o
        90          4          0          0          0         92   dfixu.o
        38          0          0          0          0         68   dflt_clz.o
       120          4          0          0          0         92   dleqf.o
       340         12          0          0          0        104   dmul.o
       156          4          0          0          0         92   dnaninf.o
        12          0          0          0          0         68   dretinf.o
       108          0          0          0          0         80   drleqf.o
         0          0          0          0          0          0   usenofp.o
       220         16          0          0          0         84   floor.o

    ----------------------------------------------------------------------
      3424        108         17          0         96       2568   Library Totals
        12          0          0          0          0          0   (incl. Padding)

    ----------------------------------------------------------------------

      Code (inc. data)   RO Data    RW Data    ZI Data      Debug   Library Name

      1384         48         17          0         96       1380   c_w.l
      1808         44          0          0          0       1104   fz_ws.l
       220         16          0          0          0         84   m_ws.l

    ----------------------------------------------------------------------
      3424        108         17          0         96       2568   Library Totals

    ----------------------------------------------------------------------

==============================================================================


      Code (inc. data)   RO Data    RW Data    ZI Data      Debug   

     21988        878       7428        440        744     136389   Grand Totals
     21988        878       7428        148        744     136389   ELF Image Totals (compressed)
     21988        878       7428        148          0          0   ROM Totals

==============================================================================

    Total RO  Size (Code + RO Data)                29416 (  28.73kB)
    Total RW  Size (RW Data + ZI Data)              1184 (   1.16kB)
    Total ROM Size (Code + RO Data + RW Data)      29564 (  28.87kB)

==============================================================================

